0.005 60.8013 8.82413 211.949 77.948 28.5175 158.076 110.455 13.1765 17.6993 110.763 -4.17156 -14.7993 37.7287 -1.49043 80.4075 0.601475 -0.677719 -9.6845 1.40927 0.252772 -2.78064 0.878773 -1.79556 -5.00258 
0.055 45.758 -4.43164 172.52 -2.72437 32.0282 -194.132 -32.5021 13.7324 40.5247 67.5746 4.68002 72.1166 38.8323 -2.07448 29.3604 1.39025 0.05003 -7.44399 2.56691 -0.299974 -4.55184 3.2815 -2.70922 -6.50472 
0.105 29.5922 -0.628689 123.578 -2.79983 13.5508 -134.853 -18.0565 5.3431 55.5792 11.2056 -4.93667 158.748 34.6184 -2.51771 -17.4859 4.00494 0.649788 -3.35098 3.15661 0.248413 -4.06522 3.00378 -2.19299 -6.95358 
0.155 8.53513 4.64251 60.5332 4.86117 -12.9034 -25.2025 3.91076 -6.9478 35.8778 25.3997 5.1822 -96.5576 22.8645 -2.78812 -32.9253 6.48021 -0.683198 -0.683892 2.57619 -0.270393 -5.73221 2.51788 -1.89036 -7.82985 
0.205 -7.99018 -4.6371 -3.79461 26.4979 -30.3974 154.635 36.4429 -14.6291 -65.5094 -20.0736 -5.27654 -55.3782 8.78626 -2.88012 -25.7168 7.41481 0.000887118 -0.903542 2.54038 0.271109 -5.97127 2.01194 -1.67215 -8.76668 
0.255 -62.052 0.979764 -295.936 -63.5216 -28.2494 -9.70551 -74.7577 -12.3916 11.798 -64.9451 5.28599 -10.0709 -1.14122 -2.80158 -15.6004 6.97612 0.653856 -2.9775 2.73692 -0.284407 -5.5361 1.76473 -1.66739 -9.25152 
0.305 10.0139 2.81962 43.2845 9.62929 -6.49594 17.8099 -18.3106 -1.41003 -121.11 -71.4077 -5.44187 -12.0998 -4.87628 -2.57311 -12.4146 6.20185 -0.666925 -5.0987 2.87014 0.290401 -5.08606 1.65904 -1.78194 -9.46594 
0.355 19.8126 -4.92337 74.6974 13.419 19.7525 -40.3191 16.6227 9.29828 71.0246 -36.8713 5.45169 -135.413 -4.9992 -2.18154 -13.2962 5.37337 -0.0175825 -6.7262 2.74771 -0.295319 -5.07039 1.63406 -1.96875 -9.48719 
0.405 20.5269 4.13727 77.5158 23.0967 32.077 -30.9071 27.3249 14.5874 27.067 -5.21831 -5.5206 42.94 -4.00301 -1.6503 -14.7449 4.46209 0.667937 -8.02449 2.40772 0.29872 -5.37171 1.6783 -2.21804 -9.33162 
0.455 -5.81489 -0.540461 -59.2312 -9.19846 22.6162 -78.286 -26.7954 9.65311 -54.7125 100.2 5.46966 89.4246 -2.29812 -1.04383 -10.7365 3.48854 -0.646745 -9.17948 1.99431 -0.312755 -5.72529 1.82576 -2.52774 -8.99368 
0.505 0.169546 -2.89886 -23.2867 16.3059 -2.1614 63.4758 42.3928 -1.69117 28.3061 22.9852 -6.79967 -9.83993 -0.241176 -0.407268 -7.88371 2.5977 -0.0414428 -10.0606 1.57244 0.31329 -5.90395 2.09765 -2.89921 -8.44616 
0.555 5.09773 4.67051 27.9471 10.7455 -25.2024 42.3854 32.8707 -11.7921 22.839 -45.297 18.2025 -78.3206 0.116839 0.307274 -7.84854 1.8031 0.678321 -10.6784 1.38576 -0.335526 -5.1452 2.5142 -3.32934 -7.65917 
0.605 -11.5901 -3.73823 -10.6924 -7.09628 -30.9819 -22.8418 -15.7569 -13.8194 -39.3957 -43.8495 -20.7439 60.1991 -3.23225 0.986078 -20.7052 1.05039 -0.626564 -10.9849 1.66611 0.325792 -2.74906 3.07744 -3.78924 -6.65628 
0.655 -18.8139 0.348334 -27.0468 -7.70163 -16.0747 -21.8038 -13.6658 -6.40377 5.56752 -34.1796 23.2775 -8.41145 -5.99323 1.59049 -25.4776 -0.241143 -0.0635878 -11.6655 1.87286 -0.376722 1.40362 3.57853 -4.21583 -5.54479 
0.705 -1.65469 3.10698 20.4564 1.87914 9.49442 -1.50336 -6.15287 5.41073 -23.983 -4.68266 -25.4045 11.1001 -5.83312 2.09413 -17.699 -2.77653 0.681584 -13.8941 0.803647 0.360764 13.7042 3.19854 -4.31049 -4.90448 
0.755 0.991597 -4.64924 -26.3886 -16.7912 28.469 -25.5547 -24.8848 13.4606 14.6207 28.5666 27.2602 -8.63319 -1.85182 2.51772 -2.67883 -2.8072 -0.607858 -11.7924 -2.82927 -0.355331 28.325 2.57117 -4.26518 -4.19006 
0.805 6.08704 3.58242 30.6587 3.35061 28.3494 41.1608 3.51091 12.425 -3.06405 25.38 -28.6567 -23.5489 -0.341884 2.77771 -7.77066 -2.76984 -0.0782883 -12.5423 -2.84621 0.35214 6.13966 1.76518 -4.08988 -1.85043 
0.855 -5.8119 -0.128352 4.80728 -4.58531 9.27868 -7.10934 -5.87475 2.80735 10.7516 29.7449 29.7162 -34.1311 -1.738 2.84655 -16.3048 -2.4752 0.661916 -12.7333 4.71386 -0.364787 0.484062 1.54618 -4.73378 3.66735 
0.905 -11.0293 -3.24782 -20.5245 -5.64169 -15.7954 -10.8872 -3.55812 -8.68758 -14.556 25.4966 -30.4297 14.791 0.76903 2.7709 -12.0456 0.421966 -0.579582 -5.70588 4.79756 0.301562 -2.01297 1.37648 -6.73345 4.14342 
0.955 -4.66967 4.61225 -17.3443 -1.70791 -30.1284 -10.1753 4.85427 -14.2651 -0.576392 1.28289 30.7981 -6.85709 3.22642 2.51823 -7.6482 0.551915 -0.0946294 -1.44285 12.363 -0.315278 9.53162 1.58811 -8.24213 1.62941 
1.005 1.90163 -3.36814 -2.97812 -1.36946 -24.1968 -13.7871 2.02279 -10.1049 -10.7922 -10.6877 -30.9753 12.916 3.50955 2.16574 -0.223906 -1.00589 0.649854 0.946342 9.4834 0.303809 10.1506 3.9949 -6.59169 -7.46794 
1.055 1.42552 -0.0915903 -7.51051 0.971104 -2.22107 4.30787 7.35423 0.983362 3.07268 -14.2951 30.7393 -20.71 -3.62167 1.64657 -8.35369 -7.8782 -0.563187 -7.16338 1.16636 -0.21763 -6.85667 9.71288 -5.58425 -3.28609 
1.105 0.227887 3.42021 12.6806 -0.209766 21.0562 3.71842 5.77044 11.4222 -11.9856 -12.6519 -30.139 -13.4599 -10.2714 1.02103 -11.2092 -5.51941 -0.178916 12.5967 6.28554 0.241436 2.46673 6.8925 -5.5505 3.48477 
1.155 -7.6169 -4.55199 -20.4978 -15.4479 30.1119 -25.5068 -15.3902 14.062 -14.6841 -9.49079 29.1226 5.8658 -8.66791 0.378094 1.45338 -7.51067 0.8751 0.14489 2.81713 -0.228903 5.45727 -0.654251 -3.82136 -4.07197 
1.205 -9.71791 3.12708 -14.1294 -10.3208 19.0469 -14.3266 -13.4603 7.09173 -19.4131 4.39277 -27.8306 -4.78589 -5.91594 -0.191892 25.8849 -25.0677 -5.00246 -14.2914 -0.432295 0.26922 -9.29032 -7.28956 2.97755 -4.71484 
1.255 -10.8709 0.351332 -10.0897 -7.22432 -4.61414 -14.2806 -12.4466 -4.79124 -15.2174 24.8783 26.25 -4.89313 -10.0885 -0.973849 -17.7919 39.9391 2.09998 94.6542 7.22779 -0.313552 13.2299 -5.24047 6.55133 6.05424 
1.305 -8.15492 -3.53645 -10.0286 -5.89418 -24.9855 -4.08358 -1.72219 -13.4272 -0.33823 26.2584 -24.3964 -13.1905 4.70081 -1.49946 17.8133 8.21477 0.773465 -46.8852 -2.24109 0.345178 -13.187 -1.23287 6.85475 -2.41651 
1.355 0.0290427 4.45982 15.9757 3.82552 -28.5036 9.05153 11.0964 -12.8824 -9.20479 11.9887 22.1288 -20.6254 4.8939 -1.91053 20.5364 -2.2787 -2.79395 -20.5333 3.89585 -0.62125 26.4934 -1.51831 2.56099 -0.220198 
1.405 1.83495 -2.8889 -13.8695 3.56727 -12.9923 -7.06601 4.67907 -3.51389 0.858198 0.536269 -19.6981 -14.6527 -1.79744 -2.44134 -14.5966 11.0437 0.231224 63.1722 -0.428165 0.196223 -1.47061 3.3843 -1.50375 11.8287 
1.455 10.0266 -0.57813 -13.9244 7.69447 11.034 -11.7786 2.79803 8.29007 -7.0224 0.52872 17.0527 3.59277 12.2453 -2.58219 31.9982 -28.8708 3.53559 -35.2412 2.9683 -0.155018 15.461 -3.45247 3.76897 -3.79263 
1.505 15.2686 3.65867 -3.71516 11.856 27.4786 0.11181 10.5075 14.4641 8.29137 11.1681 -14.1399 -6.09579 11.5616 -2.75887 8.2398 -5.56119 -5.01752 78.3171 7.30895 -0.111533 -1.51185 -0.81802 4.2439 -2.44495 
1.555 12.2128 -4.3805 10.3233 15.4855 25.4847 12.345 16.8984 10.7862 1.80057 18.8848 11.2425 0.493853 3.88067 -2.7773 -7.75167 -1.84365 -3.26581 58.7251 4.65015 0.0770482 10.5107 3.94379 3.0865 2.8813 
1.605 3.61542 2.65399 -15.1945 3.57352 6.49762 -13.4718 3.40401 -0.326944 4.76552 11.9616 -8.10979 22.7572 1.84068 -3.5023 -16.5944 -1.1029 5.54709 8.20302 25.9229 -2.81034 100.989 5.90988 -0.407224 5.76402 
1.655 4.85337 0.775786 1.69196 4.01741 -16.6037 5.7371 9.10213 -11.2115 5.65625 10.4929 5.26998 52.7099 69.6002 -3.04507 68.3599 84.7999 -1.97896 0.769831 37.1366 -3.62838 118.732 4.30032 -4.15095 11.224 
1.705 4.24039 -3.76468 22.5027 6.14575 -28.4392 18.4314 14.1852 -14.4895 21.1524 -1.40364 -2.11049 -20.8994 -19.428 -3.14001 -3.21039 6.99492 -9.90188 -65.7035 37.413 4.20127 -87.57 3.47375 -0.413186 -1.24292 
1.755 1.77649 4.29383 23.6812 7.66023 -21.209 20.7824 9.85063 -7.86338 3.2552 0.64264 -1.14937 30.4645 -34.1888 -0.84609 5.42402 50.1102 4.80613 278.633 50.076 -4.04496 60.488 -0.289869 -6.4566 1.02132 
1.805 -5.12833 -2.42294 -8.49551 -3.2622 0.0386361 -3.10406 -0.0198995 4.12865 24.5982 12.5649 4.59008 18.8778 16.482 -1.12276 141.023 -6.48388 1.04883 -180.271 6.70228 7.95258 -74.1518 -2.98051 2.35746 -82.7279 
1.855 4.82708 -0.989535 46.1153 15.3301 21.1383 42.3665 26.7762 13.4212 5.67496 -7.09566 -7.60548 -21.804 7.19085 1.63049 -137.651 72.4137 -8.58116 194.132 -95.1342 -7.17798 65.4049 -2.94974 12.1586 57.4244 
1.905 -2.8005 3.83241 -12.9465 -3.79914 27.8553 -15.3514 -6.81681 13.4637 -3.10351 14.9769 10.7507 66.5033 3.64888 3.05044 20.1462 2.14092 6.71696 -90.2204 -69.5095 5.7956 -19.3002 -12.6775 0.769216 -22.3975 
1.955 1.83528 -4.18243 -13.7553 1.59766 15.9285 -3.27705 1.01581 4.39511 32.2796 7.34317 -13.5874 -24.0306 15.6132 2.76286 7.62005 -8.04452 -0.346662 -39.7903 14.9743 -5.16763 -20.7297 3.08726 -5.9115 -23.8935 
2.005 14.4019 2.16675 57.5281 22.2466 -6.49378 44.8757 18.6003 -7.68887 -5.0805 2.88434 16.3681 16.6688 -15.6406 3.83567 12.0065 -94.559 -8.90192 29.4895 -0.288859 4.77719 -67.8335 10.7753 3.91214 54.7181 
2.055 0.273398 1.17223 -15.7202 -2.89483 -24.4479 -3.81217 -6.34116 -14.6571 39.9866 -8.4797 -19.0208 -18.1253 -1.01657 5.03985 86.6711 -65.2967 7.7514 32.1402 -20.0703 -2.68168 74.3699 -1.8454 -0.8625 -13.8818 
2.105 9.61078 -3.88797 46.1499 11.7893 -25.7841 39.2551 13.5999 -11.52 -7.47521 -13.926 21.3213 8.31618 48.802 5.7563 -120.001 83.5578 6.00945 71.9991 9.74141 2.53765 0.283712 -3.26278 -8.03855 -0.241573 
2.155 -7.30223 4.05092 -14.7563 -9.52657 -10.0708 -9.69567 -7.8606 -0.641875 17.1596 -11.0628 -23.4283 -1.09898 32.5516 5.88521 83.0817 -19.0736 -18.9436 -2.06225 8.83822 -2.61053 -64.2997 -2.85886 -8.03753 7.07786 
2.205 -7.66837 -1.9146 5.53854 -3.39413 12.2728 -3.57957 -6.77309 10.7618 -16.7435 -1.78579 25.257 74.3019 -18.9854 4.47842 96.9118 -76.4441 -1.94818 29.9586 1.98635 1.40657 -0.816197 1.28491 -2.95214 -4.57979 
2.255 -4.53586 -1.34362 0.406941 -2.88363 26.174 4.71479 -1.36941 14.8643 28.6169 4.66566 -26.8108 -44.4086 52.5806 7.52674 67.7537 -40.6528 13.8453 -61.1836 7.70309 -1.63852 -39.9734 -6.22285 -2.75965 9.77494 
2.305 3.03368 3.91305 40.0911 6.06166 22.6688 27.5392 8.81204 8.8014 -6.65536 30.6606 27.8977 23.1194 -6.80993 3.49332 519.183 -124.168 -14.4079 185.71 -17.609 1.9716 24.5244 2.27737 -7.79924 -18.0006 
2.355 5721.71 -293.155 28617.4 6286.92 -555.043 2826.76 7596.95 -649.563 3728.14 1.1635e+06 -164995 3.25635e+06 3.72808e+07 -2.19101e+07 2.08383e+07 1.56245e+06 -204794 -3.49647e+06 -23.3323 -4.79502 -85.3715 1.72312 -2.26019 -13.4658 
