0.005 503162 
0.055 332934 
0.105 169262 
0.155 55737.9 
0.205 -122237 
0.255 -304448 
0.305 -278447 
0.355 -179864 
0.405 -131524 
0.455 -114258 
0.505 -88650.2 
0.555 -94134.3 
0.605 -130452 
0.655 -113348 
0.705 -59607.1 
0.755 -49328.8 
0.805 -63250.7 
0.855 -84248.2 
0.905 -101493 
0.955 -95204.2 
1.005 -86877 
1.055 -89431.7 
1.105 -100955 
1.155 -114532 
1.205 -103751 
1.255 -74447.1 
1.305 -61731.4 
1.355 -63312.3 
1.405 -67078.4 
1.455 -53356.6 
1.505 -34478.3 
1.555 -26234.6 
1.605 -35819 
1.655 -45406.1 
1.705 -69157.1 
1.755 -91874.3 
1.805 -111406 
1.855 -135563 
1.905 -164972 
1.955 -190720 
2.005 -192540 
2.055 -215947 
2.105 -211923 
2.155 -201685 
2.205 -184904 
2.255 -181841 
2.305 -150011 
2.355 5.16538e+07 
