0.005 385.059
0.055 396.437
0.105 355.052
0.155 322.749
0.205 370.329
0.255 414.331
0.305 353.49
0.355 313.487
0.405 378.882
0.455 407.019
0.505 351.887
0.555 327.462
0.605 364.628
0.655 399.952
0.705 371.259
0.755 320.259
0.805 353.791
0.855 411.536
0.905 369.851
0.955 318.434
1.005 360.538
1.055 403.184
1.105 372.406
1.155 331.402
1.205 347.619
1.255 397.049
1.305 386.128
1.355 326.034
1.405 339.919
1.455 402.354
1.505 383.411
1.555 329.772
1.605 348.016
1.655 397.797
1.705 390.376
1.755 342.858
1.805 339.303
1.855 392.503
1.905 401.743
1.955 341.174
2.005 334.169
2.055 393.246
2.105 395.833
2.155 345.469
2.205 337.371
2.255 382.831
2.305 397.969
2.355 351.667
2.405 328.839
2.455 377.909
2.505 404.163
2.555 349.847
2.605 323.162
2.655 370.905
2.705 396.19
2.755 361.704
2.805 337.995
2.855 368.799
2.905 398.399
2.955 365.804
3.005 330.117
3.055 372.23
3.105 425.824
3.155 403.88
3.205 375.176
3.255 409.789
3.305 449.327
3.355 440.918
3.405 420.049
3.455 436.679
3.505 452.12
3.555 424.215
3.605 389.341
3.655 400.22
3.705 417.149
3.755 396.388
3.805 371.219
3.855 387.586
3.905 410.857
3.955 401.48
4.005 378.656
4.055 411.763
4.105 460.146
4.155 431.784
4.205 381.799
4.255 421.836
4.305 489.24
4.355 484.064
4.405 439.121
4.455 437.366
4.505 478.242
4.555 485.356
4.605 446.812
4.655 435.543
4.705 471.489
4.755 480.292
4.805 452.484
4.855 452.007
4.905 493.142
4.955 505.292
5.005 463.435
5.055 433.365
5.105 460.478
5.155 487.254
5.205 462.835
5.255 447.935
5.305 477.715
5.355 491.345
5.405 441.288
5.455 406.618
5.505 443.879
5.555 483.276
5.605 462.116
5.655 431.135
5.705 450.168
5.755 479.498
5.805 467.03
5.855 446.671
5.905 463.762
5.955 484.461
6.005 462.663
6.055 437.224
6.105 456.875
6.155 490.723
6.205 481.226
6.255 441.713
6.305 440.926
6.355 477.187
6.405 485.828
6.455 461.151
6.505 456.394
6.555 474.779
6.605 472.236
6.655 445.152
6.705 442.118
6.755 473.035
6.805 471.874
6.855 436.078
6.905 434.421
6.955 476.288
7.005 491.082
7.055 460.795
7.105 449.189
7.155 476.793
7.205 490.919
7.255 466.963
7.305 453.571
7.355 470.048
7.405 477.131
7.455 447.754
7.505 430.167
7.555 455.782
7.605 477.631
7.655 459.105
7.705 439.034
7.755 457.485
7.805 483.388
7.855 469.761
7.905 446.544
7.955 461.695
8.005 485.006
8.055 467.845
8.105 436.642
8.155 448.211
8.205 475.29
8.255 463.188
8.305 434.116
8.355 442.508
8.405 472.199
8.455 473.159
8.505 450.87
8.555 452.667
8.605 476.202
8.655 475.77
8.705 454.225
8.755 458.91
8.805 480.625
8.855 476.967
8.905 451.252
8.955 447.94
9.005 471.259
9.055 476.191
9.105 454.365
9.155 449.155
9.205 473.327
9.255 478.626
9.305 454.579
9.355 447.949
9.405 470.855
9.455 478.461
9.505 457.261
9.555 447.583
9.605 464.955
9.655 470.105
9.705 447.285
9.755 436.006
9.805 456.612
9.855 473.06
9.905 457.298
9.955 441.823
10.005 455.755
10.055 472.797
10.105 462.057
10.155 447.339
10.205 460.954
10.255 480.205
10.305 472.522
10.355 452.37
10.405 459.18
10.455 480.331
10.505 473.868
10.555 451.944
10.605 455.679
10.655 472.849
10.705 468.703
10.755 454.131
10.805 459.858
10.855 477.56
10.905 473.335
10.955 452.594
11.005 453.967
11.055 474.606
11.105 470.973
11.155 443.106
11.205 437.081
11.255 457.806
11.305 465.485
11.355 448.243
11.405 441.572
11.455 458.847
11.505 467.46
11.555 453.51
11.605 450.516
11.655 472.501
11.705 483.2
11.755 467.27
11.805 458.246
11.855 473.521
11.905 482.228
11.955 467.741
12.005 457.543
12.055 469.518
12.105 479.158
12.155 465.72
12.205 451.866
12.255 462.929
12.305 475.742
12.355 463.734
12.405 448.544
12.455 457.408
12.505 471.762
12.555 462.606
12.605 446.952
12.655 453.894
12.705 467.951
12.755 460.144
12.805 443.735
12.855 449.836
12.905 467.917
12.955 464.43
13.005 448.515
13.055 455.246
13.105 475.596
13.155 476.67
13.205 463.556
13.255 464.247
13.305 477.315
13.355 476.409
13.405 459.52
13.455 456.112
13.505 470.956
13.555 472.626
13.605 456.551
13.655 451.947
13.705 467.062
13.755 470.051
13.805 453.695
13.855 450.138
13.905 469.151
13.955 475.83
14.005 458.274
14.055 450.008
14.105 464.836
14.155 471.191
14.205 453.776
14.255 445.898
14.305 461.014
14.355 471.1
14.405 462.143
14.455 454.142
14.505 465.927
14.555 478.581
14.605 470.307
14.655 457.915
14.705 466.421
14.755 479.972
14.805 472.036
14.855 455.386
14.905 460.074
14.955 473.574
15.005 465.989
15.055 450.938
15.105 455.651
15.155 468.958
15.205 464.723
15.255 450.675
15.305 454.827
15.355 470.624
15.405 469.415
15.455 456.733
15.505 457.793
15.555 467.846
15.605 466.445
15.655 454.74
15.705 453.913
15.755 466.378
15.805 469.257
15.855 459.193
15.905 459.527
15.955 471.567
16.005 473.136
16.055 461.065
16.105 459.573
16.155 474.828
16.205 479.156
16.255 464.969
16.305 459.101
16.355 468.959
16.405 470.677
16.455 456.756
16.505 450.758
16.555 463.616
16.605 471.078
16.655 458.454
16.705 449.423
16.755 460.659
16.805 471.936
16.855 466.051
16.905 456.96
16.955 461.649
17.005 469.509
17.055 463.729
17.105 453.954
17.155 459.074
17.205 469.294
17.255 464.699
17.305 454.693
17.355 461.815
17.405 474.757
17.455 471.428
17.505 460.766
17.555 463.636
17.605 475.599
17.655 474.934
17.705 464.383
17.755 464.329
17.805 471.336
17.855 465.512
17.905 453.451
17.955 455.114
18.005 467.504
18.055 468.359
18.105 455.927
18.155 452.763
18.205 463
18.255 467.964
18.305 461.158
18.355 460.718
18.405 470.947
18.455 472.369
18.505 458.679
18.555 453.311
18.605 465.813
18.655 471.644
18.705 461.098
18.755 454.23
18.805 465.099
18.855 474.68
18.905 468.145
18.955 459.922
19.005 466.534
19.055 474.353
19.105 468.408
19.155 460.393
19.205 463.953
19.255 470.148
19.305 463.424
19.355 453.539
19.405 457.723
19.455 468.617
19.505 466.766
19.555 458.06
19.605 459.818
19.655 467.529
19.705 464.792
19.755 457.808
19.805 463.412
19.855 472.492
19.905 467.602
19.955 455.422
20.005 456.002
20.055 465.894
20.105 467.496
20.155 459.788
20.205 459.422
20.255 468.597
20.305 470.768
20.355 463.559
20.405 462.395
20.455 469.966
20.505 470.028
20.555 460.913
20.605 459.081
20.655 469.431
20.705 472.467
20.755 461.36
20.805 455.947
20.855 464.729
20.905 470.038
20.955 463.54
21.005 459.701
21.055 466.565
21.105 470.902
21.155 462.581
21.205 456.65
21.255 463.697
21.305 470.256
21.355 464.239
21.405 455.871
21.455 458.87
21.505 466.133
21.555 463.702
21.605 457.208
21.655 460.347
21.705 466.673
21.755 464.236
21.805 459.211
21.855 463.691
21.905 471.528
21.955 468.258
22.005 459.81
22.055 462.811
22.105 472.255
22.155 471.312
22.205 463.419
22.255 462.287
22.305 467.264
22.355 466.046
22.405 459.295
22.455 460.736
22.505 469.45
22.555 469.266
22.605 460.209
22.655 457.484
22.705 464.433
22.755 468.078
22.805 462.033
22.855 458.632
22.905 463.338
22.955 464.803
23.005 458.622
23.055 456.73
23.105 463.707
23.155 467.476
23.205 461.635
23.255 458.616
23.305 466.041
23.355 471.063
23.405 465.117
23.455 459.022
23.505 463.095
23.555 468.485
23.605 464.633
23.655 459.136
23.705 462.541
23.755 467.437
23.805 463.269
23.855 457.484
23.905 461.897
23.955 470.131
24.005 468.972
24.055 461.936
24.105 461.331
24.155 465.985
24.205 465.046
24.255 459.417
24.305 460.02
24.355 464.974
24.405 463.33
24.455 457.646
24.505 459.757
24.555 468.094
24.605 468.914
24.655 461.79
24.705 460.476
24.755 467.15
24.805 468.537
24.855 462.304
24.905 460.218
24.955 465.284
25.005 466.089
25.055 460.266
25.105 458.95
25.155 465.472
25.205 468.432
25.255 462.408
25.305 458.689
25.355 463.796
25.405 467.828
25.455 463.127
25.505 458.619
25.555 461.743
25.605 464.502
25.655 460.072
25.705 456.962
25.755 462.282
25.805 466.848
25.855 462.428
25.905 457.816
25.955 462.559
26.005 468.329
26.055 465.039
26.105 459.434
26.155 461.729
26.205 466.789
26.255 464.965
26.305 460.542
26.355 462.884
26.405 467.621
26.455 465.139
26.505 459.598
26.555 461.547
26.605 467.906
26.655 467.325
26.705 461.243
26.755 460.667
26.805 464.928
26.855 464.122
26.905 458.855
26.955 458.704
27.005 463.846
27.055 463.83
27.105 458.1
27.155 457.242
27.205 462.418
27.255 463.441
27.305 458.271
27.355 457.021
27.405 463.248
27.455 466.799
27.505 463.068
27.555 460.768
27.605 464.902
27.655 467.689
27.705 464.096
27.755 461.863
27.805 465.609
27.855 467.332
27.905 462.289
27.955 458.87
28.005 462.604
28.055 466.346
28.105 463.517
28.155 460.04
28.205 462.464
28.255 465.426
28.305 462.19
28.355 458.102
28.405 460.64
28.455 464.263
28.505 460.89
28.555 455.517
28.605 456.974
28.655 461.398
28.705 459.839
28.755 455.852
28.805 458.444
28.855 464.589
28.905 465.033
28.955 461.733
29.005 462.855
29.055 466.932
29.105 466.155
29.155 462.077
29.205 462.179
29.255 465.427
29.305 464.286
29.355 459.376
29.405 459.175
29.455 464.361
29.505 465.827
29.555 461.787
29.605 460.53
29.655 464.129
29.705 464.827
29.755 460.169
29.805 457.954
29.855 461.425
29.905 462.851
29.955 458.841
30.005 456.453
30.055 459.666
30.105 462.207
30.155 459.818
30.205 458.053
30.255 461.295
30.305 464.316
30.355 462.444
30.405 460.256
30.455 462.449
30.505 465.181
30.555 463.05
30.605 460.044
30.655 461.965
30.705 464.889
30.755 462.991
30.805 459.989
30.855 461.634
30.905 464.724
30.955 462.78
31.005 458.462
31.055 458.802
31.105 461.87
31.155 461.047
31.205 457.872
31.255 458.506
31.305 461.702
31.355 461.409
31.405 458.133
31.455 458.18
31.505 461.785
31.555 462.182
31.605 458.695
31.655 458.159
31.705 461.794
31.755 463.048
31.805 460.269
31.855 459.771
31.905 463.521
31.955 465.215
32.005 462.539
32.055 461.258
32.105 463.729
32.155 464.719
32.205 461.179
32.255 458.376
32.305 460.221
32.355 462.012
32.405 459.243
32.455 456.938
32.505 459.549
32.555 462.475
32.605 460.862
32.655 458.632
32.705 460.479
32.755 462.655
32.805 460.383
32.855 457.481
32.905 459.102
32.955 461.797
33.005 460.499
33.055 457.944
33.105 459.139
33.155 462.062
33.205 461.871
33.255 460.003
33.305 461.241
33.355 464.267
33.405 463.767
33.455 460.705
33.505 460.734
33.555 463.179
33.605 462.463
33.655 458.938
33.705 458.486
33.755 461.448
33.805 461.977
33.855 459.06
33.905 458.079
33.955 460.561
34.005 461.347
34.055 458.734
34.105 457.602
34.155 459.731
34.205 460.484
34.255 458.059
34.305 456.886
34.355 459.179
34.405 460.642
34.455 458.585
34.505 457.408
34.555 460.099
34.605 462.103
34.655 460.196
34.705 458.698
34.755 461.307
34.805 463.319
34.855 460.745
34.905 458.375
34.955 460.898
35.005 463.778
35.055 461.853
35.105 458.869
35.155 460.083
35.205 462.703
35.255 461.25
35.305 458.094
35.355 458.55
35.405 460.935
35.455 460.335
35.505 457.834
35.555 458.093
35.605 460.289
35.655 459.924
35.705 457.861
35.755 458.525
35.805 460.781
35.855 460.024
35.905 457.728
35.955 458.297
36.005 460.594
36.055 460.117
36.105 457.644
36.155 457.929
36.205 460.63
36.255 460.839
36.305 458.545
36.355 458.465
36.405 461.039
36.455 461.497
36.505 458.685
36.555 457.35
36.605 459.342
36.655 460.37
36.705 458.36
36.755 457.304
36.805 459.445
36.855 461.169
36.905 459.734
36.955 458.58
37.005 460.282
37.055 461.532
37.105 459.866
37.155 458.305
37.205 459.382
37.255 460.287
37.305 458.397
37.355 456.604
37.405 458.213
37.455 460.475
37.505 459.739
37.555 458.097
37.605 459.315
37.655 461.391
37.705 460.316
37.755 457.766
37.805 458.023
37.855 459.883
37.905 459.304
37.955 457.083
38.005 457.199
38.055 459.242
38.105 459.319
38.155 457.706
38.205 457.882
38.255 459.858
38.305 460.232
38.355 458.799
38.405 458.571
38.455 459.835
38.505 459.533
38.555 457.501
38.605 457.132
38.655 458.796
38.705 459.015
38.755 457.387
38.805 457.479
38.855 459.802
38.905 460.574
38.955 458.693
39.005 457.814
39.055 459.388
39.105 460.116
39.155 458.334
39.205 457.207
39.255 458.707
39.305 459.93
39.355 458.522
39.405 457.063
39.455 458.175
39.505 459.643
39.555 458.782
39.605 457.525
39.655 458.481
39.705 459.797
39.755 458.745
39.805 457.114
39.855 457.695
39.905 458.983
