489 1 5 8 4 2 6 7 3
490 9 11 12 10 1 5 8 4
491 13 15 16 14 9 11 12 10
492 17 19 20 18 13 15 16 14
493 21 23 24 22 33 61 75 47
494 33 61 75 47 34 62 76 48
495 34 62 76 48 35 63 77 49
496 35 63 77 49 36 64 78 50
497 36 64 78 50 37 65 79 51
498 37 65 79 51 38 66 80 52
499 38 66 80 52 39 67 81 53
500 39 67 81 53 40 68 82 54
501 40 68 82 54 41 69 83 55
502 41 69 83 55 42 70 84 56
503 42 70 84 56 43 71 85 57
504 43 71 85 57 44 72 86 58
505 44 72 86 58 45 73 87 59
506 45 73 87 59 46 74 88 60
507 46 74 88 60 17 19 20 18
508 25 27 28 26 89 117 131 103
509 89 117 131 103 90 118 132 104
510 90 118 132 104 91 119 133 105
511 91 119 133 105 92 120 134 106
512 92 120 134 106 93 121 135 107
513 93 121 135 107 94 122 136 108
514 94 122 136 108 95 123 137 109
515 95 123 137 109 96 124 138 110
516 96 124 138 110 97 125 139 111
517 97 125 139 111 98 126 140 112
518 98 126 140 112 99 127 141 113
519 99 127 141 113 100 128 142 114
520 100 128 142 114 101 129 143 115
521 101 129 143 115 102 130 144 116
522 102 130 144 116 21 23 24 22
523 29 31 32 30 145 179 196 162
524 145 179 196 162 146 180 197 163
525 146 180 197 163 147 181 198 164
526 147 181 198 164 148 182 199 165
527 148 182 199 165 149 183 200 166
528 149 183 200 166 150 184 201 167
529 150 184 201 167 151 185 202 168
530 151 185 202 168 152 186 203 169
531 152 186 203 169 153 187 204 170
532 153 187 204 170 154 188 205 171
533 154 188 205 171 155 189 206 172
534 155 189 206 172 156 190 207 173
535 156 190 207 173 157 191 208 174
536 157 191 208 174 158 192 209 175
537 158 192 209 175 159 193 210 176
538 159 193 210 176 160 194 211 177
539 160 194 211 177 161 195 212 178
540 161 195 212 178 25 27 28 26
