1 0.0 0.0 -1.0
2 0.0 0.0 0.0
3 0.0 10.0 0.0
4 0.0 10.0 -1.0
5 10.0 0.0 -1.0
6 10.0 0.0 0.0
7 10.0 10.0 0.0
8 10.0 10.0 -1.0
9 0.0 0.0 -2.0
10 0.0 10.0 -2.0
11 10.0 0.0 -2.0
12 10.0 10.0 -2.0
13 0.0 0.0 -3.0
14 0.0 10.0 -3.0
15 10.0 0.0 -3.0
16 10.0 10.0 -3.0
17 0.0 0.0 -4.0
18 0.0 10.0 -4.0
19 10.0 0.0 -4.0
20 10.0 10.0 -4.0
21 0.0 0.0 -34.0
22 0.0 10.0 -34.0
23 10.0 0.0 -34.0
24 10.0 10.0 -34.0
25 0.0 0.0 -64.0
26 0.0 10.0 -64.0
27 10.0 0.0 -64.0
28 10.0 10.0 -64.0
29 0.0 0.0 -100.0
30 0.0 10.0 -100.0
31 10.0 0.0 -100.0
32 10.0 10.0 -100.0
33 0.0 0.0 -32.0
34 0.0 0.0 -30.0
35 0.0 0.0 -28.0
36 0.0 0.0 -26.0
37 0.0 0.0 -24.0
38 0.0 0.0 -22.0
39 0.0 0.0 -20.0
40 0.0 0.0 -18.0
41 0.0 0.0 -16.0
42 0.0 0.0 -14.0
43 0.0 0.0 -12.0
44 0.0 0.0 -10.0
45 0.0 0.0 -8.0
46 0.0 0.0 -6.0
47 0.0 10.0 -32.0
48 0.0 10.0 -30.0
49 0.0 10.0 -28.0
50 0.0 10.0 -26.0
51 0.0 10.0 -24.0
52 0.0 10.0 -22.0
53 0.0 10.0 -20.0
54 0.0 10.0 -18.0
55 0.0 10.0 -16.0
56 0.0 10.0 -14.0
57 0.0 10.0 -12.0
58 0.0 10.0 -10.0
59 0.0 10.0 -8.0
60 0.0 10.0 -6.0
61 10.0 0.0 -32.0
62 10.0 0.0 -30.0
63 10.0 0.0 -28.0
64 10.0 0.0 -26.0
65 10.0 0.0 -24.0
66 10.0 0.0 -22.0
67 10.0 0.0 -20.0
68 10.0 0.0 -18.0
69 10.0 0.0 -16.0
70 10.0 0.0 -14.0
71 10.0 0.0 -12.0
72 10.0 0.0 -10.0
73 10.0 0.0 -8.0
74 10.0 0.0 -6.0
75 10.0 10.0 -32.0
76 10.0 10.0 -30.0
77 10.0 10.0 -28.0
78 10.0 10.0 -26.0
79 10.0 10.0 -24.0
80 10.0 10.0 -22.0
81 10.0 10.0 -20.0
82 10.0 10.0 -18.0
83 10.0 10.0 -16.0
84 10.0 10.0 -14.0
85 10.0 10.0 -12.0
86 10.0 10.0 -10.0
87 10.0 10.0 -8.0
88 10.0 10.0 -6.0
89 0.0 0.0 -62.0
90 0.0 0.0 -60.0
91 0.0 0.0 -58.0
92 0.0 0.0 -56.0
93 0.0 0.0 -54.0
94 0.0 0.0 -52.0
95 0.0 0.0 -50.0
96 0.0 0.0 -48.0
97 0.0 0.0 -46.0
98 0.0 0.0 -44.0
99 0.0 0.0 -42.0
100 0.0 0.0 -40.0
101 0.0 0.0 -38.0
102 0.0 0.0 -36.0
103 0.0 10.0 -62.0
104 0.0 10.0 -60.0
105 0.0 10.0 -58.0
106 0.0 10.0 -56.0
107 0.0 10.0 -54.0
108 0.0 10.0 -52.0
109 0.0 10.0 -50.0
110 0.0 10.0 -48.0
111 0.0 10.0 -46.0
112 0.0 10.0 -44.0
113 0.0 10.0 -42.0
114 0.0 10.0 -40.0
115 0.0 10.0 -38.0
116 0.0 10.0 -36.0
117 10.0 0.0 -62.0
118 10.0 0.0 -60.0
119 10.0 0.0 -58.0
120 10.0 0.0 -56.0
121 10.0 0.0 -54.0
122 10.0 0.0 -52.0
123 10.0 0.0 -50.0
124 10.0 0.0 -48.0
125 10.0 0.0 -46.0
126 10.0 0.0 -44.0
127 10.0 0.0 -42.0
128 10.0 0.0 -40.0
129 10.0 0.0 -38.0
130 10.0 0.0 -36.0
131 10.0 10.0 -62.0
132 10.0 10.0 -60.0
133 10.0 10.0 -58.0
134 10.0 10.0 -56.0
135 10.0 10.0 -54.0
136 10.0 10.0 -52.0
137 10.0 10.0 -50.0
138 10.0 10.0 -48.0
139 10.0 10.0 -46.0
140 10.0 10.0 -44.0
141 10.0 10.0 -42.0
142 10.0 10.0 -40.0
143 10.0 10.0 -38.0
144 10.0 10.0 -36.0
145 0.0 0.0 -98.0
146 0.0 0.0 -96.0
147 0.0 0.0 -94.0
148 0.0 0.0 -92.0
149 0.0 0.0 -90.0
150 0.0 0.0 -88.0
151 0.0 0.0 -86.0
152 0.0 0.0 -84.0
153 0.0 0.0 -82.0
154 0.0 0.0 -80.0
155 0.0 0.0 -78.0
156 0.0 0.0 -76.0
157 0.0 0.0 -74.0
158 0.0 0.0 -72.0
159 0.0 0.0 -70.0
160 0.0 0.0 -68.0
161 0.0 0.0 -66.0
162 0.0 10.0 -98.0
163 0.0 10.0 -96.0
164 0.0 10.0 -94.0
165 0.0 10.0 -92.0
166 0.0 10.0 -90.0
167 0.0 10.0 -88.0
168 0.0 10.0 -86.0
169 0.0 10.0 -84.0
170 0.0 10.0 -82.0
171 0.0 10.0 -80.0
172 0.0 10.0 -78.0
173 0.0 10.0 -76.0
174 0.0 10.0 -74.0
175 0.0 10.0 -72.0
176 0.0 10.0 -70.0
177 0.0 10.0 -68.0
178 0.0 10.0 -66.0
179 10.0 0.0 -98.0
180 10.0 0.0 -96.0
181 10.0 0.0 -94.0
182 10.0 0.0 -92.0
183 10.0 0.0 -90.0
184 10.0 0.0 -88.0
185 10.0 0.0 -86.0
186 10.0 0.0 -84.0
187 10.0 0.0 -82.0
188 10.0 0.0 -80.0
189 10.0 0.0 -78.0
190 10.0 0.0 -76.0
191 10.0 0.0 -74.0
192 10.0 0.0 -72.0
193 10.0 0.0 -70.0
194 10.0 0.0 -68.0
195 10.0 0.0 -66.0
196 10.0 10.0 -98.0
197 10.0 10.0 -96.0
198 10.0 10.0 -94.0
199 10.0 10.0 -92.0
200 10.0 10.0 -90.0
201 10.0 10.0 -88.0
202 10.0 10.0 -86.0
203 10.0 10.0 -84.0
204 10.0 10.0 -82.0
205 10.0 10.0 -80.0
206 10.0 10.0 -78.0
207 10.0 10.0 -76.0
208 10.0 10.0 -74.0
209 10.0 10.0 -72.0
210 10.0 10.0 -70.0
211 10.0 10.0 -68.0
212 10.0 10.0 -66.0
