0.005 0.0462205 -0.0516267 -9.58915 0.124361 -0.16415 -9.65474 0.160028 -0.210849 -9.75587 0.171609 -0.22634 -9.75599
0.055 -0.0512042 0.111804 -9.79973 -0.145715 0.222059 -9.09997 -0.0609792 0.0126159 -9.73157 -0.0144804 -0.0631629 -9.72628
0.105 -0.00713115 0.000526192 -9.77775 0.166539 -0.206255 -9.88044 -0.168941 0.259041 -9.70699 -0.15202 0.169257 -9.665
0.155 0.0504768 -0.135248 -9.5464 -0.114856 0.117536 -9.66979 -0.066727 0.262946 -9.68149 -0.147627 0.333625 -9.51879
0.205 -0.0285228 0.0160953 -10.3521 0.0608537 0.0141555 -9.41622 0.0786895 -0.0399747 -9.65398 -0.0507587 0.277974 -9.2019
0.255 -0.0657969 0.0910544 -9.78103 0.0199659 -0.151636 -9.79058 0.113866 -0.331428 -9.62225 0.0348198 2.90183e-05 -8.57128
0.305 0.0333784 -0.0850858 -9.52931 -0.0730598 0.250394 -9.76653 0.0707103 -0.247707 -9.58197 0.0918116 -0.299178 -7.33517
0.355 0.0448383 -0.0822141 -9.96267 0.118929 -0.277254 -9.51791 -0.00559817 0.126832 -9.52468 0.134632 -0.382936 -4.76121
0.405 -0.0455277 0.108266 -9.347 -0.0968373 0.222593 -9.63386 -0.103879 0.341877 -9.43417 0.184114 -0.286635 4.56629
0.455 -0.00472457 0.0493282 -9.63608 0.061967 -0.102749 -9.73382 -0.120585 0.16432 -9.27969 0.579511 -0.916621 11.363
0.505 0.0741654 -0.103333 -9.65351 -0.00224517 -0.0509253 -9.30652 0.0128345 -0.161787 -9.0036 -1.05858 1.86587 110.739
0.555 0.00361999 0.0232731 -9.28235 -0.0604242 0.192529 -9.53076 0.167156 -0.282429 -8.50642 -1.45228 2.54514 80.6147
0.605 -0.0273866 0.131184 -9.33415 0.0994254 -0.278189 -9.59512 0.152632 -0.131748 -7.61769 -1.4017 2.48191 32.6503
0.655 0.0201876 -0.0398939 -9.22678 -0.100235 0.286997 -9.14772 -0.0961595 0.108972 -6.02108 -1.20747 2.30511 7.4403
0.705 0.0609552 -0.093928 -9.267 0.0608314 -0.217105 -9.38498 -0.180904 0.239887 -3.05021 -0.415047 1.07903 -6.34265
0.755 -0.0500279 0.0819131 -8.95353 0.00964674 0.0869077 -9.15855 -0.0506671 0.141881 2.92541 0.491097 -0.768138 -7.20519
0.805 -0.0408613 0.0526205 -8.77969 -0.0740328 0.0595022 -8.70212 0.321115 -0.427092 38.5334 0.941214 -1.9313 0.316135
0.855 0.0982383 -0.126004 -8.16804 0.179683 -0.18247 -8.45874 0.224978 -0.407296 -52.1839 0.903801 -1.87054 2.03928
0.905 -0.00416104 -0.0385275 -6.98283 -0.130406 0.241154 -7.53012 -0.526982 0.683648 150.432 0.344132 -0.752713 -0.483647
0.955 -0.0764139 0.103265 -5.68997 0.109909 -0.230127 -6.01394 0.168644 -0.305023 9.62315 -0.50863 1.04027 6.37384
1.005 -0.0362161 -0.0331717 -2.66277 -0.0917541 0.135095 -3.60421 -0.406999 0.941339 -108.375 -1.0605 2.02446 13.4698
1.055 0.0424021 -0.112546 1.9551 -0.028365 -0.0237841 0.425 0.249952 -0.155808 -82.2946 -0.841288 1.57263 9.44974
1.105 0.102333 0.0679375 9.27142 0.239587 -0.122292 7.09768 0.764274 -1.39668 -11.2503 0.226816 -0.09963 1.99242
1.155 -0.074084 0.0937526 21.3135 -0.191057 0.175399 17.4994 0.20732 -0.864634 37.2489 0.907501 -1.66961 -4.57409
1.205 0.134082 -0.0817049 38.1319 0.291446 -0.302197 34.1516 -0.126783 0.452425 41.3938 1.54866 -2.62594 -4.30566
1.255 0.0650794 -0.0383179 56.2622 -0.589803 0.954933 152.769 -0.425838 1.1309 20.9578 0.976447 -1.91816 13.8967
1.305 -0.170661 0.218616 160.669 -0.0761531 0.0233986 -10.3527 -0.559258 0.796217 2.81097 -0.375412 0.201727 19.1491
1.355 -0.0341813 -0.152266 -121.103 0.0561722 -0.382217 102.189 -0.271014 -0.100642 4.14736 -1.35847 2.02009 6.31246
1.405 -0.197819 -0.0089116 118.898 -0.360777 0.386683 22.8733 0.165304 -0.612302 12.4109 -1.41896 2.41685 -15.1675
1.455 0.179497 0.0255211 18.9299 0.126388 0.113072 -34.9808 0.554259 -0.401545 28.8728 -0.321826 1.37138 -22.9304
1.505 0.244148 0.0425147 -51.4478 0.554011 -0.533013 56.9086 0.137772 0.154442 34.6146 0.595378 -0.448869 -10.8296
1.555 -0.239123 -0.0127643 78.6046 -0.576494 0.72615 5.59233 -0.717156 0.629038 21.9822 0.917729 -2.13768 -11.9743
1.605 0.214071 -0.174955 -50.0705 0.481545 -0.700867 -59.0976 -0.114112 0.577219 23.9716 1.39605 -2.51786 0.444019
1.655 -0.0778741 0.138009 23.2321 -0.166994 0.426972 80.9119 0.314467 -0.208711 16.0215 0.797605 -1.35454 14.5018
1.705 -0.170595 0.00699129 -7.40651 -0.132861 -0.113128 -34.4026 0.218889 -0.803471 9.64722 -0.277977 0.363936 16.3308
1.755 0.397241 -0.110355 19.8441 0.459163 -0.195884 -22.0577 0.353007 -0.4618 14.6985 -0.469973 1.6671 14.0472
1.805 -0.150867 0.0492163 12.286 -0.397411 0.511882 65.6373 -0.377793 0.382701 12.2624 -1.31861 1.78412 16.9052
1.855 -0.0689356 0.0591992 -39.7335 0.295769 -0.71533 -38.6602 -0.236791 0.707809 0.59099 -0.244862 0.572414 21.7923
1.905 -0.48652 0.0251755 66.5062 -0.846954 0.680148 14.4164 -0.68001 0.463985 20.492 0.0575735 -0.961022 20.2481
1.955 0.368313 -0.121684 -48.3201 0.513955 -0.424801 19.017 0.46456 -0.631665 -11.0253 1.67401 -1.75386 10.532
2.005 -0.298983 0.114927 17.0297 -0.282305 0.0152422 -9.89321 0.0417093 -0.682381 13.8632 0.282594 -1.46074 -2.17753
2.055 0.263904 0.104875 41.1495 0.0955246 0.4322 0.927167 0.506349 -0.124467 -4.24886 0.316178 -0.238027 -10.7337
2.105 -0.0131201 -0.178688 -61.9307 0.250009 -0.72648 4.38279 -0.307248 0.543794 3.24478 -1.01615 1.28075 -14.2165
2.155 0.28074 0.0317182 48.3494 -0.0628746 0.75754 13.2945 -0.0271905 0.565861 0.751509 -0.700057 1.90881 -11.5184
2.205 -0.150225 0.0730404 -17.2487 0.195863 -0.560238 -25.9467 -0.110883 0.077199 -7.01119 -0.687137 1.15576 -1.68047
2.255 -0.29494 -0.0454707 -7.98379 -0.423015 0.196704 22.0847 0.13563 -0.412752 -10.2351 0.0560462 -0.395143 -14.7172
2.305 0.280464 -0.0896693 23.5435 0.19312 0.223546 0.797871 0.624416 -0.544979 -7.73185 1.24629 -1.57829 -7.24139
2.355 0.0606075 0.0180344 -25.5448 0.331214 -0.557234 -27.0953 -0.094384 -0.172153 -14.1974 1.10339 -1.7855 -6.89353
2.405 -0.093747 0.102305 18.1563 -0.372928 0.733899 31.7846 -0.51297 0.462607 -9.31542 0.250056 -0.727743 -7.81263
2.455 -0.217197 -0.124389 -25.1828 0.048374 -0.708895 -22.0091 -0.522629 0.663126 -11.8887 -0.839638 0.719954 -3.19239
2.505 -0.241196 -0.0169447 10.4129 -0.48899 0.473939 -9.64783 -0.119394 0.101326 -7.83026 -1.19693 1.654 -2.47589
2.555 -0.14236 0.135162 -7.41408 -0.0393536 -0.0757612 9.03274 0.175431 -0.639548 -10.5797 -0.959536 1.56106 -6.05385
2.605 0.533175 -0.0138265 -31.9535 0.63769 -0.347502 -27.7508 0.671128 -0.652588 -9.55707 0.191823 0.517525 -1.18105
2.655 0.280691 -0.0595957 18.3546 -0.0684969 0.672428 -6.89916 0.239029 0.0841721 -8.98634 0.772121 -0.88059 -3.4252
2.705 0.399273 0.02301 -47.5635 0.768396 -0.79367 -18.7807 0.179596 0.675318 -8.67516 1.38258 -1.75578 3.42054
2.755 -0.824033 0.113735 -5.36768 -1.09687 0.646302 -16.8624 -1.07861 0.476556 -8.29694 -0.164557 -1.57473 -1.4994
2.805 -0.474108 -0.071045 -8.22474 -0.403075 -0.330014 -19.7386 -0.533163 -0.171145 -7.88018 -0.692335 -0.364182 -4.39664
2.855 -0.495081 -0.0980247 -40.049 -0.606383 -0.100805 -15.4445 -0.152348 -0.550331 -7.44549 -1.2052 1.16816 3.94732
2.905 -0.731648 0.124019 13.7756 -0.828063 0.503313 -13.6079 -0.271531 -0.395534 -7.01245 -1.48749 1.96661 0.312589
2.955 -0.220471 -0.0201493 -38.9727 0.400084 -0.744824 -24.3051 -0.192981 0.0715727 -6.59683 -0.816153 1.41694 -3.23687
3.005 -0.181127 -0.121998 -11.8366 -0.429547 0.723559 -4.38331 -0.492781 0.484898 -6.20588 -0.0979478 -3.30856e-05 2.52913
3.055 -0.324251 0.0219092 -0.995856 -0.120741 -0.501145 -26.2431 -0.554146 0.48803 -5.8392 0.528209 -1.39917 -2.0378
3.105 -0.363585 0.0747582 -38.4713 -0.579243 0.120637 -12.1519 -0.151637 -0.0318076 -5.48652 0.816674 -1.86415 0.836121
3.155 0.0167214 -0.0309316 7.17539 -0.20947 0.290822 -7.68007 0.337254 -0.617319 -5.0603 0.64782 -1.15032 0.151915
3.205 0.415056 -0.0909226 -25.2041 0.72059 -0.606955 -26.6953 0.426742 -0.559949 -4.33786 -0.0130798 0.213354 -0.396796
3.255 1.02023 0.104831 -14.2783 0.781898 0.724299 -1.81153 0.961043 0.170644 -3.42493 -0.0563689 1.42714 0.805714
3.305 0.815651 0.0776488 -0.745795 1.19479 -0.636251 -14.932 0.686162 0.718145 -3.17291 0.191314 1.73898 -1.48352
3.355 0.158294 -0.111391 -25.2305 -0.175108 0.34112 -18.1928 0.137204 0.391092 4.68277 0.754089 1.01733 0.888376
3.405 -0.626932 0.0207799 3.06678 -0.673773 0.0526375 2.6149 -0.221042 -0.3202 3.83433 0.778787 -0.403967 -1.25059
3.455 0.438169 0.104846 -15.4284 0.642688 -0.431893 -18.7016 0.743317 -0.707694 -7.89011 1.98303 -1.55749 -0.247683
3.505 -0.435396 -0.0372549 -6.69717 -0.70794 0.682349 -4.62099 -0.532632 -0.287093 -6.67753 0.518209 -1.71952 -3.68307
3.555 -0.587976 -0.0985352 0.847466 -0.282123 -0.718406 2.6344 -0.757836 0.355356 6.88706 -0.469863 -0.71911 1.62104
3.605 0.598166 0.0454075 -9.30075 0.369292 0.53363 -16.8799 0.168762 0.469275 -21.4429 0.397399 0.829455 -3.35227
3.655 1.02896 0.062271 6.19001 1.16592 -0.183582 16.3957 0.593959 0.229154 -5.39358 0.802725 1.65531 -5.954
3.705 1.29316 -0.115202 3.92317 1.36667 -0.231724 -7.02548 1.55015 -0.177282 12.1225 -0.261147 1.32969 -2.30301
3.755 1.52072 -0.049461 3.89738 1.32931 0.57344 14.2912 1.67854 -0.518864 -9.68156 0.246977 0.222125 -0.551227
3.805 -0.844461 0.117987 24.0804 -0.44236 -0.74327 19.3741 -1.03269 -0.348609 -3.42541 -1.41521 -0.974598 -5.4403
3.855 -1.02925 -0.017362 10.0553 -1.49186 0.721603 16.3221 -1.13203 0.37163 1.71943 0.571705 -1.56062 -10.3279
3.905 -1.68697 -0.0819363 30.7588 -1.40445 -0.442441 12.8715 -1.98165 0.660572 -0.439739 -0.71775 -1.06133 -7.61131
3.955 -1.76874 0.0552372 2.45248 -1.58732 0.0358817 18.0166 -0.354482 0.193467 8.14077 -2.92741 0.12719 0.412848
4.005 -0.0164087 0.101853 7.84107 -0.156157 0.34356 8.07956 1.00939 -0.506305 0.854934 -0.110222 1.18325 -3.57863
4.055 1.12656 -0.0582272 18.1967 1.04509 -0.640343 5.16984 0.968276 -0.64152 7.30098 -1.20479 1.47844 2.40127
4.105 1.93237 -0.0580779 -3.23284 1.3004 0.732623 14.8568 1.99757 0.0597833 13.3587 -0.21309 0.679487 2.65218
4.155 1.94286 0.116793 18.7413 2.20828 -0.602607 3.28411 1.81757 0.590568 15.0446 1.02103 -0.788498 7.80957
4.205 0.404594 0.00662841 3.51323 0.373966 0.284969 11.8042 -0.184227 0.399534 14.4769 1.32911 -1.77089 14.6221
4.255 -1.83598 -0.122706 6.69137 -1.68978 0.112016 7.44853 -3.49033 -0.131361 13.4877 0.480272 -1.57873 14.0162
4.305 -2.38829 0.0172673 15.1771 -1.8701 -0.475644 7.67056 -2.25967 -0.472884 15.495 -0.15749 -0.407734 9.25686
4.355 -1.11357 0.0768482 1.90526 -1.54059 0.685681 10.8423 0.230409 -0.297132 13.5795 0.260952 1.0746 10.6917
4.405 0.351946 -0.0697742 16.0875 0.334711 -0.681838 9.7922 0.302062 0.0250347 11.8687 -1.98261 1.81579 7.20755
4.455 0.899245 -0.088453 9.95671 0.450082 0.464558 11.3571 -0.0913534 0.412691 13.889 -1.05921 1.19376 7.21244
4.505 0.962998 0.0843486 10.429 1.39019 -0.106268 13.7862 0.913421 0.4257 12.4773 -0.640632 -0.177825 4.57937
4.555 0.0821021 0.0512121 19.2461 0.708961 -0.288644 13.4184 -1.3146 -0.0689924 7.64404 0.252109 -1.42928 2.30647
4.605 -0.297391 -0.100649 10.1283 -0.224197 0.594835 15.0178 -2.30845 -0.490564 7.27303 2.39519 -1.75305 2.24986
4.655 -0.635854 0.0196675 20.0309 -0.0467951 -0.713153 18.2609 0.213751 -0.407476 1.9793 2.82596 -1.03291 -5.8763
4.705 -0.000798477 0.123531 17.7945 -0.27438 0.621424 16.748 1.02158 0.293111 6.06679 0.498173 0.379039 -2.50797
4.755 0.89356 -0.025689 15.8929 1.13614 -0.324723 19.7734 2.51962 0.606698 -0.790156 0.278635 1.53579 -5.53507
4.805 1.45758 -0.0755164 20.3878 0.947447 -0.0599768 17.1214 2.21906 0.191722 -2.46341 -1.2183 1.75475 -3.50262
4.855 1.16844 0.0721618 8.77187 -0.714522 0.444627 10.6174 -0.464434 -0.416581 -1.04318 -0.760629 0.824011 -2.10099
4.905 1.69515 0.0579889 7.89409 -0.16155 -0.689616 11.7379 -0.0407598 -0.485304 -1.79472 0.22169 -0.679814 -2.38966
4.955 0.256321 -0.112503 2.98749 0.32767 0.707828 2.23345 -2.38865 -0.033791 0.16531 0.440627 -1.67548 -0.333503
5.005 -1.0673 -0.0424731 -0.526061 2.23158 -0.520943 -2.80856 -1.02722 0.351718 -3.3053 1.64604 -1.59667 0.348602
5.055 -1.29927 0.0948722 -4.3031 1.50479 0.179849 -2.12983 -0.155985 0.339751 -1.04078 0.585327 -0.424327 -0.38571
5.105 -0.54979 -0.0294749 -11.0088 -0.523826 0.199078 -11.2924 -0.975014 0.0760036 -2.19256 -1.54887 0.95712 1.14022
5.155 0.640975 -0.10441 -8.38437 -1.26648 -0.536139 -12.4315 1.33661 -0.247171 -2.27589 -1.00539 1.59886 0.514685
5.205 1.76049 0.0489046 -16.4367 -1.54156 0.69411 -13.6666 3.04894 -0.40053 -1.76011 -0.265493 1.19307 0.745683
5.255 1.18315 0.0828643 -15.51 0.124365 -0.644733 -16.6467 1.57027 -0.169499 -2.96595 -0.283362 0.0618532 1.15531
5.305 -1.27388 -0.072541 -13.5829 -0.0678727 0.400292 -16.5172 -0.436839 0.32607 -2.98146 0.0277866 -1.02924 0.206203
5.355 -1.73249 -0.0367198 -19.0301 1.54744 -0.0432069 -13.5209 0.261151 0.501603 -4.44167 1.36584 -1.45758 -0.119322
5.405 -1.47042 0.123629 -10.7341 0.540899 -0.336394 -12.3292 -0.137685 0.0640257 -4.74091 -0.00823338 -0.955041 -0.136576
5.455 0.338517 0.0245121 -11.2884 -1.44716 0.602102 -16.8323 -0.32971 -0.488251 -5.01595 -0.69504 0.157763 -2.26703
5.505 0.937265 -0.101734 -15.9966 -1.47167 -0.683125 -10.3052 -0.522844 -0.447649 -5.71859 -1.64772 1.20551 -1.38385
5.555 0.97669 0.028294 -11.649 -0.768615 0.549005 -11.5208 -0.505634 0.112919 -6.03429 -1.16277 1.49422 -2.41405
5.605 0.0688385 0.0837466 -11.1459 1.70264 -0.237727 -15.8904 -0.512521 0.474049 -6.2845 0.0659891 0.74804 -3.26132
5.655 -1.34062 -0.0773868 -11.5554 1.17195 -0.1439 -8.90659 -1.01082 0.271641 -6.87535 0.481608 -0.542648 -3.41073
5.705 -0.888095 -0.0857808 -12.3504 -0.392146 0.460926 -10.6961 -0.662398 -0.150146 -8.1011 1.20634 -1.48991 -3.85397
5.755 0.53894 0.0741785 -8.90803 -1.04017 -0.650936 -12.4385 0.0192184 -0.33865 -7.33909 0.16493 -1.42454 -3.86837
5.805 0.603026 0.0196995 -9.15877 -2.10276 0.640578 -9.01391 -0.0272789 -0.230913 -8.54753 -0.969663 -0.400511 -4.17419
5.855 -0.251712 -0.114095 -11.961 0.0855066 -0.422676 -8.04229 0.0815571 0.0399717 -8.21198 -0.169112 0.850554 -3.92198
5.905 -0.780907 0.00933424 -5.54052 1.12261 0.0770165 -9.69206 0.117778 0.309889 -8.92085 -0.508069 1.5249 -4.04252
5.955 -1.11692 0.111356 -8.03254 0.70766 0.290032 -8.75175 0.116421 0.33179 -7.94427 -0.577603 1.24845 -3.54894
6.005 -0.394352 -0.030884 -9.70441 -0.468355 -0.586645 -4.2511 0.151705 -0.0375539 -8.83134 0.560821 0.21875 -3.55203
6.055 0.25302 -0.0686026 -3.34148 -2.0393 0.699574 -9.01179 -0.315344 -0.449046 -8.47575 0.801144 -0.940771 -3.18978
6.105 0.509644 0.0870292 -7.33512 -0.435125 -0.580113 -5.8352 0.0123852 -0.353409 -7.89422 1.94233 -1.56723 -3.05832
6.155 -0.791546 0.0697887 -6.11 -0.218478 0.307575 -1.99238 -0.208878 0.197894 -8.29681 0.0342568 -1.24929 -2.10854
6.205 -1.14529 -0.0819247 -2.43714 0.912679 0.0731092 -9.36189 0.0208491 0.512753 -7.14398 -0.708468 -0.111852 -2.46536
6.255 -0.138864 -0.0152726 -7.10375 0.90655 -0.433897 -2.19343 0.225291 0.191741 -3.70218 -0.00976893 1.12356 -1.61274
6.305 0.462431 0.0992046 -4.21502 -0.59486 0.651791 -3.63928 -0.111539 -0.326666 -2.96683 -0.669597 1.6486 -1.53638
6.355 1.01968 -0.0322549 -2.887 -0.247794 -0.67192 -8.14982 0.0234003 -0.380511 -2.17572 0.270052 1.07208 -1.24371
6.405 0.936532 -0.112993 -5.7479 -0.178641 0.501277 0.171746 0.21063 -0.062048 1.14122 -0.101078 -0.200409 -0.774264
6.455 -0.109632 0.0413518 -2.48723 0.69461 -0.169693 -5.37249 -0.333237 0.239138 0.827106 0.548575 -1.27955 -0.409333
6.505 -0.819054 0.0612412 -2.04537 0.490394 -0.211858 -3.97337 -0.726646 0.265241 4.12856 0.656182 -1.44445 0.836376
6.555 -0.457105 -0.0928367 -2.78632 -0.164044 0.509585 1.71548 -0.100686 0.106724 2.88372 0.138395 -0.686783 2.50711
6.605 0.553437 -0.0438483 1.2214 -0.032798 -0.665639 -3.08804 1.24186 -0.165502 4.66473 -0.402881 0.428276 2.31529
6.655 0.655922 0.102838 2.14428 -0.892598 0.61184 3.09693 1.25944 -0.314888 6.13535 -1.07156 1.20877 3.82193
6.705 0.326766 0.0141777 3.44704 0.155637 -0.364829 5.73591 -0.345932 -0.195391 4.02977 -0.771814 1.14439 3.16487
6.755 -0.167423 -0.0814924 8.81017 0.618268 0.00973025 4.88038 -0.598819 0.272999 9.45152 -0.505756 0.402932 4.83523
6.805 -0.572425 0.054076 9.61793 0.58927 0.333547 12.9024 0.184628 0.418115 2.13059 0.667269 -0.618677 3.81281
6.855 -0.28202 0.100828 13.1805 0.104341 -0.59196 12.8246 0.699689 0.0488446 10.6038 0.570317 -1.20775 4.61395
6.905 0.356346 -0.0649064 17.1304 -1.13339 0.657269 15.1639 -0.112527 -0.375649 4.56204 0.331701 -0.933163 2.59276
6.955 0.578888 -0.0714371 16.1417 -0.18884 -0.497713 18.753 -0.631007 -0.356859 8.07764 0.471416 -0.00508673 0.816215
7.005 -0.0851651 0.0806712 18.4564 -0.0118938 0.212409 16.245 0.829058 0.150046 9.01654 -0.406344 1.0137 3.65843
7.055 -0.52906 0.0197621 17.6482 0.538669 0.150902 18.8613 -0.165858 0.38114 7.70583 -0.261979 1.28614 -1.83599
7.105 -0.239371 -0.111871 17.017 0.630548 -0.482147 17.7773 0.00278602 0.16253 9.44427 0.296335 0.541584 2.9058
7.155 -0.209864 -0.00599472 18.1589 -0.521192 0.647943 16.4969 -0.443051 -0.142294 7.46771 0.390899 -0.511263 0.50613
7.205 0.0593128 0.0795535 15.6356 -0.248649 -0.617685 17.4012 0.260319 -0.227849 9.44761 1.01325 -1.28045 1.01488
7.255 -0.0591118 -0.053351 15.4412 -0.69798 0.410194 15.491 -0.414782 -0.110625 8.08622 1.24903 -1.09695 3.45925
7.305 -0.505474 -0.0754215 14.9638 -0.0691506 -0.0552288 14.5389 -0.636047 0.0698995 8.46866 -0.0712636 -0.159654 2.94857
7.355 -0.303795 0.0861177 12.1884 0.222023 -0.309814 14.3034 -0.248976 0.219081 8.16035 -0.853773 0.843941 4.53112
7.405 -0.00912451 0.068621 11.9699 -0.262405 0.574013 11.8731 0.319865 0.203867 6.71554 -1.79298 1.3263 5.03488
7.455 0.627246 -0.0749942 9.37157 0.457025 -0.673236 9.14074 1.2257 -0.0856248 6.96221 -0.780314 0.995572 4.62827
7.505 0.121799 -0.00218061 5.98223 -0.444051 0.564744 7.26411 0.00629478 -0.343822 5.73065 0.261203 -0.0133157 5.72667
7.555 0.00531188 0.104875 4.1811 0.0518267 -0.280003 3.45988 -0.236862 -0.179759 5.1426 0.587219 -1.03104 2.90651
7.605 -0.136749 -0.0220747 1.15805 -0.0180745 -0.0755352 0.274835 -0.240289 0.236212 4.70366 0.898215 -1.43278 3.92269
7.655 -0.393218 -0.0934335 -1.32953 -0.118433 0.414673 -0.935965 0.0438856 0.358536 3.25726 0.46339 -0.907967 1.05721
7.705 -0.15926 0.0501526 -2.89992 0.457766 -0.633299 -3.56989 0.4123 0.0198114 2.13934 0.368902 0.268859 0.857498
7.755 0.337035 0.0577973 -3.82499 -0.131085 0.636167 -4.80077 0.53755 -0.323929 0.891045 -0.803597 1.2629 -0.684965
7.805 0.247636 -0.0979289 -4.94448 0.0726622 -0.464191 -4.57109 0.0812216 -0.214111 -0.238015 -1.25905 1.41848 -1.41136
7.855 0.215291 -0.0538119 -5.16788 -0.112785 0.144774 -5.42722 0.0386956 0.0919576 -2.32247 -0.936391 0.606258 -2.13001
7.905 0.358 0.0838646 -4.64894 0.280548 0.223224 -5.27103 -0.0820343 0.222128 -2.82798 0.136085 -0.548313 -2.33594
7.955 -0.218795 -0.00514141 -5.40718 0.270389 -0.503847 -4.69979 -0.643268 0.100108 -4.80788 0.40802 -1.28622 -3.16741
8.005 -0.446696 -0.0918504 -4.96569 -0.366482 0.632191 -4.9412 -0.368592 -0.0340447 -5.47176 1.07826 -1.17354 -3.06608
8.055 -0.518547 0.051563 -4.94131 -0.0346713 -0.5695 -5.16579 -0.222947 -0.132434 -6.70063 0.254445 -0.36614 -3.22626
8.105 0.329285 0.100663 -5.98061 -0.190615 0.317696 -5.23734 0.170431 -0.172293 -6.96691 -0.17762 0.617842 -3.22972
8.155 0.414597 -0.053142 -6.06289 0.0563244 0.0288691 -6.04904 0.126012 -0.0418296 -8.13952 -0.859708 1.20584 -3.56587
8.205 0.155163 -0.0466338 -7.11912 0.0870717 -0.358411 -7.26746 0.0627194 0.213283 -8.03938 -1.00438 1.05466 -3.32175
8.255 -0.0711837 0.0955639 -8.29523 -0.267768 0.589659 -7.90289 -0.0575038 0.254824 -7.98277 -0.173226 0.222792 -3.31423
8.305 -0.248257 0.0243936 -9.15078 0.447239 -0.626832 -9.27272 0.210578 -0.0598027 -8.2914 0.689047 -0.78878 -3.34913
8.355 -0.411799 -0.101411 -10.2477 -0.382239 0.467292 -10.5706 0.230435 -0.33388 -7.80093 0.842331 -1.30242 -3.32157
8.405 0.0420813 0.00815865 -11.0958 0.242075 -0.173377 -11.0422 0.302142 -0.171626 -7.67149 0.496671 -0.932005 -3.14942
8.455 0.275596 0.0803556 -11.8485 -0.0457609 -0.189543 -12.0284 0.0636226 0.202894 -7.34948 -0.373066 0.0941822 -2.88293
8.505 -0.0697065 -0.0674699 -12.0185 -0.537767 0.491302 -12.2522 -0.563323 0.27831 -7.06891 -0.950796 1.0439 -2.68043
8.555 0.054138 -0.090619 -12.2033 0.359241 -0.641507 -11.5026 -0.533164 0.0111749 -6.68182 -0.603557 1.25473 -2.47831
8.605 -0.0996359 0.0662122 -11.4604 -0.0892149 0.601404 -11.4768 -0.509149 -0.197071 -6.33445 -0.185048 0.618694 -2.14287
8.655 -0.177561 0.0424079 -10.5998 0.444364 -0.375232 -11.738 -0.175492 -0.144797 -5.62673 0.414635 -0.394963 -1.72366
8.705 -0.00548651 -0.0865857 -11.5014 -0.240281 0.0283934 -11.2459 -0.279187 -0.00703835 -5.26015 0.507843 -1.11215 -1.29067
8.755 0.316792 0.00489686 -11.3176 -0.253835 0.314899 -10.9249 -0.366218 0.0792996 -4.80902 0.435639 -1.12174 -1.13847
8.805 0.251367 0.10984 -10.3439 0.0968089 -0.567087 -10.7068 0.0185872 0.138144 -4.29777 0.518066 -0.450566 -0.667584
8.855 -0.0105119 -0.0167024 -9.75394 -0.293893 0.652417 -10.0346 0.434901 0.105762 -3.72743 -0.091399 0.51148 -0.386763
8.905 -0.203418 -0.0725579 -9.06647 0.444939 -0.530785 -9.45444 0.315698 -0.0933698 -3.1877 -0.897589 1.19339 -0.18355
8.955 -0.30452 0.0706713 -8.73455 -0.06701 0.252894 -8.4324 -0.174352 -0.261172 -2.66942 -0.474183 1.14163 -0.10933
9.005 -0.38172 0.0675579 -7.29708 -0.114557 0.0950532 -7.45571 -0.468681 -0.100998 -1.89289 -0.443379 0.320844 -0.0124176
9.055 0.142463 -0.0841133 -5.77741 0.0179724 -0.415926 -6.66828 -0.106628 0.233405 -1.48364 0.705244 -0.760451 -0.00156025
9.105 0.385269 -0.0397515 -4.96045 -0.247379 0.604598 -4.60555 0.0333402 0.265693 -1.06326 0.945828 -1.36654 -0.23083
9.155 -0.111713 0.0773282 -2.85998 0.226599 -0.600794 -2.86794 -0.259222 -0.0624386 -0.523907 0.767532 -1.03848 -0.409978
9.205 0.131952 -0.0235296 -0.512513 0.0896307 0.416062 -1.13506 0.298057 -0.292163 -0.428164 0.52561 -0.016059 -0.40442
9.255 0.195616 -0.103037 1.56219 0.55042 -0.106846 2.17311 0.6851 -0.126879 -0.729128 -0.616035 0.990055 -0.704802
9.305 0.172794 0.0347921 4.47268 0.183129 -0.242502 4.3193 0.385593 0.149102 -0.105566 -1.0601 1.28987 -0.600075
9.355 0.0601907 0.0734622 7.03095 -0.480103 0.506801 6.72997 -0.566332 0.188729 1.08766 -1.09243 0.766509 -0.689011
9.405 0.614212 -0.0676861 9.02093 0.396297 -0.608712 9.82908 0.0590146 0.0325088 0.642375 0.606971 -0.205293 -0.545877
9.455 0.229712 -0.0421313 11.3369 -0.151061 0.532416 10.9811 0.594825 -0.0657294 2.88184 0.955661 -0.992727 -0.454398
9.505 -0.400246 0.102823 12.5718 0.431767 -0.28244 12.6162 0.166374 -0.109625 1.98059 0.949895 -1.1581 -0.627703
9.555 -0.148506 0.0354238 13.0116 0.153229 -0.0643764 13.3911 -0.12809 -0.0865996 5.14565 0.346619 -0.597985 0.304958
9.605 0.162523 -0.0791793 13.2531 -0.121707 0.378454 12.9624 -0.422206 0.0242089 4.2134 -0.339196 0.341471 1.22926
9.655 0.31048 0.0220522 12.6924 0.086543 -0.583682 13.0768 -0.072595 0.201039 8.01403 -0.737905 1.07902 1.68148
9.705 -0.0264495 0.0799291 12.0965 -0.583977 0.617531 12.384 0.259583 0.163933 7.4146 -0.660213 1.10056 3.17924
9.755 0.00346508 -0.0613385 11.6815 0.52909 -0.446663 11.6321 0.315973 -0.134326 9.69529 -0.0419223 0.343208 3.19237
9.805 -0.278309 -0.0785451 10.8478 0.154547 0.145355 11.5795 0.0939257 -0.283124 10.0501 0.318965 -0.654599 5.43048
9.855 -0.550363 0.0653879 10.6769 -0.0853127 0.193864 10.9204 -0.146198 -0.0477375 10.3132 0.389041 -1.14635 5.28103
9.905 0.128002 0.0283888 10.5825 -0.0796562 -0.490917 10.1273 0.136934 0.272553 10.7053 0.593945 -0.806521 6.86389
9.955 0.416545 -0.10055 9.64416 -0.51511 0.629082 9.97974 -0.0674161 0.212918 10.0196 -0.193241 0.107765 5.7644
10.005 0.148335 -0.0139851 9.35291 0.121248 -0.575531 9.33354 -0.263455 -0.107842 9.71479 -0.638862 0.870079 5.7989
10.055 -0.0722767 0.0865269 9.12572 -0.203372 0.357576 8.6423 0.156301 -0.242268 9.08904 -1.05957 1.0158 5.38208
10.105 -0.238326 -0.0250773 8.47188 0.337314 -0.0211073 8.69725 0.238501 -0.068348 8.15535 -0.721756 0.467593 3.94723
10.155 -0.321483 -0.06427 8.31899 0.256292 -0.315499 8.37592 0.0837993 0.121267 6.56165 0.295806 -0.347443 3.00807
10.205 -0.150674 0.0810589 8.16696 -0.181254 0.546003 7.90382 -0.103436 0.13099 5.0818 0.770509 -0.928945 1.94704
10.255 0.435757 0.0748983 7.67755 0.203774 -0.618969 7.94812 -0.262057 0.0631637 4.11966 1.1407 -0.905483 0.363531
10.305 0.357792 -0.0714661 7.2856 -0.576822 0.49539 7.47523 -0.241481 -0.0243689 2.57683 0.491818 -0.287694 -0.132022
10.355 -0.110374 -0.0244621 6.83899 -0.089795 -0.217538 6.75315 -0.118521 -0.143991 1.57945 -0.532099 0.575162 -1.25805
10.405 -0.126659 0.0850596 5.83613 0.0924332 -0.11115 6.20868 -0.0534917 -0.153024 0.0907148 -0.993845 1.0963 -1.60128
10.455 -0.366272 -0.0182901 4.62184 0.0499896 0.417657 5.0056 -0.338233 0.0617146 -0.668993 -0.915119 0.872316 -1.96068
10.505 -0.415978 -0.0965262 3.21696 0.284622 -0.583156 3.33522 -0.315786 0.278959 -1.86257 -0.263247 0.0137002 -1.79099
10.555 -0.00207924 0.0331274 1.15458 -0.3519 0.561683 1.51717 -0.0552251 0.134969 -2.58516 0.661104 -0.887324 -1.95434
10.605 0.437253 0.0590841 -0.955465 0.141755 -0.37429 -0.805519 0.0508432 -0.216389 -2.97032 0.714159 -1.16885 -1.67183
10.655 0.18158 -0.0833046 -3.12367 -0.488597 0.0645686 -3.33077 0.114371 -0.296409 -3.83523 0.657614 -0.652845 -1.66534
10.705 -0.0341583 -0.0545175 -5.53628 -0.0572943 0.269126 -5.57079 0.323282 0.0113378 -3.81002 -0.0140577 0.269428 -1.3664
10.755 0.121829 0.0856028 -7.54355 0.681162 -0.509238 -7.74352 0.372929 0.278156 -4.25309 -0.333738 0.969776 -1.48235
10.805 -0.135755 0.0210489 -9.25538 0.122783 0.599604 -9.69812 0.0815565 0.16418 -4.43842 -0.657422 1.03264 -1.27794
10.855 -0.320351 -0.0733972 -10.7398 0.239024 -0.506761 -10.9882 -0.0391885 -0.10124 -4.50033 -0.563116 0.483984 -1.29115
10.905 0.181152 0.0426547 -11.6971 -0.332229 0.238769 -11.9539 0.373255 -0.187052 -4.96055 0.325347 -0.344202 -1.4219
10.955 0.309535 0.096688 -12.2264 -0.195884 0.0853963 -12.5905 0.227701 -0.0922665 -4.76373 0.844408 -0.971244 -1.4292
11.005 0.363752 -0.0476495 -12.4854 0.0731351 -0.395548 -12.445 0.153353 0.0187059 -5.32756 1.17863 -1.02339 -1.57838
11.055 -0.137242 -0.062447 -12.2591 -0.0760858 0.59032 -11.5012 -0.356808 0.119492 -5.11626 0.333429 -0.427506 -1.60114
11.105 -0.193669 0.0722117 -11.0455 0.777823 -0.590287 -11.0591 -0.195083 0.171049 -5.54359 -0.481192 0.480553 -1.72292
11.155 -0.0849202 0.0260164 -10.2101 0.0960426 0.424567 -11.5126 0.110273 0.0364169 -5.54822 -0.653791 1.09205 -1.82476
11.205 0.227447 -0.0972703 -11.1692 0.0269293 -0.132895 -10.867 0.0171461 -0.221382 -5.58835 -0.792754 0.964363 -1.94576
11.255 0.486225 -0.0111763 -11.2442 -0.390264 -0.214613 -10.5857 -0.121078 -0.254048 -5.99012 -0.603333 0.174491 -1.85791
11.305 0.221682 0.0722005 -10.1433 -0.400055 0.486897 -10.7987 -0.126127 0.0616527 -5.83986 -0.0488876 -0.708316 -2.07681
11.355 -0.264225 -0.0459482 -9.73252 0.274667 -0.60025 -9.90038 -0.23701 0.329372 -6.05999 0.550684 -1.07115 -1.99607
11.405 -0.287015 -0.0761063 -9.35983 0.175929 0.549654 -9.30126 -0.124671 0.165124 -6.0042 0.947813 -0.717927 -2.15805
11.455 -0.312208 0.0697854 -8.66638 0.508794 -0.322598 -8.76467 -0.00715839 -0.203252 -5.96548 0.216102 0.0638606 -2.17406
11.505 -0.0751189 0.0639556 -7.84044 -0.244931 -0.00527124 -7.91396 0.284508 -0.283076 -5.69525 -0.513183 0.751177 -2.31633
11.555 0.314136 -0.065401 -6.95233 -0.519472 0.314501 -7.31359 0.23304 -0.0328469 -5.56166 -0.957552 0.952293 -2.33235
11.605 0.425955 -0.00650245 -6.28666 -0.083192 -0.52923 -6.05377 0.202563 0.179095 -4.8534 -0.567509 0.566386 -2.35469
11.655 -0.167243 0.0968521 -5.12302 -0.437155 0.587349 -5.0349 -0.0292327 0.161806 -4.88857 0.107273 -0.186306 -2.08994
11.705 -0.502517 -0.00588324 -3.83498 0.422445 -0.447744 -4.25774 -0.153281 0.0376404 -4.08272 0.538454 -0.857076 -2.22377
11.755 -0.423334 -0.0762637 -3.11081 0.0513044 0.176822 -2.76164 0.0459794 -0.0847873 -4.01336 0.551185 -0.993778 -1.87131
11.805 -0.321645 0.0437799 -2.00543 -0.0426812 0.139457 -2.03519 0.113568 -0.186435 -3.16806 0.510543 -0.445213 -1.68004
11.855 0.0638673 0.0543196 -0.998787 -0.238352 -0.423266 -1.33789 -0.0409552 -0.136395 -1.90121 -0.0516658 0.454824 -1.17924
11.905 0.413611 -0.0862312 -0.446378 -0.639816 0.571292 -0.0133619 -0.14684 0.116028 -1.0466 -0.386368 1.05867 -0.957601
11.955 0.250889 -0.0549607 0.689131 0.292791 -0.53033 0.492112 -0.0252861 0.311232 -0.680895 -0.484852 0.919459 -0.330374
12.005 -0.530816 0.071809 1.61793 -0.211442 0.336432 1.40066 -0.118338 0.110985 1.39561 -0.362568 0.138609 0.1356
12.055 -0.424492 0.00191688 2.3191 0.529332 -0.0346064 2.67269 0.283869 -0.270459 1.1665 0.143941 -0.713144 0.367361
12.105 -0.0132959 -0.0850076 3.58956 0.232599 -0.291292 3.3214 0.0445245 -0.318959 3.71123 0.67672 -1.06192 1.37395
12.155 0.0879328 0.0291025 4.58205 -0.555246 0.514929 4.55528 -0.314616 0.0351817 3.13376 0.710723 -0.715531 2.0527
12.205 0.245459 0.0823343 5.57282 -0.317746 -0.586069 5.86168 -0.154974 0.329692 5.78084 0.30281 0.0526844 2.08647
12.255 0.265177 -0.0443926 6.93648 -0.540022 0.48644 6.66001 -0.285204 0.186909 5.3464 -0.378276 0.772225 3.111
12.305 -0.105471 -0.0419022 7.84022 0.556344 -0.224155 7.93482 0.0391704 -0.112465 6.90177 -0.736662 1.02184 2.77976
12.355 -0.476232 0.0898239 8.80478 0.356695 -0.104935 8.9743 0.413152 -0.2283 6.69443 -0.567892 0.653709 3.77732
12.405 -0.157094 0.0380681 9.89018 0.238179 0.390568 9.65738 0.287979 -0.116134 7.7095 -0.0481729 -0.157789 3.32448
12.455 0.230783 -0.0832057 10.5792 0.138992 -0.573546 10.749 -0.0307453 0.0532218 7.41917 0.665429 -0.891941 4.12184
12.505 0.179228 -0.00367984 11.429 -0.725802 0.577481 11.5326 -0.268519 0.187431 7.46747 0.516926 -1.05485 2.55595
12.555 0.31062 0.0690508 12.2546 0.132868 -0.397292 12.1503 -0.0725902 0.199199 7.78853 0.477119 -0.473099 3.36432
12.605 0.149185 -0.0504407 12.6956 -0.008495 0.11373 12.9482 0.0602539 -0.0101975 7.58274 -0.140127 0.447305 2.40021
12.655 -0.253296 -0.0809527 13.0718 0.261638 0.209728 13.2044 0.278198 -0.283182 7.48684 -0.65074 1.02368 2.41996
12.705 -0.291903 0.0529327 13.0832 0.272256 -0.469902 13.1634 0.0996442 -0.248394 6.66834 -0.866396 0.879886 2.09157
12.755 0.124113 0.0391386 12.5843 -0.26646 0.575382 13.0793 -0.220478 0.139889 6.4298 -0.43687 0.13303 1.81528
12.805 0.233427 -0.0806224 12.0328 0.106926 -0.50458 12.5226 -0.365338 0.38996 5.92293 0.184697 -0.627425 1.96819
12.855 0.175881 -0.0119903 11.3242 -0.300999 0.289354 11.3968 -0.125259 0.147053 5.3356 0.809053 -0.925584 1.58244
12.905 0.070574 0.0931837 9.91656 0.243306 0.0299514 10.2236 0.0322624 -0.270674 4.93763 0.691397 -0.603178 1.97311
12.955 -0.101189 -0.00219346 8.27205 0.21561 -0.323353 8.59481 0.0224809 -0.318446 3.97881 0.0870257 0.0705486 1.48229
13.005 -0.228415 -0.0596719 6.49816 -0.0833863 0.514537 6.4617 0.142627 -0.000655659 3.59124 -0.417185 0.693686 1.72456
13.055 -0.0443931 0.0614853 4.36387 0.361216 -0.553108 4.45985 -0.007661 0.248359 2.65519 -0.492459 0.873946 1.372
13.105 0.310575 0.0669607 2.26215 -0.315715 0.408126 2.29206 -0.103276 0.195706 2.162 -0.337549 0.484321 1.32906
13.155 0.255549 -0.0709612 0.358298 0.0762621 -0.136328 0.0498958 0.00664007 0.00496754 1.66872 0.249974 -0.262819 0.985061
13.205 -0.0371343 -0.0431401 -1.55753 -0.231755 -0.171129 -1.72073 0.11883 -0.160118 0.435917 0.327936 -0.867045 0.622084
13.255 -0.00227037 0.068062 -3.19532 0.0815818 0.43398 -3.31709 0.172753 -0.223216 0.155858 0.527017 -0.87404 0.131802
13.305 -0.090078 -0.010825 -4.40983 0.494943 -0.563236 -4.74334 -0.0554117 -0.0949 -1.092 0.0683419 -0.252125 -0.321447
13.355 -0.226341 -0.0940444 -5.50604 -0.230345 0.507849 -5.68322 -0.210414 0.198234 -1.31704 -0.212103 0.553041 -0.556532
13.405 0.0377085 0.0191395 -6.30274 0.299906 -0.307898 -6.37771 -0.0122065 0.329274 -2.37049 -0.418296 0.955248 -1.0828
13.455 0.120584 0.0650534 -6.75245 -0.40542 0.0032396 -6.9564 -0.0474654 0.0514902 -3.33105 -0.618048 0.692235 -1.58976
13.505 0.096077 -0.057567 -7.16591 -0.228791 0.306133 -7.25092 0.0491869 -0.337473 -3.70171 -0.32676 -0.00612626 -1.72565
13.555 0.0134366 -0.0465922 -7.43851 0.113608 -0.515498 -7.39601 0.118855 -0.320463 -4.65579 0.228385 -0.660358 -2.04186
13.605 -0.101302 0.0852379 -7.54832 -0.106683 0.574608 -7.61925 0.07683 0.0962781 -5.09945 0.562343 -0.884528 -2.39128
13.655 -0.231769 0.0395443 -7.71257 0.382955 -0.460487 -7.71138 -0.093727 0.365443 -5.56165 0.411273 -0.580215 -2.46485
13.705 -0.0672002 -0.0644347 -7.87473 -0.13356 0.199371 -7.78864 -0.110225 0.184857 -6.20076 -0.00724598 0.0670852 -2.46424
13.755 0.237327 0.0210257 -7.96983 0.161988 0.114157 -8.0096 0.0832858 -0.154346 -6.31271 -0.310974 0.699101 -2.83399
13.805 0.22327 0.0827649 -8.1332 -0.0857057 -0.392448 -8.1253 0.147386 -0.266337 -6.58847 -0.483217 0.924903 -2.79077
13.855 0.082059 -0.0420705 -8.32235 -0.373793 0.554355 -8.27833 0.0834564 -0.132555 -6.82824 -0.412884 0.551978 -2.77049
13.905 -0.0798473 -0.0734705 -8.42783 0.25271 -0.539771 -8.46511 -0.262217 0.0686522 -6.8063 -0.0931866 -0.220196 -2.77501
13.955 -0.232902 0.049645 -8.545 -0.158657 0.364871 -8.55433 -0.452843 0.224186 -6.55581 0.220879 -0.875618 -2.6588
14.005 -0.241519 0.0281052 -8.62386 0.253056 -0.082531 -8.61342 -0.171994 0.215125 -6.4031 0.36932 -0.935707 -2.58443
14.055 -0.20218 -0.0876532 -8.58873 -0.176771 -0.227583 -8.63355 0.00179794 -0.0395721 -6.0341 0.282124 -0.353602 -2.45664
14.105 0.126331 -0.0209244 -8.52684 -0.269735 0.457741 -8.56811 0.186061 -0.329213 -5.71609 -0.0492762 0.44223 -2.23558
14.155 0.132231 0.0732514 -8.38286 0.0644214 -0.545188 -8.39983 0.118269 -0.262412 -5.33196 -0.433141 0.897891 -2.06306
14.205 0.0564951 -0.0210831 -8.12151 -0.373281 0.465892 -8.20977 0.0725871 0.152838 -4.90347 -0.398856 0.750195 -1.92919
14.255 0.0233018 -0.0658567 -7.78428 0.43277 -0.236744 -7.87245 0.00567662 0.404128 -4.31794 -0.183879 0.150547 -1.51336
14.305 -0.264503 0.0615906 -7.3096 -0.0192843 -0.0638022 -7.38921 -0.200957 0.149168 -3.84752 0.0661307 -0.501462 -1.28075
14.355 -0.289284 0.072304 -6.68195 -0.111888 0.338966 -6.83073 -0.151125 -0.272432 -3.29873 0.565639 -0.83455 -0.930405
14.405 -0.0224589 -0.0524591 -5.93523 0.0201693 -0.515862 -6.03668 -0.0419833 -0.333237 -2.53491 0.577646 -0.663049 -0.662333
14.455 0.20645 -0.0202909 -5.02127 -0.411894 0.525172 -5.10011 0.164773 -0.0305033 -1.96204 0.201432 -0.0694977 -0.436571
14.505 0.043799 0.0800692 -3.9335 0.111993 -0.370625 -4.01475 -0.0236587 0.226928 -1.31967 -0.104955 0.599226 -0.0345872
14.555 0.0766203 -0.0049637 -2.73114 -0.116826 0.105234 -2.75028 -0.109444 0.221445 -0.781947 -0.191234 0.895385 0.0203486
14.605 -0.0596409 -0.0856433 -1.40858 0.270106 0.201641 -1.45757 0.0203441 0.0521761 0.013848 -0.218411 0.573739 0.320386
14.655 -0.207762 0.0211011 -0.0166114 0.214766 -0.447333 -0.0886821 0.206535 -0.148642 0.502598 -0.205349 -0.166738 0.585588
14.705 -0.138102 0.0551387 1.36783 -0.291758 0.550699 1.34472 0.110946 -0.258408 0.931962 0.232655 -0.795478 0.513506
14.755 0.117122 -0.0688156 2.82325 0.101704 -0.49326 2.81781 -0.103789 -0.128223 1.45902 0.329798 -0.849467 0.597483
14.805 0.142867 -0.0582731 4.34369 -0.420957 0.285263 4.31735 -0.213906 0.204487 2.20853 0.533293 -0.312828 0.75879
14.855 -0.0494009 0.0665443 5.83251 0.0556601 0.0189466 5.87253 -0.0358474 0.359902 3.16852 0.0062012 0.403502 0.689283
14.905 -0.0634958 0.0226609 7.29342 0.105559 -0.306562 7.40077 0.197099 0.0763674 3.48769 -0.313284 0.813188 0.904539
14.955 -0.0629363 -0.0666618 8.66217 0.0406811 0.505861 8.62564 0.316382 -0.334108 3.96862 -0.411838 0.685954 0.949786
15.005 -0.217811 0.0274433 9.69473 0.172846 -0.554722 9.74492 0.182494 -0.330997 4.69403 -0.331816 0.143941 1.07708
15.055 -0.125002 0.0889755 10.4295 -0.529319 0.430973 10.5508 0.0308674 0.0795075 5.23696 0.083903 -0.479593 1.46339
15.105 0.143518 -0.0285514 10.9653 0.0807436 -0.17693 10.9221 -0.0522665 0.359214 5.66774 0.512231 -0.819817 1.96285
15.155 0.00442786 -0.0523954 11.1011 -0.125141 -0.119796 11.2373 -0.250847 0.202786 6.19614 0.379092 -0.639176 2.1609
15.205 -0.176471 0.0646179 11.082 -0.0840864 0.385419 11.1624 -0.105703 -0.120509 6.72508 -0.0916944 -0.0139189 2.57529
15.255 -0.0412265 0.0340079 10.8507 0.304696 -0.527213 10.9346 0.331712 -0.255803 6.82793 -0.3725 0.672305 3.09588
15.305 -0.0390171 -0.0832774 10.3882 -0.297064 0.500827 10.5833 0.210397 -0.151359 7.13381 -0.53481 0.920245 3.18055
15.355 -0.0393675 -0.0218837 9.86725 0.185461 -0.32612 10.0597 -0.0546902 0.0573701 7.38495 -0.186629 0.510947 3.42202
15.405 -0.0173669 0.0598438 9.27989 -0.262277 0.0517069 9.66456 -0.339227 0.237 7.22773 0.00162514 -0.268114 3.5076
15.455 -0.00239051 -0.0362371 8.7996 -0.109297 0.241153 8.93788 -0.219695 0.231053 7.02208 0.322066 -0.842094 3.32377
15.505 -0.0687711 -0.0754901 8.18409 0.102951 -0.449898 8.11193 0.0510788 -0.0450645 6.65891 0.373913 -0.803466 3.17733
15.555 0.0776691 0.0472443 7.18575 -0.0713785 0.518508 7.38734 0.25027 -0.339647 5.91529 0.302606 -0.221649 2.90304
15.605 0.00472612 0.0555533 6.30413 0.377833 -0.428467 6.3176 0.0370098 -0.253929 5.17444 -0.0985819 0.461473 2.53312
15.655 -0.138118 -0.0568283 5.4208 -0.388299 0.19793 5.2657 -0.318485 0.175746 4.18503 -0.531238 0.80545 1.9322
15.705 -0.0131598 -0.0129711 4.33909 0.0778116 0.0938615 4.41961 -0.155718 0.40997 3.0342 -0.351055 0.638583 1.46466
15.755 0.128127 0.0886659 3.49529 0.0481149 -0.354037 3.45829 -0.0375276 0.138774 2.3013 -0.0168516 0.0960116 0.901552
15.805 0.240557 0.00820327 2.63877 -0.0513951 0.511825 2.50104 0.0899181 -0.274069 1.41125 0.384021 -0.501094 0.34002
15.855 -0.0672416 -0.0646482 1.63961 0.245867 -0.507763 1.75976 0.160796 -0.324077 0.495612 0.431773 -0.802658 -0.173459
15.905 -0.143872 0.0356519 0.777099 -0.317697 0.343992 0.825338 0.0375079 -0.0237284 -0.489325 0.150009 -0.599171 -0.737731
15.955 -0.00874266 0.0585547 -0.179334 0.276321 -0.080142 -0.205829 -0.0851012 0.230476 -1.13411 -0.171774 0.0243024 -1.30692
16.005 0.0676292 -0.0660719 -1.28299 -0.011779 -0.214746 -1.12937 -0.11063 0.230567 -1.8026 -0.211826 0.659101 -1.53415
16.055 0.01845 -0.0573795 -2.3431 -0.112599 0.448104 -2.32102 -0.0573219 0.0522934 -2.61444 -0.199649 0.84262 -1.52578
16.105 0.0992182 0.0546202 -3.44321 0.239969 -0.537603 -3.50559 0.297001 -0.163135 -3.13036 0.0414773 0.431307 -1.75845
16.155 0.0272814 0.00269371 -4.62563 -0.286897 0.470637 -4.59625 0.223436 -0.272473 -3.57395 0.087498 -0.273246 -1.90581
16.205 -0.0678934 -0.0816252 -5.69006 0.248643 -0.262122 -5.76044 -0.0709804 -0.123187 -4.27112 0.153119 -0.756563 -1.92936
16.255 -0.0977602 0.0139668 -6.63491 -0.130103 -0.0324043 -6.77678 -0.155904 0.218056 -4.38168 0.097641 -0.709725 -1.87716
16.305 0.00663864 0.0759226 -7.54646 0.0560295 0.305951 -7.62142 0.0371071 0.355909 -4.74206 0.20711 -0.221148 -1.87995
16.355 0.0230487 -0.030379 -8.23368 0.117223 -0.487518 -8.33736 0.115979 0.0558908 -5.00849 -0.0353916 0.368107 -1.84505
16.405 0.149287 -0.0431547 -8.74238 -0.202982 0.522556 -8.91566 0.229121 -0.339684 -5.06702 -0.209307 0.709288 -1.74555
16.455 0.01573 0.0739444 -9.16937 0.212221 -0.392213 -9.23752 0.0907245 -0.32244 -5.29903 -0.361974 0.623171 -1.66998
16.505 -0.0475912 0.0443793 -9.3802 -0.277934 0.144836 -9.45319 0.0189408 0.0745057 -5.20261 -0.167652 0.153913 -1.94347
16.555 -0.0569796 -0.0634871 -9.4545 0.0995719 0.138173 -9.5143 -0.160229 0.337577 -5.24872 0.146429 -0.443753 -1.83252
16.605 0.00298283 -0.00227824 -9.38761 0.218654 -0.384176 -9.25972 -0.236079 0.195328 -5.20756 0.317709 -0.792897 -1.656
16.655 -0.0542577 0.0676608 -9.06785 -0.177215 0.502801 -9.0563 -0.0484607 -0.107245 -5.07828 0.163142 -0.622352 -1.71909
16.705 0.168872 -0.0360714 -8.70588 0.39 -0.460283 -8.83551 0.478659 -0.246582 -4.85135 0.0460795 -0.000404096 -1.64356
16.755 0.16118 -0.0801882 -8.46262 -0.263054 0.282137 -8.5046 0.367432 -0.172614 -4.80463 -0.0479494 0.640523 -1.67501
16.805 0.0513756 0.0339436 -8.15881 0.128871 -0.012034 -8.24862 -0.0939458 0.0224415 -4.82922 -0.319737 0.831017 -1.59953
16.855 0.00283941 0.0360868 -7.7454 -0.02856 -0.264997 -7.87458 -0.315913 0.227819 -4.65949 -0.234513 0.442727 -1.54322
16.905 -0.0618994 -0.0704499 -7.234 -0.0723536 0.450906 -7.29768 -0.235519 0.248989 -4.38537 -0.0745101 -0.227438 -1.68252
16.955 0.00247697 -0.020904 -6.48757 0.416698 -0.503265 -6.59557 0.0841842 -0.0245568 -3.96961 0.353144 -0.702195 -1.55582
17.005 0.0293092 0.0784223 -5.59899 -0.200591 0.397466 -5.73247 0.215586 -0.334622 -3.71504 0.477742 -0.706822 -1.44344
17.055 0.177753 0.0028759 -4.64872 0.282785 -0.163915 -4.6554 0.15552 -0.272075 -3.25493 0.341416 -0.290849 -1.47173
17.105 0.237804 -0.0579234 -3.52314 -0.111066 -0.12045 -3.53284 0.0539229 0.138997 -2.96959 -0.126349 0.271645 -1.33817
17.155 0.00438485 0.0475874 -2.36104 -0.107882 0.366954 -2.39289 -0.141184 0.385514 -2.38853 -0.437271 0.671825 -1.24776
17.205 -0.0312482 0.0698626 -1.27515 0.154887 -0.507713 -1.21312 -0.182136 0.15483 -1.76978 -0.372397 0.672355 -1.00734
17.255 -0.0825409 -0.0493811 -0.218218 -0.227143 0.492173 -0.286902 -0.0836886 -0.224861 -1.1774 -0.0807527 0.246585 -0.791855
17.305 -0.145539 -0.0381638 0.665426 0.274421 -0.323031 0.620827 0.132594 -0.301362 -0.505304 0.249902 -0.371821 -0.495293
17.355 -0.114492 0.0622403 1.46641 -0.241519 0.0623324 1.52898 0.0920332 -0.063354 0.0718498 0.236895 -0.772298 -0.0109023
17.405 0.122108 0.000732611 2.34301 0.103854 0.220377 2.318 -0.0498245 0.176973 0.972795 0.308924 -0.643265 0.139321
17.455 0.0640117 -0.0852126 3.20974 0.0617212 -0.437743 3.21508 -0.22851 0.22198 1.60159 -0.0214227 -0.0536639 0.7396
17.505 -0.0158502 0.00394026 4.06767 -0.1719 0.517743 4.0558 0.00348414 0.100553 2.49577 -0.199367 0.56596 0.907605
17.555 -0.0765779 0.0561767 4.90521 0.264181 -0.441444 4.91323 0.199822 -0.113885 3.41334 -0.345249 0.763358 1.42781
17.605 -0.0114553 -0.0474731 5.708 -0.213109 0.236486 5.76956 0.0879364 -0.276877 4.21305 -0.169364 0.42837 1.65838
17.655 0.00364584 -0.0508518 6.50365 0.153733 0.0429697 6.5084 -0.229748 -0.158313 5.02488 0.1474 -0.161195 1.90323
17.705 0.0218364 0.0665688 7.19094 0.0085427 -0.303597 7.18411 -0.332172 0.1895 5.39149 0.318664 -0.598601 2.51517
17.755 0.145789 0.0398123 7.72429 -0.104338 0.464431 7.73989 -0.0302757 0.359792 5.86011 0.358754 -0.632808 2.6104
17.805 0.136356 -0.0559011 8.21108 0.319248 -0.486142 8.25272 0.0735491 0.0902729 6.22442 0.0479866 -0.274637 2.91508
17.855 0.0743427 0.0113886 8.65645 -0.185857 0.354493 8.69863 0.0706822 -0.298674 6.27412 -0.394562 0.254263 2.82693
17.905 -0.0381571 0.0788316 9.05367 0.187334 -0.11232 9.04387 -0.0718214 -0.31001 6.35324 -0.525362 0.644991 3.01804
17.955 0.078316 -0.0217439 9.31726 0.000235693 -0.159191 9.37665 -0.0045743 0.0450197 6.31966 -0.324924 0.625926 2.71012
18.005 -0.066545 -0.0619505 9.48433 -0.0995173 0.380012 9.59475 -0.166028 0.29871 6.1072 0.0542389 0.169923 2.66652
18.055 -0.0147155 0.0413163 9.58964 0.196682 -0.483409 9.61591 -0.220324 0.19755 5.94089 0.231636 -0.437367 2.27976
18.105 0.11138 0.0304357 9.4077 -0.248662 0.432593 9.5193 0.18988 -0.0598099 5.58127 0.253123 -0.752997 1.9843
18.155 0.0699561 -0.0779428 9.04067 0.308011 -0.244147 9.2585 0.322816 -0.205295 5.24177 -0.019949 -0.518473 1.76807
18.205 -0.085911 -0.0313198 8.5423 -0.243342 -0.016905 8.7974 0.0701429 -0.175433 4.77373 -0.171792 0.0925733 1.54636
18.255 0.0434255 0.0603222 7.86116 0.0999905 0.279148 8.2069 -0.0919568 -0.00775348 4.19835 -0.254248 0.618236 1.38828
18.305 0.051514 -0.0132022 7.08075 0.216189 -0.453587 7.23591 -0.370206 0.209212 3.53788 -0.181509 0.691622 1.12347
18.355 -0.0706778 -0.0646237 5.95599 -0.17879 0.49117 6.04805 -0.176223 0.258068 3.00364 -0.0416893 0.306836 1.11111
18.405 -0.0865455 0.0433153 4.60498 0.246076 -0.375772 4.78526 0.0435948 5.20515e-05 2.09821 0.102833 -0.236735 0.866106
18.455 0.00920835 0.0673382 3.22733 -0.351082 0.145381 3.20475 0.0798859 -0.318593 1.62762 0.354132 -0.594209 0.751571
18.505 0.115824 -0.0402479 1.75453 0.117839 0.131509 1.66644 0.0518447 -0.265173 1.06708 0.277857 -0.587179 0.527213
18.555 -0.0422627 -0.0208722 0.250881 -0.0706369 -0.369455 0.279846 -0.0553127 0.125747 0.469264 0.000273194 -0.234356 0.327403
18.605 0.0346037 0.0755201 -1.08416 -0.094171 0.494766 -1.23603 -0.0573191 0.357216 -0.284192 -0.149724 0.268151 0.00965474
18.655 0.0284948 0.0116144 -2.36702 0.345524 -0.471306 -2.47814 -0.0814797 0.152301 -0.868056 -0.298882 0.635726 -0.29375
18.705 -0.11152 -0.072665 -3.55851 -0.264369 0.304185 -3.59158 0.0228941 -0.196336 -1.23393 -0.229111 0.603079 -0.516152
18.755 0.0375854 0.0096883 -4.47341 0.247912 -0.0476977 -4.65857 0.272566 -0.275473 -1.91368 0.106511 0.143697 -0.760293
18.805 0.11037 0.0502919 -5.31203 -0.0480014 -0.222731 -5.43462 0.237989 -0.0754121 -2.43512 0.353534 -0.440104 -0.997032
18.855 0.0305537 -0.0560833 -6.01012 -0.145695 0.419737 -6.08043 -0.0545913 0.139042 -2.9275 0.348651 -0.722366 -1.40757
18.905 -0.0910183 -0.0603036 -6.44903 0.118214 -0.489514 -6.56724 -0.240324 0.212162 -3.49403 0.12636 -0.489354 -1.5147
18.955 -0.0102482 0.0495133 -6.81963 -0.198781 0.407297 -6.92094 0.0841578 0.126944 -3.77835 -0.0632788 0.0721648 -1.65775
19.005 -0.0438688 0.0217534 -7.08545 0.285891 -0.201103 -7.10462 0.234405 -0.0915535 -4.31332 -0.273214 0.547181 -1.82976
19.055 -0.0285686 -0.0637337 -7.21264 -0.104041 -0.0638635 -7.2549 0.158297 -0.277608 -4.8559 -0.248226 0.629156 -1.99254
19.105 0.0564651 0.0108459 -7.29569 0.00932624 0.305114 -7.35699 -0.0671286 -0.183153 -4.88527 -0.116565 0.315504 -1.85277
19.155 0.0732113 0.0802813 -7.35268 0.106904 -0.450963 -7.31572 -0.231164 0.163144 -5.23683 0.154003 -0.164998 -2.15169
19.205 -0.00477773 -0.0126119 -7.35383 -0.362208 0.452121 -7.36511 -0.131441 0.349181 -5.34104 0.351949 -0.5314 -2.22964
19.255 -0.000587317 -0.0446961 -7.30596 0.262221 -0.312006 -7.30161 0.0311157 0.106875 -5.49641 0.313473 -0.587011 -2.11018
19.305 -0.0286116 0.0557019 -7.25018 -0.177913 0.0757237 -7.21447 0.0114392 -0.267983 -5.34821 -0.0585479 -0.285817 -2.10149
19.355 -0.0150738 0.0409325 -7.14666 0.14599 0.186468 -7.19275 0.11345 -0.303292 -5.28379 -0.246257 0.223791 -2.03388
19.405 -0.0132202 -0.0658587 -7.03823 0.0597517 -0.390727 -7.05028 0.186417 0.00332563 -5.10578 -0.255196 0.619911 -2.05119
19.455 0.000394234 -0.0244219 -6.90414 -0.225204 0.471233 -6.93389 0.0284574 0.246277 -4.92113 -0.140937 0.603498 -1.95374
19.505 -0.000824682 0.0542276 -6.66564 0.236246 -0.408683 -6.72833 -0.0842623 0.197811 -4.57179 0.0370542 0.155824 -1.90016
19.555 -0.0910097 -0.0255599 -6.38114 -0.356862 0.216145 -6.43858 0.0366975 -0.00567131 -4.13347 0.190027 -0.411512 -1.75234
19.605 -0.0148374 -0.0762214 -5.98193 0.226641 0.0452053 -6.04667 0.294242 -0.168034 -3.74965 0.300626 -0.678211 -1.69437
19.655 -0.0587555 0.0269854 -5.44356 -0.0109499 -0.293288 -5.49722 0.180528 -0.202599 -3.31975 0.277721 -0.468372 -1.3246
19.705 -0.0622355 0.0489883 -4.82405 -0.156478 0.45304 -4.88721 -0.0839157 -0.069342 -2.81755 0.0417732 0.0336106 -1.18997
19.755 -0.00850479 -0.0485767 -4.08225 0.126209 -0.477957 -4.09862 -0.23392 0.176709 -2.32448 -0.288464 0.467236 -0.857411
19.805 0.0128346 -0.0200859 -3.25171 -0.308285 0.355015 -3.30929 -0.122098 0.281049 -1.81789 -0.3546 0.579333 -0.623636
19.855 -0.0502894 0.0784254 -2.38919 0.188522 -0.125049 -2.43409 0.064104 0.0478341 -1.05546 -0.233675 0.346392 -0.328667
19.905 -0.00645721 0.0202582 -1.48925 -0.080052 -0.139299 -1.49417 0.171133 -0.287586 -0.701832 0.229964 -0.0787834 -0.0242271
19.955 -0.0125347 -0.05425 -0.546131 0.00666456 0.364094 -0.616681 0.046093 -0.284462 -0.0068211 0.401342 -0.467249 0.380197
20.005 -0.0450801 0.0276993 0.423482 0.119494 -0.475506 0.408765 -0.0277296 0.0666514 0.50373 0.208336 -0.587897 0.502438
20.055 0.0681527 0.0613862 1.39984 -0.286428 0.441081 1.41879 -0.0850828 0.316209 1.08049 0.0439428 -0.326013 0.695204
20.105 0.0995322 -0.0464888 2.46277 0.206343 -0.274868 2.41715 -0.23427 0.178165 1.68001 -0.299721 0.185158 0.920621
20.155 -0.0123902 -0.0544131 3.49588 -0.172965 0.0286929 3.44922 -0.0410669 -0.120745 2.29562 -0.324954 0.598633 1.05347
20.205 -0.134606 0.0440965 4.45718 0.0695667 0.226785 4.51846 0.221786 -0.231148 3.14037 -0.236431 0.592231 0.993917
20.255 -0.100465 0.00847263 5.5027 0.132964 -0.404357 5.52174 0.230912 -0.115475 3.65698 4.34949e-05 0.14746 1.16532
20.305 -0.0159401 -0.0762653 6.44656 -0.183649 0.457158 6.41294 0.0366889 0.0669798 3.94826 0.252492 -0.392518 1.34483
20.355 -0.0418951 -0.00288365 7.24527 0.214265 -0.368392 7.31679 -0.338482 0.187676 4.28065 0.271782 -0.623894 1.36885
20.405 -0.0235664 0.0637721 7.94996 -0.350377 0.164361 7.96815 -0.224862 0.173174 4.63968 0.121266 -0.410999 1.60438
20.455 0.120224 -0.0219596 8.47979 0.19407 0.090424 8.45799 0.108727 -0.0262484 5.0261 -0.0577633 0.0515099 1.88511
20.505 0.012867 -0.043201 8.81686 0.061548 -0.312195 8.93629 0.0501579 -0.253669 5.10037 -0.568242 0.44375 1.90239
20.555 0.0836759 0.060943 9.05088 -0.0271527 0.438782 9.08878 0.0119141 -0.209815 5.20522 -0.461396 0.544366 2.09888
20.605 0.154086 0.049053 9.09794 0.340901 -0.427091 9.11459 -0.167639 0.11571 5.3308 -0.108219 0.31802 2.26087
20.655 0.0970043 -0.0504432 8.84666 -0.280457 0.279123 8.98821 -0.155312 0.326157 5.52276 0.291673 -0.104018 2.2946
20.705 0.0364842 -0.00742561 8.49273 0.215943 -0.0452804 8.52563 -0.109044 0.134036 5.37549 0.477112 -0.479268 2.2723
20.755 0.0445136 0.0638712 7.90219 -0.114262 -0.20372 8.01577 -0.044782 -0.205661 5.32871 0.274557 -0.55716 2.25254
20.805 0.0740438 -0.0196646 7.1742 -0.0595524 0.395974 7.41982 0.0754063 -0.266502 5.18382 0.0553529 -0.250555 2.19139
20.855 -0.0101782 -0.0713531 6.54015 0.255937 -0.463796 6.86163 0.121602 -0.0259932 4.84918 -0.213793 0.256714 1.98946
20.905 -0.0824449 0.0230643 5.96694 -0.11987 0.388697 6.03029 -0.0460764 0.18302 4.37615 -0.374428 0.596843 1.97803
20.955 -0.0590485 0.0354402 5.17773 0.36933 -0.198707 5.19314 -0.210717 0.177152 3.84898 -0.192613 0.50639 1.71295
21.005 -0.0332003 -0.0637328 4.21009 -0.224073 -0.0566682 4.35487 -0.213434 0.0392677 3.29368 0.0215943 0.0580803 1.53197
21.055 0.0217023 -0.0342116 3.3136 -0.0863907 0.295374 3.24111 0.0578559 -0.111901 2.22448 0.326617 -0.398801 1.17333
21.105 0.0757742 0.0626299 2.36833 0.00181377 -0.439654 2.30523 0.287594 -0.193033 1.72151 0.439201 -0.549127 0.912293
21.155 0.0957679 0.00938005 1.36317 -0.20841 0.456656 1.37773 -0.00728413 -0.102177 1.11051 0.269997 -0.33565 0.541928
21.205 0.000444842 -0.0519844 0.514763 0.377103 -0.334422 0.450896 -0.15049 0.141296 0.329919 -0.0753031 0.0584535 0.182556
21.255 -0.0256994 0.0363405 -0.350344 -0.0383743 0.107768 -0.39117 0.0167062 0.272948 -0.455118 -0.387935 0.386917 -0.195184
21.305 -0.0146705 0.0708459 -1.24002 0.187613 0.142829 -1.20372 0.131773 0.0732109 -0.976607 -0.512682 0.483462 -0.761109
21.355 0.0258654 -0.0321771 -2.00193 -0.041886 -0.34995 -2.02272 0.145135 -0.242846 -1.42912 -0.138939 0.293855 -0.93892
21.405 0.0669834 -0.0371188 -2.79734 -0.28306 0.449481 -2.86388 0.0938588 -0.264397 -2.02849 0.312521 -0.0977192 -1.15209
21.455 0.0806377 0.0543242 -3.58581 0.195683 -0.404726 -3.54508 0.0602073 0.0353853 -2.74638 0.557201 -0.460082 -1.443
21.505 0.0247904 0.0112604 -4.26775 -0.242159 0.2396 -4.33271 -0.0296191 0.258654 -2.97815 0.324037 -0.533591 -1.69101
21.555 -0.0563622 -0.074134 -4.92526 0.303363 -0.00410745 -5.01068 -0.0579438 0.157901 -3.36897 -0.059953 -0.222937 -1.85442
21.605 -0.124287 -0.00705152 -5.53872 0.0423398 -0.235283 -5.52785 0.0854065 -0.0817971 -3.98756 -0.409455 0.266373 -1.70193
21.655 -0.0747514 0.0487002 -6.04735 -0.11326 0.393659 -6.13507 0.239179 -0.181398 -4.04186 -0.475815 0.564117 -1.77574
21.705 0.0292333 -0.0388983 -6.48557 0.114459 -0.42907 -6.539 0.163341 -0.117342 -4.35955 -0.36938 0.447201 -1.75222
21.755 0.0454787 -0.056399 -6.86482 -0.406826 0.331687 -6.89819 -0.125679 0.0146457 -4.48676 -0.101994 0.0263956 -1.77047
21.805 0.00725784 0.0479934 -7.12107 0.172359 -0.126074 -7.19569 -0.278671 0.144942 -4.76003 0.299282 -0.377323 -1.64045
21.855 0.0123225 0.0403302 -7.31529 -0.103512 -0.118635 -7.36828 -0.100916 0.177492 -4.6077 0.516087 -0.508394 -1.71628
21.905 -0.0824658 -0.0454981 -7.45223 0.0915272 0.323988 -7.49095 0.0972568 0.0122669 -4.60767 0.276694 -0.32337 -1.62377
21.955 -0.0786935 0.00548209 -7.44799 0.201629 -0.434462 -7.46725 0.0867257 -0.222419 -4.54942 -0.123791 0.0310064 -1.57786
22.005 0.00583121 0.0754339 -7.37491 -0.295673 0.40675 -7.41156 0.00687462 -0.220522 -4.42251 -0.490651 0.359093 -1.38959
22.055 0.102043 -0.00579248 -7.20661 0.143668 -0.252619 -7.19219 -0.00227607 0.0649067 -4.09153 -0.431481 0.488284 -1.54163
22.105 0.0463918 -0.0548875 -6.89853 -0.355115 0.0219865 -6.9363 -0.0863276 0.277486 -4.06865 -0.040118 0.321721 -1.54409
22.155 -0.11126 0.0325325 -6.53917 0.0126429 0.22026 -6.62715 -0.139491 0.140969 -3.88635 0.344814 -0.0736735 -1.33634
22.205 -0.126563 0.0367159 -6.11098 0.0999971 -0.396846 -6.14289 -0.0212374 -0.149688 -3.45427 0.521953 -0.456524 -1.29214
22.255 -0.220232 -0.0623001 -5.56541 -0.138125 0.44959 -5.67592 0.00386571 -0.224137 -3.27228 0.331064 -0.536803 -1.31855
22.305 -0.136348 -0.0372301 -4.90526 0.233233 -0.37105 -4.96977 0.0302257 -0.0566683 -2.95972 0.138869 -0.23531 -1.27861
22.355 -0.0244224 0.0474038 -4.12922 -0.387612 0.178312 -4.17091 -0.130683 0.113903 -2.58937 -0.243238 0.232391 -1.02738
22.405 0.0613909 -0.00889593 -3.23779 -0.026126 0.0685051 -3.27934 -0.158172 0.143617 -2.3662 -0.43516 0.514282 -0.988095
22.455 0.036355 -0.0653565 -2.26454 -0.118681 -0.289519 -2.234 0.0449225 0.0776698 -1.83471 -0.314068 0.424004 -0.772182
22.505 -0.0826951 0.0250662 -1.26815 -0.0761304 0.423552 -1.30303 0.192825 -0.0479883 -1.27215 0.00809083 0.068034 -0.635995
22.555 -0.0957623 0.0633878 -0.330631 0.329399 -0.428014 -0.345427 0.124267 -0.170784 -0.943886 0.350807 -0.292016 -0.487576
22.605 -0.100401 -0.0274504 0.507195 -0.185612 0.301645 0.480935 -0.128832 -0.141416 -0.35988 0.449929 -0.443976 -0.169774
22.655 0.0108347 -0.023466 1.28142 0.197532 -0.0851385 1.31901 -0.132371 0.0812213 0.202304 0.256297 -0.333833 0.115806
22.705 0.123921 0.0671054 2.06618 -0.199459 -0.152007 2.06062 0.00872159 0.245164 1.0311 -0.15645 -0.0272747 0.201454
22.755 0.161109 0.024923 2.77334 -0.125748 0.341929 2.69143 0.119298 0.111913 1.19938 -0.340634 0.306901 0.508773
22.805 0.061615 -0.0580808 3.40335 0.177263 -0.420951 3.48981 0.160313 -0.17154 2.13214 -0.377552 0.471418 0.803016
22.855 -0.041101 0.00362703 4.11781 -0.119895 0.368734 4.0896 0.125734 -0.233328 2.7118 -0.138639 0.319907 0.961838
22.905 -0.0427259 0.0501911 4.7832 0.427573 -0.202692 4.79786 0.100461 -0.0124458 3.44485 0.140114 -0.0834838 1.24059
22.955 0.00889872 -0.0413483 5.39772 -0.0793856 -0.0265594 5.45465 -0.0234116 0.183879 3.90343 0.387386 -0.449641 1.616
23.005 0.092137 -0.0626118 5.98878 0.0554151 0.246724 5.90562 -0.116494 0.145353 4.32738 0.33819 -0.486754 1.65328
23.055 0.168879 0.0332264 6.40623 0.0295541 -0.389511 6.50963 0.111429 -0.01205 4.62345 0.031681 -0.152904 2.02906
23.105 0.110813 0.0216278 6.82333 -0.295446 0.409705 6.83616 0.170554 -0.106484 4.89972 -0.254815 0.283757 2.22673
23.155 -0.0330571 -0.0601017 7.18269 0.267987 -0.302283 7.12634 0.120528 -0.113906 5.06029 -0.438195 0.491694 2.30075
23.205 -0.115525 -0.00484073 7.34479 -0.114857 0.0988158 7.48799 -0.0287247 -0.0486395 5.06163 -0.375584 0.352366 2.30334
23.255 -0.094066 0.0693406 7.55023 0.295948 0.136641 7.53786 -0.143404 0.0901698 5.0262 0.00772703 0.00568591 2.35441
23.305 -0.00478003 -0.00204638 7.59764 0.0368288 -0.33226 7.59931 -0.0861849 0.184427 4.99428 0.379335 -0.308546 2.13133
23.355 0.0725518 -0.0412951 7.43179 -0.205528 0.426685 7.5883 -0.0119054 0.0726866 4.84959 0.483461 -0.422709 1.93893
23.405 0.134014 0.0474643 7.28879 0.124999 -0.39134 7.29067 0.110637 -0.164337 4.60491 0.341533 -0.291314 1.90517
23.455 0.0807575 0.0489987 6.8814 -0.329023 0.237929 6.92265 -0.0241495 -0.213013 4.33377 -0.114998 0.019346 1.4953
23.505 -0.00530404 -0.0495418 6.31139 0.245822 -0.00938499 6.52682 -0.0697213 0.0147206 3.98755 -0.319808 0.347216 1.35854
23.555 -0.121188 -0.0265421 5.79922 -0.0229428 -0.220819 5.95371 -0.150673 0.219332 3.45822 -0.354071 0.473961 1.13838
23.605 -0.111742 0.049636 5.15772 0.0462767 0.38374 5.35928 -0.159708 0.142315 3.00009 -0.17021 0.277876 1.00955
23.655 -0.0492208 -0.0132162 4.49073 0.159819 -0.429425 4.65695 -0.00440316 -0.0786926 2.54427 0.0614761 -0.134111 0.872029
23.705 0.0302632 -0.0729891 3.69755 -0.336728 0.347384 3.68427 0.0548923 -0.162154 1.85153 0.315205 -0.457873 0.738411
23.755 0.120717 0.0111612 2.66251 0.144804 -0.158888 2.77991 0.112685 -0.0762465 1.26225 0.338998 -0.444599 0.560042
23.805 0.067193 0.0439109 1.62482 -0.182691 -0.0732316 1.67744 -0.0124657 0.0386459 0.731566 0.0850037 -0.114723 0.380786
23.855 -0.0337178 -0.0424291 0.588103 0.0768041 0.280351 0.473548 -0.242776 0.104633 0.274389 -0.181537 0.266172 0.217205
23.905 -0.0929761 -0.0294762 -0.53513 0.246039 -0.399748 -0.495992 -0.054804 0.111814 -0.324476 -0.371159 0.431252 -0.0071996
23.955 -0.0864309 0.0647704 -1.55617 -0.158046 0.392807 -1.61187 0.183115 0.0195921 -0.892663 -0.378308 0.306735 -0.354248
24.005 0.0314726 0.0274789 -2.4884 0.229141 -0.265559 -2.59969 0.219127 -0.140714 -1.25546 -0.09048 0.0162318 -0.588732
24.055 0.104778 -0.0464601 -3.40244 -0.308536 0.0573467 -3.44121 0.0615512 -0.174152 -1.66197 0.305817 -0.263744 -0.660434
24.105 0.0894888 0.0188553 -4.15624 -0.00467254 0.166241 -4.24234 -0.103395 0.0173604 -2.20585 0.419437 -0.390499 -0.955019
24.155 -0.00941873 0.0625966 -4.77612 -0.00816048 -0.336798 -4.88351 -0.126886 0.214102 -2.42521 0.247812 -0.289605 -1.14971
24.205 -0.0848834 -0.0289255 -5.32016 -0.123345 0.398168 -5.41946 -0.0751629 0.139122 -2.90829 -0.199516 0.0104442 -1.42175
24.255 -0.109828 -0.0505307 -5.70552 0.371086 -0.336452 -5.75423 0.038566 -0.108387 -3.21556 -0.451328 0.339038 -1.44604
24.305 -0.0739649 0.0353574 -5.96886 -0.218633 0.167039 -6.06965 0.163553 -0.20124 -3.7238 -0.42525 0.449405 -1.52536
24.355 0.039714 0.0140211 -6.17625 0.135 0.0553174 -6.22082 0.113833 -0.0557697 -3.74697 -0.20381 0.231719 -1.55325
24.405 0.0984812 -0.0694607 -6.27863 -0.162526 -0.262228 -6.27968 -0.045735 0.106766 -4.1426 0.110452 -0.170763 -1.61395
24.455 0.0385625 -0.0169483 -6.30126 -0.16772 0.388353 -6.37963 -0.184339 0.120024 -4.29619 0.309964 -0.44668 -1.64033
24.505 -0.0649297 0.0524724 -6.31926 0.185131 -0.395325 -6.28387 -0.129818 0.0408899 -4.38897 0.346613 -0.391942 -1.67605
24.555 -0.0596488 -0.0154255 -6.27129 -0.148661 0.278885 -6.25891 0.130356 -0.0419056 -4.47375 0.26667 -0.0747065 -1.75516
24.605 -0.0598765 -0.0454844 -6.14564 0.373495 -0.0765914 -6.16954 0.162503 -0.113673 -4.39304 -0.0485108 0.257681 -1.66439
24.655 -0.00212841 0.0462452 -6.02731 -0.115987 -0.150805 -6.00931 0.0197469 -0.110438 -4.32104 -0.328808 0.394531 -1.5423
24.705 0.0884478 0.051527 -5.87476 -0.0833707 0.333667 -5.90621 -0.0777292 0.030908 -4.05118 -0.384592 0.29148 -1.60965
24.755 0.118268 -0.0368748 -5.6581 0.0124625 -0.416288 -5.67953 -0.105588 0.182817 -3.98708 -0.0647542 0.0367103 -1.65148
24.805 0.0355858 -0.00971695 -5.40851 -0.259774 0.372057 -5.47572 -0.0599865 0.120886 -3.75198 0.317415 -0.242163 -1.52627
24.855 -0.0342823 0.062309 -5.08453 0.316283 -0.217332 -5.12303 -0.0132839 -0.113498 -3.32755 0.498098 -0.400428 -1.47622
24.905 -0.025776 -0.00274017 -4.66316 -0.0456096 -0.00297422 -4.71442 -0.0174592 -0.211755 -2.97257 0.316553 -0.321396 -1.33231
24.955 -0.0391901 -0.0630741 -4.14214 0.173701 0.219836 -4.19586 0.00353124 -0.0458783 -2.56254 0.0752249 -0.0128034 -1.25592
25.005 0.0286358 0.0118942 -3.51228 0.0458725 -0.367991 -3.51504 -0.0485522 0.153907 -2.26076 -0.184356 0.335015 -0.995127
25.055 0.137812 0.0343744 -2.82128 -0.231618 0.402224 -2.8826 -0.12355 0.142552 -1.81362 -0.32774 0.458179 -0.793421
25.105 0.10669 -0.0533864 -2.09034 0.198593 -0.314065 -2.06164 -0.0371046 -0.00812348 -1.33357 -0.276158 0.24431 -0.452613
25.155 -0.0178481 -0.0417811 -1.30836 -0.208466 0.131801 -1.34285 0.14496 -0.102503 -0.867506 0.042862 -0.142929 -0.269021
25.205 -0.0640778 0.0487101 -0.551673 0.24159 0.0890147 -0.626432 0.227395 -0.0921926 -0.382109 0.365628 -0.405258 0.0750677
25.255 -0.0573966 0.0144175 0.152577 0.0518491 -0.277555 0.180522 0.0395686 -0.0343979 0.228232 0.492065 -0.36788 0.283306
25.305 -0.0518272 -0.0499212 0.906008 -0.145625 0.378963 0.880266 -0.143676 0.0546882 0.656584 0.209309 -0.0961572 0.506628
25.355 0.000790062 0.0208166 1.69751 0.121187 -0.35983 1.71059 -0.0731675 0.137274 1.14146 -0.183573 0.199561 0.748021
25.405 0.0752603 0.0676694 2.45703 -0.359803 0.228136 2.44777 0.0811378 0.0825357 1.69431 -0.449456 0.350135 0.82627
25.455 0.0105555 -0.0161463 3.21266 0.164464 -0.0251442 3.16571 0.132399 -0.103915 2.3185 -0.416591 0.290844 0.944013
25.505 -0.0999294 -0.0334564 3.9057 -0.102809 -0.184615 3.94149 0.0969956 -0.194149 2.85771 -0.173515 0.0626975 1.03896
25.555 -0.108186 0.0489989 4.59426 0.0173463 0.337908 4.60864 -0.0016526 -0.0333236 3.181 0.153327 -0.222273 1.185
25.605 -0.0452918 0.0236607 5.28732 0.172958 -0.385218 5.25571 -0.109165 0.178469 3.62923 0.329259 -0.384304 1.27905
25.655 -0.045633 -0.0624969 5.83289 -0.362238 0.311466 5.84531 -0.104343 0.162522 3.9295 0.204212 -0.285575 1.3867
25.705 -0.0197209 -0.0173436 6.34339 0.097798 -0.141302 6.41727 0.010771 -0.0425813 4.03386 -0.0690421 0.0420505 1.49619
25.755 0.0109227 0.0420955 6.81702 -0.294032 -0.0748037 6.79403 0.137371 -0.158951 4.10659 -0.261115 0.362523 1.6321
25.805 -0.0631909 -0.0292926 7.09251 0.0716915 0.271056 7.12517 0.120668 -0.0812297 4.34727 -0.343495 0.4183 1.73312
25.855 -0.167491 -0.0589893 7.27841 0.129841 -0.38444 7.37663 -0.0537672 0.0456472 4.34288 -0.256657 0.156703 1.82922
25.905 -0.162636 0.0316543 7.32867 -0.155687 0.381809 7.30198 -0.210011 0.0947529 4.30396 -0.0476096 -0.202879 1.77703
25.955 -0.0215556 0.039185 7.14692 0.231773 -0.263622 7.23464 -0.188826 0.0834804 4.15581 0.285929 -0.391652 1.77195
26.005 0.0412456 -0.0409754 6.8137 -0.32815 0.0654455 6.92523 -0.0187278 0.0204624 4.26152 0.339628 -0.301748 1.77716
26.055 0.125445 -0.00624294 6.37118 0.0986096 0.152994 6.37706 0.183232 -0.0942621 4.17151 0.210486 -0.0367757 1.67351
26.105 0.0936154 0.0689587 5.721 -0.0224656 -0.322515 5.84906 0.0326599 -0.144424 3.85574 -0.184336 0.224016 1.46339
26.155 0.0465718 0.00894485 5.01232 -0.0892175 0.396399 5.14274 -0.135657 -0.0126842 3.56414 -0.402532 0.349619 1.4056
26.205 0.00268564 -0.0458784 4.37038 0.222994 -0.349469 4.55265 -0.155062 0.170131 3.25671 -0.278839 0.283219 1.34822
26.255 -0.00742029 0.0269309 3.75308 -0.206998 0.196573 3.88905 -0.0560571 0.152084 2.86323 -0.0407476 0.0414515 1.17555
26.305 -0.0491415 0.0427648 3.13576 0.212106 0.0132958 3.11851 -0.0556091 -0.0637536 2.30069 0.212848 -0.255338 1.03724
26.355 -0.0796251 -0.0493838 2.35911 -0.0588829 -0.21519 2.41334 -0.0179596 -0.19455 1.58683 0.367842 -0.409507 0.830504
26.405 -0.00488282 -0.0427879 1.57495 -0.0547776 0.349029 1.57588 0.0880095 -0.0804767 1.12392 0.283961 -0.278736 0.626714
26.455 0.0725457 0.0385422 0.812046 0.170638 -0.371908 0.778191 0.0199959 0.101229 0.689908 0.100288 0.0680385 0.393631
26.505 0.0373844 -0.00122238 -0.0117332 -0.280672 0.279659 -0.0342536 -0.0855134 0.132335 0.0645968 -0.149119 0.37135 0.153375
26.555 -0.00803819 -0.0636496 -0.7723 0.21499 -0.101974 -0.760761 -0.082096 0.0364558 -0.501145 -0.266295 0.394026 -0.173418
26.605 0.0106528 0.00819424 -1.47075 -0.0697575 -0.107215 -1.53044 0.102199 -0.0527997 -1.20703 -0.166061 0.132303 -0.538536
26.655 -0.0387592 0.0555471 -2.19395 0.0605509 0.280095 -2.23435 0.190565 -0.0962249 -1.47926 -0.0161539 -0.193284 -0.751422
26.705 -0.030741 -0.0209021 -2.85302 0.131631 -0.364527 -2.82267 0.0466491 -0.0843918 -1.85067 0.248269 -0.354563 -0.915143
26.755 0.0500523 -0.0284945 -3.41119 -0.218755 0.333889 -3.51996 -0.0741721 0.0177781 -2.23065 0.369736 -0.279101 -1.15988
26.805 0.0703459 0.0578252 -3.96697 0.224124 -0.19736 -3.99305 -0.0209409 0.14819 -2.79408 0.220328 -0.0536133 -1.40358
26.855 0.0464723 0.0351386 -4.45887 -0.254018 -0.00261844 -4.476 0.0933032 0.126891 -2.8594 -0.146701 0.186505 -1.58761
26.905 0.031894 -0.045595 -4.83652 0.142983 0.201965 -4.93238 0.151257 -0.074059 -3.25165 -0.335461 0.32484 -1.62137
26.955 -0.0313941 -0.00124065 -5.19849 0.0784488 -0.341866 -5.2042 0.147244 -0.205948 -3.54518 -0.289881 0.272719 -1.52821
27.005 -0.0502089 0.0499942 -5.495 -0.117635 0.376155 -5.54309 0.0831426 -0.079167 -3.74793 -0.0474096 0.0324927 -1.5437
27.055 -0.0303178 -0.026658 -5.69278 0.228783 -0.295026 -5.7324 -0.0161264 0.140424 -3.87681 0.129373 -0.265224 -1.4592
27.105 0.0233472 -0.0603803 -5.8586 -0.269308 0.122466 -5.90446 -0.0519496 0.164653 -3.90749 0.222875 -0.398971 -1.50868
27.155 0.0040291 0.0217091 -5.96393 0.117128 0.0883189 -5.99928 -0.0787228 0.00284238 -3.97706 0.167028 -0.242222 -1.49059
27.205 -0.00634802 0.0230946 -6.00479 -0.107592 -0.273669 -6.01907 0.0870977 -0.122291 -3.89314 0.0875102 0.101049 -1.41485
27.255 -0.0161216 -0.0546304 -5.98784 -0.0564614 0.375472 -6.03657 0.162487 -0.101933 -3.83398 -0.144901 0.363671 -1.29114
27.305 -0.0601684 -0.0169934 -5.88368 0.226238 -0.365141 -5.86536 0.0103194 -0.017242 -3.62216 -0.302913 0.35401 -1.24917
27.355 -0.0582564 0.0584052 -5.70435 -0.229004 0.244236 -5.75948 -0.120331 0.0602663 -3.42691 -0.27808 0.106688 -1.21031
27.405 0.0240126 0.00508856 -5.45344 0.204993 -0.0509278 -5.46767 -0.0896227 0.10976 -3.32839 -0.0683738 -0.180159 -1.26485
27.455 0.0626867 -0.0395168 -5.09384 -0.138701 -0.155249 -5.10609 0.0267309 0.070476 -3.06897 0.22796 -0.328257 -1.15812
27.505 0.0312654 0.0373999 -4.63747 -0.04259 0.311326 -4.73964 0.0845308 -0.0777943 -2.72509 0.322395 -0.285563 -1.09999
27.555 0.018706 0.0545552 -4.12651 0.120952 -0.371483 -4.13016 -0.00595319 -0.173279 -2.36001 0.209617 -0.0917295 -1.00821
27.605 0.0182489 -0.0334809 -3.508 -0.167018 0.316726 -3.56731 -0.0900677 -0.0583892 -2.07388 -0.0220381 0.160346 -0.965011
27.655 -0.0503582 -0.0271913 -2.77988 0.277678 -0.165339 -2.81868 -0.10335 0.148573 -1.88604 -0.19211 0.341439 -0.817632
27.705 -0.0109142 0.0456278 -2.03236 -0.153764 -0.033132 -2.02427 -0.0951109 0.172039 -1.56092 -0.178494 0.318283 -0.684419
27.755 0.047356 -0.000507832 -1.23147 0.0761846 0.220166 -1.24315 -0.0643373 -0.022719 -1.04855 -0.125216 0.0649105 -0.375178
27.805 0.044969 -0.0658766 -0.413039 0.0823656 -0.33432 -0.423419 0.0691123 -0.169181 -0.687427 0.127104 -0.261749 -0.276575
27.855 0.0358392 -0.000860693 0.319169 -0.155044 0.343755 0.256304 0.112121 -0.100244 -0.289284 0.254328 -0.40774 -0.0958086
27.905 0.0531272 0.0399763 0.991997 0.308956 -0.244234 1.04243 -0.0501281 0.0538651 0.198176 0.239486 -0.249673 0.100879
27.955 0.0585497 -0.035477 1.67338 -0.160566 0.0691654 1.6764 -0.159591 0.109505 0.803101 0.0844213 0.0844679 0.268562
28.005 0.0108136 -0.0388921 2.32443 0.199106 0.130537 2.30583 -0.121012 0.0691803 1.17448 -0.0887155 0.330582 0.581073
28.055 0.0559709 0.0495818 2.89742 -0.000283179 -0.287136 2.91836 0.0149186 0.000317874 1.68573 -0.301759 0.3223 0.591383
28.105 0.110858 0.0325044 3.41617 -0.0742481 0.355915 3.34359 0.164644 -0.0805764 2.21044 -0.274662 0.109439 0.854396
28.155 0.061507 -0.038589 3.88408 0.268097 -0.31469 3.97016 0.121915 -0.116756 2.73925 -0.0384864 -0.138518 1.00311
28.205 0.0247111 0.0105899 4.39552 -0.190649 0.173667 4.4074 -0.0405549 -0.0239343 3.27898 0.186453 -0.282278 1.18796
28.255 0.0781855 0.0622098 4.88175 0.323818 0.0218164 4.81538 -0.0487025 0.137279 3.43148 0.251276 -0.257876 1.33376
28.305 0.0682594 -0.0130192 5.22092 -0.0631145 -0.212349 5.29606 0.0183879 0.152395 3.85426 0.134512 -0.0811064 1.57847
28.355 0.0365784 -0.047081 5.56584 -0.020422 0.339419 5.56225 0.109478 -0.031348 3.90427 -0.0659156 0.168739 1.71099
28.405 0.0680417 0.0281024 5.87125 0.144941 -0.364974 5.87058 0.0592415 -0.183392 3.97725 -0.216644 0.336473 1.73386
28.455 0.0479797 0.0213611 6.01898 -0.195505 0.279124 6.07973 0.0137597 -0.0994845 4.10572 -0.220779 0.278807 1.9588
28.505 -0.0479418 -0.0602087 6.17124 0.276395 -0.110758 6.19427 -0.00758719 0.0967646 4.144 -0.122699 0.00231715 1.83725
28.555 -0.0757521 -0.0276198 6.19337 -0.15005 -0.0919579 6.20592 -0.072981 0.149571 4.00362 -0.0257021 -0.295785 1.82384
28.605 -0.0112863 0.0419152 6.04304 0.0597795 0.264847 6.10395 -0.156648 0.0392046 3.85256 0.125451 -0.374871 1.64415
28.655 0.0243357 -0.0109508 5.84095 0.0499 -0.355781 5.90536 0.0472701 -0.0704555 3.74828 0.21796 -0.172055 1.54223
28.705 -0.00671832 -0.0498038 5.48978 -0.227712 0.340069 5.51199 0.184261 -0.0904279 3.63007 0.0806572 0.144076 1.33074
28.755 -0.00141291 0.0315209 5.02737 0.212771 -0.221216 5.13278 0.0275879 -0.0525907 3.19531 -0.0975243 0.335737 1.16765
28.805 -0.000881974 0.0528053 4.50156 -0.186256 0.0369847 4.55002 -0.122596 0.0243428 2.88548 -0.235034 0.295188 0.978876
28.855 -0.0127778 -0.0267085 3.90374 0.162171 0.15474 4.02946 -0.108914 0.11261 2.52 -0.142706 0.0899019 0.829327
28.905 0.0274945 -0.0138602 3.34479 0.0543195 -0.296469 3.5557 0.0135388 0.105639 2.13191 0.0483478 -0.146745 0.738879
28.955 0.0604536 0.0589012 2.80729 -0.137653 0.344384 2.8313 0.0687784 -0.0454942 1.61219 0.206617 -0.298519 0.584018
29.005 0.0195152 0.0116734 2.16126 0.166381 -0.28212 2.20503 -0.0179358 -0.169688 1.0609 0.222916 -0.2881 0.494237
29.055 -0.0169621 -0.0543732 1.37314 -0.284701 0.134388 1.44738 -0.042501 -0.0865529 0.58871 0.0964715 -0.0987219 0.30836
29.105 -0.026273 0.00536083 0.608402 0.188031 0.0555214 0.59625 -0.0659813 0.111147 0.195543 -0.0636606 0.182326 0.157867
29.155 -0.0511074 0.0372956 -0.213325 -0.0577386 -0.227258 -0.224664 -0.0802066 0.163084 -0.181242 -0.153461 0.36481 -0.00243451
29.205 -0.0513182 -0.0429921 -1.0729 -0.0466463 0.325604 -1.07518 -0.0329695 0.0147952 -0.704027 -0.115817 0.290155 -0.218535
29.255 0.00144408 -0.0489015 -1.81188 0.202167 -0.322429 -1.84578 0.0369763 -0.121018 -1.24853 -0.0449056 -0.00624676 -0.493837
29.305 0.0288799 0.0343074 -2.56098 -0.26791 0.217253 -2.65861 0.158906 -0.101688 -1.49467 0.0173 -0.296868 -0.661557
29.355 0.0224582 0.0159244 -3.26458 0.198133 -0.0422782 -3.26619 0.0752221 -0.000419079 -1.74754 0.102856 -0.355849 -0.753906
29.405 -0.00666776 -0.0488692 -3.80251 -0.181499 -0.147862 -3.881 -0.100558 0.0662175 -2.09074 0.167068 -0.158068 -0.932472
29.455 -0.00731041 0.00695525 -4.28519 0.0612884 0.292795 -4.41377 -0.0684847 0.0809468 -2.48842 0.114874 0.119617 -1.14481
29.505 -0.0388675 0.0627727 -4.69503 0.111242 -0.350733 -4.69335 0.030634 0.0479984 -2.66087 -0.0982419 0.282277 -1.2899
29.555 -0.0184126 -0.00538701 -4.9616 -0.201127 0.299177 -5.06764 0.120245 -0.0528643 -2.89518 -0.220543 0.257238 -1.41663
29.605 0.0243941 -0.0320329 -5.14495 0.238929 -0.157425 -5.20421 0.0800243 -0.136949 -3.21196 -0.140216 0.0913431 -1.31436
29.655 0.0335527 0.042921 -5.29136 -0.240711 -0.0331196 -5.30034 -0.0250604 -0.0683761 -3.42657 0.0315111 -0.119275 -1.36047
29.705 0.0360536 0.0334213 -5.3412 0.0840008 0.214752 -5.39839 -0.0600945 0.107904 -3.53182 0.134311 -0.275218 -1.30945
29.755 -0.0020475 -0.048689 -5.32462 0.0211462 -0.331354 -5.33316 -0.0345816 0.162504 -3.65044 0.122948 -0.277771 -1.39652
29.805 -0.0557975 -0.0204645 -5.29635 -0.13069 0.346731 -5.32092 0.0135282 0.00702384 -3.66432 0.0371821 -0.0893357 -1.39387
29.855 -0.05943 0.0396912 -5.19516 0.213632 -0.259597 -5.16313 0.0440587 -0.153149 -3.60351 -0.0162413 0.190948 -1.37107
29.905 -0.0130063 -0.019571 -5.05031 -0.228127 0.0940403 -5.06338 0.0779597 -0.116883 -3.56526 -0.0411297 0.35809 -1.32035
29.955 -0.0040392 -0.0605303 -4.87317 0.116833 0.0974581 -4.8741 0.0114707 0.0406923 -3.34146 -0.0894709 0.261304 -1.25854
30.005 -0.0186425 0.0164733 -4.64444 -0.112914 -0.255468 -4.64991 -0.0914056 0.115218 -3.22958 -0.0746909 -0.0331659 -1.22339
30.055 -0.018538 0.0363057 -4.40618 -0.135203 0.333856 -4.48446 -0.094217 0.0635003 -3.03221 0.043829 -0.295228 -1.31043
30.105 -0.0489485 -0.0361312 -4.10482 0.178592 -0.308806 -4.09537 0.0183276 -0.0174619 -2.76661 0.124716 -0.336317 -1.18815
30.155 -0.102057 -0.0155212 -3.70954 -0.250533 0.188009 -3.78161 0.101802 -0.0719931 -2.41491 0.141444 -0.156186 -1.10172
30.205 -0.0727348 0.0609461 -3.2497 0.165991 -0.0123425 -3.27795 0.0578289 -0.0879458 -2.02375 0.0517441 0.0937436 -0.948406
30.255 -0.0338908 0.0191893 -2.70621 -0.183352 -0.16516 -2.6984 -0.0652728 -0.0283753 -1.67694 -0.0723129 0.261916 -0.854893
30.305 -0.033159 -0.0394704 -2.08325 -0.0984278 0.290224 -2.14459 -0.132907 0.0952449 -1.45139 -0.147914 0.277845 -0.697434
30.355 -0.0416156 0.0208373 -1.44565 0.0891901 -0.320373 -1.42267 -0.0490261 0.133895 -1.11475 -0.104456 0.145662 -0.437396
30.405 -0.0312678 0.0488695 -0.813749 -0.237481 0.250849 -0.846116 0.0568325 -0.000479303 -0.429377 0.024962 -0.0816289 -0.124385
30.455 -0.0165704 -0.0328626 -0.167557 0.285492 -0.101853 -0.193467 0.1043 -0.154143 -0.27236 0.141169 -0.285215 0.0800524
30.505 -0.0201617 -0.0428082 0.44484 -0.167811 -0.0803534 0.425412 0.0474515 -0.116318 0.170164 0.122512 -0.316294 0.240753
30.555 0.0479042 0.0309204 1.0401 0.0864283 0.238637 1.03274 -0.000578817 0.0643714 0.645503 0.059449 -0.118329 0.448928
30.605 0.0703191 0.00530168 1.6704 0.0564932 -0.322129 1.71163 -0.0318191 0.148313 1.08325 -0.0122001 0.182362 0.580604
30.655 0.0337862 -0.0612283 2.28857 -0.164392 0.308038 2.25348 -0.0446216 0.0520444 1.60751 -0.0595324 0.349944 0.817394
30.705 0.00833613 -0.00696321 2.86117 0.281108 -0.196799 2.86811 0.011259 -0.0723081 1.96874 -0.0877845 0.248407 0.971759
30.755 0.0269794 0.0480205 3.36796 -0.176286 0.0232566 3.33922 0.0909795 -0.0923227 2.46776 -0.0666441 -0.0255899 0.891785
30.805 0.0215808 -0.0145003 3.83764 0.193063 0.156969 3.85069 0.114552 -0.0407597 2.81159 -0.0124884 -0.253171 0.955768
30.855 0.0251933 -0.0333299 4.33227 -0.0202132 -0.292676 4.40222 -0.0231828 0.0267876 3.07284 0.105114 -0.277507 1.1215
30.905 0.0586897 0.0459779 4.81342 -0.0948075 0.340193 4.73594 -0.12239 0.0876838 3.2679 0.0711601 -0.122093 1.35075
30.955 0.065228 0.0409297 5.16502 0.217908 -0.284063 5.21597 -0.0115303 0.0900524 3.47186 -0.00277701 0.0830769 1.31453
31.005 -0.00361332 -0.0351141 5.46429 -0.206349 0.144017 5.50188 0.133318 -0.0181561 3.54753 -0.101866 0.227246 1.40701
31.055 -0.0198746 -0.00489502 5.73956 0.225999 0.0378818 5.70148 0.072175 -0.138159 3.44102 -0.129193 0.245774 1.34964
31.105 0.0236652 0.0512802 5.84057 -0.0672974 -0.208449 5.92763 -0.0595849 -0.0975855 3.52003 -0.065787 0.120706 1.44635
31.155 0.0176501 -0.0119235 5.87266 -0.027873 0.313199 5.91624 -0.0608931 0.0811375 3.59301 0.0399625 -0.101216 1.58913
31.205 0.0279299 -0.0569009 5.81697 0.167253 -0.321323 5.82132 -0.0467467 0.164591 3.47469 0.0769726 -0.288017 1.46853
31.255 0.0211745 0.0121021 5.49481 -0.191762 0.2344 5.54794 -0.0525123 0.0427332 3.29806 0.0105514 -0.283049 1.34331
31.305 0.0144974 0.0246428 5.07605 0.250575 -0.0753878 5.17311 -0.0269712 -0.114672 3.15941 -0.0286492 -0.0568204 1.25566
31.355 -0.0107374 -0.0494792 4.59262 -0.134479 -0.102279 4.60072 0.0624621 -0.114901 3.09714 -0.0044201 0.228024 1.23655
31.405 0.032071 -0.0283807 3.96022 0.0537066 0.244958 4.03905 0.0228808 0.00347375 2.85057 -0.0300894 0.345729 1.06483
31.455 0.0607327 0.0478325 3.35919 0.0751047 -0.310309 3.48917 -0.128368 0.0836056 2.49201 -0.0451649 0.208861 0.95492
31.505 0.0327948 0.00974452 2.79631 -0.221289 0.277178 2.85646 -0.152526 0.0776747 2.09334 0.00442206 -0.058296 0.81835
31.555 -0.0373506 -0.0405166 2.26106 0.262392 -0.156217 2.41963 -0.0163693 0.0255555 1.73165 0.0463469 -0.254713 0.718039
31.605 -0.0668772 0.0259054 1.76828 -0.173265 -0.0111646 1.74769 0.0969692 -0.0489119 1.33852 0.0425918 -0.272742 0.587893
31.655 -0.0299984 0.0570634 1.1331 0.139245 0.176228 1.1337 0.0421935 -0.107177 0.825555 0.0213828 -0.138141 0.437041
31.705 0.0224479 -0.0199534 0.486185 -0.0113853 -0.285489 0.566005 -0.0480638 -0.0604814 0.385694 -0.0427585 0.0588298 0.309597
31.755 0.0458449 -0.0269077 -0.106798 -0.193107 0.303673 -0.212792 -0.0894145 0.08314 -0.0875426 -0.0903313 0.224366 0.0818415
31.805 0.0558093 0.0429412 -0.775647 0.185476 -0.227383 -0.763199 -0.0524824 0.150451 -0.565767 -0.0642055 0.272479 -0.121334
31.855 0.0244206 0.0108993 -1.42749 -0.227721 0.0783942 -1.40179 0.0231011 0.0269831 -0.956949 0.0219893 0.148302 -0.414637
31.905 -0.0515984 -0.0595944 -1.96812 0.244734 0.0972619 -2.03867 0.0633484 -0.138034 -1.47407 0.0585726 -0.0962104 -0.660125
31.955 -0.0674179 -0.0112494 -2.51823 -0.0241904 -0.243991 -2.55197 0.095229 -0.128778 -1.6425 0.0737728 -0.296669 -0.755211
32.005 -0.0161021 0.0358629 -3.05652 -0.0244177 0.317525 -3.08563 0.0528684 0.0298483 -1.9428 0.0130043 -0.281937 -0.939844
32.055 0.0348051 -0.0287581 -3.46702 0.141221 -0.295647 -3.49385 -0.022249 0.127131 -2.25176 0.0214938 -0.0519985 -1.12123
32.105 0.0265563 -0.0452313 -3.84789 -0.291963 0.181635 -3.92935 -0.094854 0.0701731 -2.49918 0.00736689 0.208884 -1.26998
32.155 0.017486 0.0352566 -4.1974 0.169675 -0.0141239 -4.19828 -0.0392522 -0.0327068 -2.85263 -0.0514708 0.29668 -1.40719
32.205 0.00147199 0.032851 -4.43777 -0.131935 -0.158366 -4.48319 0.120711 -0.0796114 -2.82255 -0.0948302 0.167992 -1.43184
32.255 -0.0406939 -0.0351053 -4.64193 0.086302 0.283149 -4.71917 0.130824 -0.0694521 -3.15856 -0.0228022 -0.0533263 -1.29096
32.305 -0.0334791 0.00233793 -4.7975 0.147679 -0.321454 -4.77241 0.0144085 -0.0133394 -3.23879 0.0527384 -0.210402 -1.26618
32.355 0.0280628 0.0611056 -4.87999 -0.180009 0.262763 -4.96518 -0.0786548 0.0779243 -3.30458 0.0905963 -0.231605 -1.21318
32.405 0.0562024 0.0015551 -4.92977 0.173853 -0.127194 -4.9392 -0.0631021 0.11298 -3.33553 0.0277622 -0.132589 -1.28614
32.455 0.0372458 -0.0405881 -4.92044 -0.239572 -0.0465011 -4.92528 0.0462183 0.00962223 -3.25928 -0.110227 0.0406143 -1.22158
32.505 0.00432645 0.0241646 -4.84384 0.0489401 0.201504 -4.89407 0.068643 -0.13349 -3.14063 -0.116805 0.210815 -1.07096
32.555 -0.0173807 0.0287854 -4.72788 0.0666165 -0.292146 -4.69945 0.0581015 -0.122275 -3.02296 0.0307813 0.270584 -1.06508
32.605 -0.0873694 -0.0500446 -4.54275 -0.127483 0.292256 -4.56941 -0.00974424 0.0455869 -2.81555 0.0948523 0.143668 -0.9638
32.655 -0.0855726 -0.0335131 -4.26891 0.208957 -0.200816 -4.27559 -0.0770456 0.150599 -2.70455 0.106906 -0.110651 -0.991744
32.705 -0.00849079 0.0355315 -3.96534 -0.26025 0.0481599 -4.02373 -0.0579409 0.0658103 -2.47254 0.0710386 -0.304866 -1.00671
32.755 0.0126932 -0.00492254 -3.60452 0.0709232 0.11604 -3.63061 -0.0148656 -0.078635 -2.14877 0.0448508 -0.275289 -0.902726
32.805 -0.0357569 -0.0520846 -3.12824 -0.114302 -0.243713 -3.15204 0.0415604 -0.110758 -1.82167 0.00607284 -0.0452046 -0.837007
32.855 -0.068999 0.0161354 -2.5953 -0.142041 0.293269 -2.6646 0.0600487 -0.0373728 -1.5602 -0.018162 0.198868 -0.70259
32.905 -0.0962612 0.0497383 -2.00077 0.179528 -0.248459 -1.95856 -0.0742392 0.0436081 -1.27681 -0.0720361 0.281512 -0.607328
32.955 -0.0984217 -0.0194293 -1.32679 -0.252553 0.126792 -1.36678 -0.163347 0.082381 -1.06557 -0.0692915 0.177234 -0.520752
33.005 -0.056912 -0.0180101 -0.656399 0.165752 0.0373307 -0.65977 -0.0720534 0.0670386 -0.742081 0.00667541 -0.0114244 -0.273855
33.055 0.00729591 0.0548074 -0.0175837 -0.201865 -0.190943 -0.0230853 0.0706962 -0.0170032 -0.174971 0.0855072 -0.170587 -0.0552606
33.105 0.00135506 0.0243166 0.581102 -0.102881 0.286053 0.507429 0.120215 -0.117278 0.0309093 0.124684 -0.233661 0.105717
33.155 -0.0490069 -0.0444271 1.13578 0.0741118 -0.292769 1.19196 0.0309927 -0.0957435 0.42148 -0.00170807 -0.17168 0.196872
33.205 -0.0611654 0.000151855 1.70044 -0.206692 0.211489 1.6949 -0.0804171 0.0577229 0.818755 -0.140215 0.00291193 0.361685
33.255 -0.0581717 0.0396263 2.24897 0.268984 -0.0611806 2.24788 -0.0524687 0.157205 1.27881 -0.126456 0.201223 0.556837
33.305 -0.0376669 -0.030498 2.70947 -0.166938 -0.107001 2.72395 0.0167478 0.061221 1.62997 -0.0329704 0.275392 0.737861
33.355 0.0166843 -0.0510213 3.12207 0.0625765 0.243479 3.08679 0.0455669 -0.108341 2.2377 0.0642137 0.142506 0.880764
33.405 0.054013 0.0233866 3.48011 0.00688678 -0.30868 3.4934 0.0588177 -0.132669 2.37951 0.0814207 -0.107679 0.898101
33.455 0.0661309 0.017173 3.79148 -0.152333 0.280494 3.80683 0.0920294 -0.00550018 2.8099 0.0364182 -0.272596 0.972339
33.505 0.0317969 -0.0481056 4.15523 0.287906 -0.167245 4.20707 -0.0115982 0.0994552 3.07817 -0.0115055 -0.220399 1.14853
33.555 0.00524721 -0.00676058 4.48476 -0.120791 0.00683065 4.44279 -0.113707 0.0862409 3.18991 -0.0370964 -0.00760738 1.3352
33.605 0.0299251 0.055471 4.68945 0.190748 0.153643 4.71493 -0.0321875 0.0108731 3.27256 -0.0921735 0.185122 1.47129
33.655 0.0491736 0.00229115 4.87748 -0.0311481 -0.26792 4.93061 0.103852 -0.0564999 3.34104 -0.121441 0.231701 1.43878
33.705 0.087212 -0.0322633 5.01559 -0.134031 0.296546 4.96291 0.103392 -0.0882356 3.29782 -0.044874 0.13484 1.48802
33.755 0.0769745 0.0359954 5.04214 0.196016 -0.235719 5.13214 -0.0404468 -0.0451853 3.30326 0.0686963 -0.0214213 1.42583
33.805 0.000383446 0.0411514 5.01929 -0.171184 0.105759 5.03903 -0.0784063 0.0693125 3.23958 0.191273 -0.159318 1.45264
33.855 -0.0357081 -0.0364733 4.90904 0.281496 0.0566686 4.92683 -0.0385667 0.133048 3.09124 0.148934 -0.219575 1.35998
33.905 -0.0148938 -0.0222851 4.64909 0.0111422 -0.197613 4.71455 0.014369 0.0389095 2.94625 -0.051463 -0.154427 1.20248
33.955 0.045315 0.0389047 4.27102 -0.0250839 0.273322 4.28832 0.0524447 -0.118455 2.68053 -0.128566 0.0318935 1.02391
34.005 0.0847207 -0.008921 3.81833 0.12295 -0.264083 3.89572 0.0374359 -0.132369 2.50628 -0.0949878 0.228625 0.885972
34.055 0.0810756 -0.0601892 3.30307 -0.275671 0.1713 3.3203 -0.010318 0.0198511 2.26238 0.0243332 0.276963 0.823421
34.105 0.0229429 0.00385214 2.76611 0.189345 -0.0223821 2.85417 -0.0651059 0.136424 1.89923 0.0916567 0.115214 0.617182
34.155 -0.0382777 0.0340117 2.25077 -0.113025 -0.13061 2.37041 -0.105916 0.0837703 1.48302 0.111249 -0.134961 0.529542
34.205 -0.0900979 -0.0325442 1.78348 0.173295 0.24437 1.84247 -0.0259076 -0.043135 1.11159 0.0961582 -0.274003 0.381691
34.255 -0.0953481 -0.0252087 1.29473 0.165023 -0.282436 1.36652 0.0857327 -0.0946823 0.714323 0.00880252 -0.205339 0.295239
34.305 0.0245136 0.0510958 0.718094 -0.2213 0.230076 0.714321 0.093398 -0.0531254 0.384392 -0.04713 -0.0103376 0.175317
34.355 0.130357 0.0253231 0.100971 0.131486 -0.105863 0.152233 -0.0266311 0.0166202 -0.0558146 -0.129594 0.156361 0.0472996
34.405 0.109255 -0.0354402 -0.499835 -0.301984 -0.0519668 -0.532282 -0.104991 0.074627 -0.394623 -0.136478 0.206165 -0.0881992
34.455 0.0246482 0.0138091 -1.14375 0.113856 0.19815 -1.18017 -0.0373051 0.0841996 -0.831227 -0.0468483 0.142834 -0.242886
34.505 -0.0535044 0.0523956 -1.77939 0.0930329 -0.283337 -1.74485 0.0959758 0.00143936 -1.15107 0.100764 0.0100573 -0.507447
34.555 -0.115519 -0.0188769 -2.33886 -0.0171457 0.282393 -2.42105 0.12239 -0.112058 -1.56621 0.146392 -0.135384 -0.624445
34.605 -0.0857669 -0.0410427 -2.85553 0.232984 -0.198791 -2.88554 0.0561483 -0.109063 -1.68393 0.0571866 -0.218526 -0.731656
34.655 0.0527872 0.0261771 -3.32353 -0.274514 0.0521529 -3.39072 -0.0227912 0.0367081 -1.93387 -0.0882087 -0.160003 -0.857027
34.705 0.114648 0.0119654 -3.70712 0.0601165 0.10839 -3.76837 -0.0309872 0.145121 -2.21378 -0.164489 0.0283842 -0.996147
34.755 0.0289955 -0.0569915 -4.00091 -0.162998 -0.234859 -4.0329 -0.0269895 0.0712297 -2.35069 -0.150626 0.21517 -1.10952
34.805 -0.0449235 -0.0185471 -4.22842 -0.0398216 0.291241 -4.31156 0.00906721 -0.0832383 -2.61688 -0.0360725 0.240647 -1.22629
34.855 -0.101666 0.04066 -4.38759 0.24687 -0.259191 -4.3894 0.0737382 -0.12279 -2.74183 0.011765 0.0760316 -1.25884
34.905 -0.107829 -0.0102369 -4.47283 -0.12311 0.147874 -4.54029 0.0710939 -0.0286709 -2.85945 0.0587226 -0.140233 -1.16879
34.955 -0.0293612 -0.0375593 -4.50253 0.202295 0.00313307 -4.52009 -0.0201923 0.066921 -2.99029 0.0971419 -0.235908 -1.08977
35.005 0.116765 0.0354185 -4.48278 -0.179058 -0.152243 -4.49533 -0.0992537 0.0796091 -3.07567 0.102286 -0.160115 -1.14903
35.055 0.140251 0.0441213 -4.41776 -0.0901779 0.251441 -4.45517 -0.0735273 0.034596 -3.01724 0.00712344 2.23179e-05 -1.17544
35.105 0.0262083 -0.0270381 -4.29089 0.0637133 -0.269528 -4.24288 0.0800525 -0.0351828 -2.95374 -0.137255 0.133457 -1.1481
35.155 -0.040632 -0.00846617 -4.10932 -0.126895 0.204937 -4.15494 0.0975155 -0.0939172 -2.83435 -0.156215 0.184732 -1.03102
35.205 -0.0739784 0.0518183 -3.91182 0.347841 -0.0770208 -3.89115 -0.0223524 -0.0704461 -2.69542 0.00387206 0.145428 -1.00246
35.255 -0.0660564 0.00226984 -3.67731 -0.108938 -0.075357 -3.68251 -0.103986 0.0482789 -2.52808 0.177858 0.0228655 -0.953086
35.305 0.0274516 -0.0506657 -3.39632 0.0481932 0.200668 -3.45492 -0.0965754 0.132594 -2.38993 0.236262 -0.139514 -0.951885
35.355 0.117685 0.00647322 -3.10314 -0.044423 -0.262741 -3.1087 0.00277009 0.056722 -2.08851 0.143871 -0.237672 -0.924496
35.405 0.108526 0.0272123 -2.76324 -0.222126 0.242119 -2.81978 0.0307376 -0.0985565 -1.79376 -0.0039959 -0.173891 -0.848667
35.455 -0.0178587 -0.0436794 -2.3277 0.254638 -0.142903 -2.31985 -0.0125678 -0.131116 -1.34785 -0.132935 0.031037 -0.715519
35.505 -0.078538 -0.0376514 -1.82693 -0.100762 -0.00150489 -1.86473 0.000976327 -0.00647817 -1.1109 -0.112135 0.220413 -0.578439
35.555 -0.0535681 0.0373011 -1.29955 0.285295 0.146535 -1.30964 -0.0379687 0.106325 -0.891747 -0.0383768 0.237416 -0.426537
35.605 0.0191315 0.0135836 -0.742062 -0.0130909 -0.249261 -0.71028 -0.0647267 0.0843545 -0.641185 0.0259382 0.0782057 -0.285688
35.655 0.116034 -0.0407662 -0.173399 -0.154815 0.275104 -0.226592 -0.0358972 -0.0117798 -0.257499 0.114635 -0.114155 -0.0217549
35.705 0.127908 0.0141888 0.360538 0.081527 -0.215982 0.349595 0.075573 -0.0707196 0.182309 0.160313 -0.198644 0.215216
35.755 0.0482278 0.0560295 0.84136 -0.248817 0.0920433 0.813157 0.146217 -0.0674198 0.551374 0.136999 -0.147599 0.34065
35.805 -0.0715088 -0.00967298 1.34866 0.291695 0.0621808 1.38421 0.0298944 -0.0187609 0.821966 -0.0451825 -0.0267686 0.441784
35.855 -0.0848049 -0.0265624 1.89471 0.0223976 -0.198312 1.89358 -0.0630521 0.0571217 1.14834 -0.169967 0.0910913 0.593149
35.905 -0.0422266 0.0402987 2.36633 0.0266072 0.273661 2.33239 -0.035252 0.0984836 1.52571 -0.193356 0.161628 0.746485
35.955 0.0422479 0.0223335 2.78238 0.0176239 -0.268458 2.8336 0.0596633 0.0311053 1.90049 -0.0771337 0.148191 0.873031
36.005 0.0895023 -0.0504318 3.17056 -0.327481 0.182805 3.10756 0.0876945 -0.0945841 2.29028 0.0945265 0.0326741 0.96435
36.055 0.0271724 -0.0175341 3.4929 0.158715 -0.042707 3.52074 0.0449758 -0.11525 2.59206 0.191617 -0.13001 0.937958
36.105 -0.0954661 0.0334141 3.80437 -0.105066 -0.107035 3.84933 0.0325742 0.0108992 2.69735 0.0779392 -0.214687 0.924926
36.155 -0.156577 -0.0223154 4.13363 0.146106 0.221688 4.10419 -0.0484153 0.125897 2.88413 -0.0868083 -0.129555 1.07638
36.205 -0.0765332 -0.0501902 4.38996 0.0946156 -0.268561 4.42867 -0.059559 0.0838971 2.9413 -0.164353 0.0697555 1.16781
36.255 0.0168121 0.0222105 4.55528 -0.268766 0.231199 4.54901 0.017577 -0.0463804 2.98713 -0.171918 0.21593 1.22747
36.305 0.0757384 0.032126 4.67795 0.0726224 -0.123801 4.72298 0.0897151 -0.100826 2.91021 -0.110829 0.190084 1.26038
36.355 0.0260203 -0.03281 4.72138 -0.260645 -0.0180679 4.73472 0.0660903 -0.0443368 2.85335 0.0132093 0.029565 1.19227
36.405 -0.0800252 -0.00659495 4.67449 0.149023 0.153769 4.69416 -0.0331761 0.035103 2.88226 0.10082 -0.125681 1.17733
36.455 -0.10401 0.0578254 4.52326 0.0935724 -0.237795 4.59194 -0.130145 0.071892 2.79082 0.182816 -0.176699 1.14228
36.505 -0.0470159 0.0121648 4.26908 -0.0651321 0.246104 4.27869 -0.10826 0.0582749 2.62476 0.112879 -0.124056 1.10925
36.555 0.0426756 -0.03607 3.91564 0.16569 -0.176401 3.98494 0.0329242 -0.00588894 2.44484 -0.0872228 -0.0183553 1.01028
36.605 0.100898 0.0207033 3.44272 -0.324855 0.0512751 3.45972 0.0694858 -0.0859332 2.24888 -0.219026 0.0966913 0.908162
36.655 0.0989604 0.0364451 2.90385 0.135411 0.0925088 2.96566 0.00603306 -0.0853922 2.04535 -0.189837 0.176709 0.775387
36.705 0.0190498 -0.0386488 2.37918 -0.0445422 -0.205917 2.44537 -0.0972675 0.0279713 1.8135 -0.0295222 0.160803 0.655793
36.755 -0.0678898 -0.0371033 1.87112 0.0235395 0.256818 1.8891 -0.1036 0.125662 1.49023 0.135894 0.0246913 0.573103
36.805 -0.0485757 0.029956 1.38179 0.21753 -0.228072 1.51003 -0.0488771 0.0711404 1.13385 0.210247 -0.151486 0.461452
36.855 -0.00479322 0.000128482 0.945849 -0.194032 0.12598 0.965601 0.00566431 -0.0726063 0.749138 0.160117 -0.22457 0.334278
36.905 0.0126292 -0.0539499 0.501687 0.198577 0.0155874 0.504917 0.046521 -0.120293 0.320886 0.00183737 -0.120474 0.2039
36.955 0.0368527 0.00229891 -0.0292725 -0.199628 -0.153864 0.00815411 0.0510146 -0.0261483 0.00155424 -0.0688567 0.0729006 0.0761111
37.005 0.0379507 0.0451092 -0.538033 0.0187905 0.247879 -0.567691 -0.0216227 0.0775857 -0.346865 -0.141078 0.192394 -0.0622088
37.055 -0.0175166 -0.0150117 -1.02563 0.0832844 -0.266222 -1.02714 -0.0886797 0.0815252 -0.713031 -0.138053 0.156308 -0.218894
37.105 -0.0568931 -0.0237801 -1.53253 -0.146593 0.204858 -1.58093 -0.0654111 0.01492 -1.04981 -0.0163248 0.0227279 -0.429555
37.155 -0.0173777 0.0479419 -2.00415 0.244756 -0.0831643 -1.99208 0.0259481 -0.047855 -1.41082 0.140096 -0.0944726 -0.683403
37.205 0.0189452 0.0328701 -2.43662 -0.190033 -0.0647482 -2.47492 0.0795605 -0.0751973 -1.72271 0.217464 -0.138205 -0.669688
37.255 0.020302 -0.0357808 -2.82811 0.0590052 0.190444 -2.87579 0.0297175 -0.0477588 -1.80727 0.11425 -0.110397 -0.884676
37.305 0.0444743 -0.00291531 -3.16982 -0.0255577 -0.257579 -3.17761 -0.0407345 0.042005 -2.08824 -0.0771643 -0.0310327 -0.967466
37.355 0.0335225 0.0419334 -3.46755 -0.122119 0.247337 -3.5579 -0.00202399 0.108183 -2.28102 -0.219097 0.079575 -1.06378
37.405 -0.0337725 -0.0193313 -3.70539 0.221626 -0.162161 -3.69694 0.0446198 0.0507604 -2.3927 -0.197201 0.162257 -1.17717
37.455 -0.0741683 -0.0510946 -3.87862 -0.169286 0.0288182 -3.93846 0.0458744 -0.0828916 -2.49623 -0.0480569 0.139916 -1.21966
37.505 -0.0165138 0.0152668 -4.01061 0.180081 0.108427 -4.0527 0.0552059 -0.123929 -2.69034 0.138506 -0.00296011 -1.13432
37.555 0.0078574 0.0193912 -4.10057 -0.0609191 -0.211321 -4.08746 0.0284338 -0.0129725 -2.72445 0.173841 -0.164389 -1.05572
37.605 0.0126256 -0.0460964 -4.11386 -0.121885 0.245499 -4.18612 0.00908199 0.104961 -2.77444 0.132063 -0.20247 -1.01808
37.655 0.02762 -0.0183017 -4.08813 0.133305 -0.201612 -4.08088 -0.0647661 0.0888812 -2.73404 0.0455057 -0.0825357 -1.08469
37.705 0.0177801 0.0472715 -4.03794 -0.21607 0.0958896 -4.06275 -0.0372763 -0.0192991 -2.70093 -0.0970359 0.0920712 -0.956852
37.755 -0.0337758 0.00702556 -3.89782 0.219354 0.0396336 -3.88958 0.0955028 -0.0852127 -2.5297 -0.20105 0.179066 -0.94381
37.805 -0.0443291 -0.0322063 -3.70229 -0.0900075 -0.163112 -3.70837 0.102658 -0.0628318 -2.373 -0.174067 0.134547 -0.856998
37.855 0.00358327 0.0302181 -3.48659 -0.0026881 0.232607 -3.51849 -0.00585867 0.00130226 -2.20559 -0.0189588 0.0210639 -0.775299
37.905 0.0149949 0.0478301 -3.21351 0.0704247 -0.229533 -3.18706 -0.109502 0.0603634 -2.10154 0.166033 -0.0794951 -0.767452
37.955 -0.00276353 -0.0252892 -2.88922 -0.276509 0.154034 -2.96767 -0.0941796 0.0779677 -1.87686 0.238409 -0.134241 -0.730212
38.005 -0.0103393 -0.0237972 -2.5339 0.184425 -0.0273759 -2.54582 0.0206743 0.0179487 -1.58801 0.141679 -0.13158 -0.686064
38.055 -0.0447055 0.0378538 -2.13211 -0.188977 -0.108675 -2.15242 0.0521559 -0.0836644 -1.30275 -0.0489184 -0.0555007 -0.615703
38.105 -0.0873904 0.00191727 -1.65458 0.0926646 0.212471 -1.6935 0.0179784 -0.104538 -0.978707 -0.184169 0.0769979 -0.518311
38.155 -0.0752197 -0.0557902 -1.12029 0.0378775 -0.253434 -1.09033 -0.0188622 0.00660599 -0.69535 -0.145137 0.178528 -0.404318
38.205 -0.0195152 -0.0046856 -0.574228 -0.173181 0.216513 -0.615544 -0.0602912 0.119725 -0.538928 -0.0357175 0.151587 -0.242228
38.255 -0.000451738 0.0320831 -0.034986 0.156771 -0.112769 0.00380366 -0.0579624 0.0864853 -0.266022 0.0802431 -0.00164255 -0.104598
38.305 -0.00307195 -0.0294706 0.490067 -0.246155 -0.0234391 0.445043 -0.0301237 -0.0484485 0.0835092 0.164506 -0.155156 0.0940637
38.355 -0.00536948 -0.0349359 0.958366 0.150637 0.154882 0.899929 0.0309841 -0.112435 0.407669 0.15773 -0.178559 0.281292
38.405 -0.0126291 0.0399778 1.37152 -0.00860588 -0.239489 1.4559 0.0710309 -0.0463922 0.865617 0.0778486 -0.0613509 0.350696
38.455 -0.00872742 0.0292977 1.85261 -0.0497127 0.25095 1.83367 -0.0264704 0.052652 1.08508 -0.0813036 0.0810813 0.461175
38.505 0.0284627 -0.0314083 2.32414 0.18419 -0.188604 2.32364 -0.0894917 0.0811799 1.4041 -0.196743 0.1405 0.59252
38.555 0.063283 0.00746475 2.65948 -0.210916 0.0712262 2.66211 -0.0322475 0.0402142 1.68071 -0.214592 0.101924 0.720179
38.605 0.058412 0.053695 2.96643 0.160495 0.0666985 2.96219 0.0679863 -0.0260055 1.9751 -0.0810173 0.0197978 0.856614
38.655 0.0341914 -0.00718943 3.22868 -0.0738682 -0.180507 3.22132 0.099577 -0.0781207 2.28971 0.144361 -0.0608701 0.964783
38.705 0.00805902 -0.0388205 3.43449 0.0276632 0.236711 3.43856 0.0206633 -0.0642872 2.51345 0.194546 -0.116142 0.903352
38.755 -0.00919434 0.023186 3.66859 0.181132 -0.220742 3.72471 -0.0336932 0.0299858 2.71148 0.0684915 -0.11591 0.98712
38.805 0.00671909 0.0199652 3.87293 -0.16428 0.13553 3.83289 -0.0482882 0.112189 2.75167 -0.0871996 -0.0302794 1.14553
38.855 0.0314485 -0.0503111 4.01402 0.209218 -0.010488 4.06192 0.00574327 0.0674172 2.75648 -0.172802 0.104712 1.16474
38.905 0.0394659 -0.0266029 4.10898 -0.145851 -0.114992 4.12139 0.0433254 -0.0669223 2.74354 -0.164471 0.18331 1.21181
38.955 0.0230587 0.0337938 4.12381 0.0611444 0.203934 4.11394 0.0232084 -0.120723 2.69129 -0.0931822 0.119904 1.18928
39.005 0.00773606 -0.00774892 4.07922 0.135587 -0.226434 4.15815 0.0119409 -0.0260889 2.61641 0.0181814 -0.0455073 1.15748
39.055 0.0112784 -0.0427932 3.98299 -0.117978 0.176112 3.96362 -0.0325581 0.0905726 2.55381 0.133241 -0.172273 1.05562
39.105 0.0392835 0.0239781 3.79145 0.241963 -0.0706149 3.84806 -0.0730194 0.091567 2.40855 0.189678 -0.15768 1.02698
39.155 0.0686845 0.0450985 3.5048 -0.20663 -0.0581235 3.54933 -0.0802181 0.00228496 2.24087 0.118695 -0.0329398 0.891891
39.205 0.0580139 -0.0210774 3.16026 0.111063 0.171437 3.1799 0.0193665 -0.0676837 1.99554 -0.044283 0.0894996 0.786542
39.255 0.0193083 -0.0125207 2.7358 0.00213331 -0.230081 2.78673 0.0585781 -0.0679235 1.77717 -0.169878 0.132738 0.663176
39.305 -0.00748314 0.0505847 2.23994 -0.0919044 0.218702 2.24731 -0.00754939 -0.0163835 1.53887 -0.173433 0.102201 0.540883
39.355 -0.0227675 0.0139046 1.76796 0.219387 -0.139437 1.85314 -0.0939654 0.0533026 1.27432 -0.0253433 0.0341518 0.445881
39.405 -0.0309894 -0.0441805 1.32999 -0.21891 0.0150043 1.35296 -0.0808327 0.0880538 0.932365 0.163757 -0.0518332 0.312681
39.455 -0.019958 0.00285692 0.893967 0.185993 0.114588 0.957685 0.0128808 0.0321568 0.629264 0.23554 -0.127112 0.231791
39.505 -0.00616799 0.0314652 0.471763 -0.0863155 -0.210913 0.547396 0.0604781 -0.0782674 0.200989 0.1292 -0.133003 0.118107
39.555 0.000375738 -0.0358933 0.0346606 -0.0578311 0.24516 0.00916547 0.0469998 -0.10845 -0.0539236 -0.0239898 -0.0345668 -0.0133981
39.605 0.0202189 -0.0441611 -0.447269 0.116235 -0.204482 -0.395693 -0.00460655 -0.00713066 -0.314864 -0.101642 0.108537 -0.0987323
39.655 0.00593245 0.0268966 -0.94469 -0.207001 0.103801 -0.978188 -0.0229227 0.106898 -0.652167 -0.139248 0.172759 -0.20937
39.705 -0.0267004 0.0148282 -1.42295 0.210316 0.0265702 -1.436 -0.0191037 0.0897374 -0.967513 -0.120514 0.0934964 -0.348259
39.755 -0.0267051 -0.0415284 -1.88196 -0.101462 -0.148661 -1.89717 0.0030263 -0.029588 -1.25603 -0.019518 -0.0603453 -0.549362
39.805 -0.00527154 0.0030996 -2.32008 0.0466477 0.222942 -2.37683 0.0527497 -0.100417 -1.51836 0.11049 -0.15143 -0.640766
39.855 0.021311 0.0531214 -2.7038 0.0726528 -0.229426 -2.69627 0.0914923 -0.0567354 -1.77046 0.178075 -0.119546 -0.709095
39.905 0.0322465 -0.00232251 -3.02522 -0.193802 0.166579 -3.11379 0.0361967 0.0278413 -1.84572 0.104881 -0.0126061 -0.818886
