0.1005 1388 1379 1379 1388 1388 1379 1379 1388 1397 1397 1397 1397 1406.01 1406.01 1406.01 1406.01 1415.02 1415.02 1415.02 1415.02 1713.49 1713.49 1713.49 1713.49 2019.27 2019.27 2019.27 2019.27 2393.79 2393.79 2393.79 2393.79
0.101 1409.32 1400.32 1400.32 1409.32 1409.32 1400.32 1400.32 1409.32 1418.32 1418.32 1418.32 1418.32 1427.33 1427.33 1427.33 1427.33 1436.35 1436.35 1436.35 1436.35 1735.27 1735.27 1735.27 1735.27 2041.65 2041.65 2041.65 2041.65 2416.8 2416.8 2416.8 2416.8
0.1015 1431.63 1422.63 1422.63 1431.63 1431.63 1422.63 1422.63 1431.63 1440.63 1440.63 1440.63 1440.63 1449.64 1449.64 1449.64 1449.64 1458.66 1458.66 1458.66 1458.66 1757.45 1757.45 1757.45 1757.45 2063.86 2063.86 2063.86 2063.86 2438.97 2438.97 2438.97 2438.97
0.102 1453.81 1444.81 1444.81 1453.81 1453.81 1444.81 1444.81 1453.81 1462.82 1462.82 1462.82 1462.82 1471.83 1471.83 1471.83 1471.83 1480.85 1480.85 1480.85 1480.85 1779.77 1779.77 1779.77 1779.77 2086.22 2086.22 2086.22 2086.22 2461.59 2461.59 2461.59 2461.59
0.1025 1476.27 1467.27 1467.27 1476.27 1476.27 1467.27 1467.27 1476.27 1485.28 1485.28 1485.28 1485.28 1494.29 1494.29 1494.29 1494.29 1503.3 1503.3 1503.3 1503.3 1802.19 1802.19 1802.19 1802.19 2108.77 2108.77 2108.77 2108.77 2484.19 2484.19 2484.19 2484.19
0.103 1498.78 1489.77 1489.77 1498.78 1498.78 1489.77 1489.77 1498.78 1507.78 1507.78 1507.78 1507.78 1516.79 1516.79 1516.79 1516.79 1525.81 1525.81 1525.81 1525.81 1824.79 1824.79 1824.79 1824.79 2131.4 2131.4 2131.4 2131.4 2507.04 2507.04 2507.04 2507.04
0.1035 1521.5 1512.5 1512.5 1521.5 1521.5 1512.5 1512.5 1521.5 1530.5 1530.5 1530.5 1530.5 1539.51 1539.51 1539.51 1539.51 1548.53 1548.53 1548.53 1548.53 1847.49 1847.49 1847.49 1847.49 2154.23 2154.23 2154.23 2154.23 2529.95 2529.95 2529.95 2529.95
0.104 1544.29 1535.29 1535.29 1544.29 1544.29 1535.29 1535.29 1544.29 1553.3 1553.3 1553.3 1553.3 1562.31 1562.31 1562.31 1562.31 1571.33 1571.33 1571.33 1571.33 1870.37 1870.37 1870.37 1870.37 2177.15 2177.15 2177.15 2177.15 2553.07 2553.07 2553.07 2553.07
0.1045 1567.29 1558.29 1558.29 1567.29 1567.29 1558.29 1558.29 1567.29 1576.3 1576.3 1576.3 1576.3 1585.31 1585.31 1585.31 1585.31 1594.32 1594.32 1594.32 1594.32 1893.36 1893.36 1893.36 1893.36 2200.25 2200.25 2200.25 2200.25 2576.26 2576.26 2576.26 2576.26
0.105 1590.37 1581.37 1581.37 1590.37 1590.37 1581.37 1581.37 1590.37 1599.38 1599.38 1599.38 1599.38 1608.39 1608.39 1608.39 1608.39 1617.41 1617.41 1617.41 1617.41 1916.51 1916.51 1916.51 1916.51 2223.46 2223.46 2223.46 2223.46 2599.66 2599.66 2599.66 2599.66
0.1055 1613.65 1604.65 1604.65 1613.65 1613.65 1604.65 1604.65 1613.65 1622.65 1622.65 1622.65 1622.65 1631.66 1631.66 1631.66 1631.66 1640.68 1640.68 1640.68 1640.68 1939.79 1939.79 1939.79 1939.79 2246.84 2246.84 2246.84 2246.84 2623.14 2623.14 2623.14 2623.14
0.106 1637.01 1628.01 1628.01 1637.01 1637.01 1628.01 1628.01 1637.01 1646.02 1646.02 1646.02 1646.02 1655.03 1655.03 1655.03 1655.03 1664.05 1664.05 1664.05 1664.05 1963.22 1963.22 1963.22 1963.22 2270.34 2270.34 2270.34 2270.34 2646.81 2646.81 2646.81 2646.81
0.1065 1660.56 1651.56 1651.56 1660.56 1660.56 1651.56 1651.56 1660.56 1669.57 1669.57 1669.57 1669.57 1678.58 1678.58 1678.58 1678.58 1687.6 1687.6 1687.6 1687.6 1986.78 1986.78 1986.78 1986.78 2293.99 2293.99 2293.99 2293.99 2670.57 2670.57 2670.57 2670.57
0.107 1684.22 1675.22 1675.22 1684.22 1684.22 1675.22 1675.22 1684.22 1693.22 1693.22 1693.22 1693.22 1702.24 1702.24 1702.24 1702.24 1711.25 1711.25 1711.25 1711.25 2010.49 2010.49 2010.49 2010.49 2317.77 2317.77 2317.77 2317.77 2694.52 2694.52 2694.52 2694.52
0.1075 1708.05 1699.05 1699.05 1708.05 1708.05 1699.05 1699.05 1708.05 1717.05 1717.05 1717.05 1717.05 1726.06 1726.06 1726.06 1726.06 1735.08 1735.08 1735.08 1735.08 2034.33 2034.33 2034.33 2034.33 2341.7 2341.7 2341.7 2341.7 2718.57 2718.57 2718.57 2718.57
0.108 1731.98 1722.98 1722.98 1731.98 1731.98 1722.98 1722.98 1731.98 1740.99 1740.99 1740.99 1740.99 1750 1750 1750 1750 1759.02 1759.02 1759.02 1759.02 2058.32 2058.32 2058.32 2058.32 2365.77 2365.77 2365.77 2365.77 2742.79 2742.79 2742.79 2742.79
0.1085 1756.09 1747.09 1747.09 1756.09 1756.09 1747.09 1747.09 1756.09 1765.1 1765.1 1765.1 1765.1 1774.11 1774.11 1774.11 1774.11 1783.13 1783.13 1783.13 1783.13 2082.45 2082.45 2082.45 2082.45 2389.98 2389.98 2389.98 2389.98 2767.13 2767.13 2767.13 2767.13
0.109 1780.31 1771.31 1771.31 1780.31 1780.31 1771.31 1771.31 1780.31 1789.32 1789.32 1789.32 1789.32 1798.34 1798.34 1798.34 1798.34 1807.35 1807.35 1807.35 1807.35 2106.72 2106.72 2106.72 2106.72 2414.33 2414.33 2414.33 2414.33 2791.63 2791.63 2791.63 2791.63
0.1095 1804.7 1795.7 1795.7 1804.7 1804.7 1795.7 1795.7 1804.7 1813.71 1813.71 1813.71 1813.71 1822.72 1822.72 1822.72 1822.72 1831.74 1831.74 1831.74 1831.74 2131.13 2131.13 2131.13 2131.13 2438.82 2438.82 2438.82 2438.82 2816.25 2816.25 2816.25 2816.25
0.11 1829.21 1820.21 1820.21 1829.21 1829.21 1820.21 1820.21 1829.21 1838.22 1838.22 1838.22 1838.22 1847.23 1847.23 1847.23 1847.23 1856.25 1856.25 1856.25 1856.25 2155.68 2155.68 2155.68 2155.68 2463.45 2463.45 2463.45 2463.45 2841.03 2841.03 2841.03 2841.03
0.1105 1853.88 1844.88 1844.88 1853.88 1853.88 1844.88 1844.88 1853.88 1862.88 1862.88 1862.88 1862.88 1871.9 1871.9 1871.9 1871.9 1880.92 1880.92 1880.92 1880.92 2180.37 2180.37 2180.37 2180.37 2488.23 2488.23 2488.23 2488.23 2865.93 2865.93 2865.93 2865.93
0.111 1878.67 1869.67 1869.67 1878.67 1878.67 1869.67 1869.67 1878.67 1887.67 1887.67 1887.67 1887.67 1896.69 1896.69 1896.69 1896.69 1905.71 1905.71 1905.71 1905.71 2205.2 2205.2 2205.2 2205.2 2513.14 2513.14 2513.14 2513.14 2891 2891 2891 2891
0.1115 1903.62 1894.62 1894.62 1903.62 1903.62 1894.62 1894.62 1903.62 1912.62 1912.62 1912.62 1912.62 1921.64 1921.64 1921.64 1921.64 1930.66 1930.66 1930.66 1930.66 2230.18 2230.18 2230.18 2230.18 2538.2 2538.2 2538.2 2538.2 2916.18 2916.18 2916.18 2916.18
0.112 1928.69 1919.69 1919.69 1928.69 1928.69 1919.69 1919.69 1928.69 1937.7 1937.7 1937.7 1937.7 1946.71 1946.71 1946.71 1946.71 1955.73 1955.73 1955.73 1955.73 2255.3 2255.3 2255.3 2255.3 2563.4 2563.4 2563.4 2563.4 2941.52 2941.52 2941.52 2941.52
0.1125 1953.92 1944.92 1944.92 1953.92 1953.92 1944.92 1944.92 1953.92 1962.93 1962.93 1962.93 1962.93 1971.94 1971.94 1971.94 1971.94 1980.96 1980.96 1980.96 1980.96 2280.55 2280.55 2280.55 2280.55 2588.74 2588.74 2588.74 2588.74 2966.99 2966.99 2966.99 2966.99
0.113 1979.28 1970.28 1970.28 1979.28 1979.28 1970.28 1970.28 1979.28 1988.29 1988.29 1988.29 1988.29 1997.3 1997.3 1997.3 1997.3 2006.32 2006.32 2006.32 2006.32 2305.95 2305.95 2305.95 2305.95 2614.22 2614.22 2614.22 2614.22 2992.61 2992.61 2992.61 2992.61
0.1135 2004.79 1995.79 1995.79 2004.79 2004.79 1995.79 1995.79 2004.79 2013.8 2013.8 2013.8 2013.8 2022.82 2022.82 2022.82 2022.82 2031.83 2031.83 2031.83 2031.83 2331.49 2331.49 2331.49 2331.49 2639.84 2639.84 2639.84 2639.84 3018.36 3018.36 3018.36 3018.36
0.114 2030.43 2021.43 2021.43 2030.43 2030.43 2021.43 2021.43 2030.43 2039.44 2039.44 2039.44 2039.44 2048.46 2048.46 2048.46 2048.46 2057.48 2057.48 2057.48 2057.48 2357.17 2357.17 2357.17 2357.17 2665.6 2665.6 2665.6 2665.6 3044.27 3044.27 3044.27 3044.27
0.1145 2056.23 2047.23 2047.23 2056.23 2056.23 2047.23 2047.23 2056.23 2065.24 2065.24 2065.24 2065.24 2074.25 2074.25 2074.25 2074.25 2083.27 2083.27 2083.27 2083.27 2383 2383 2383 2383 2691.5 2691.5 2691.5 2691.5 3070.3 3070.3 3070.3 3070.3
0.115 2082.15 2073.15 2073.15 2082.15 2082.15 2073.15 2073.15 2082.15 2091.16 2091.16 2091.16 2091.16 2100.18 2100.18 2100.18 2100.18 2109.2 2109.2 2109.2 2109.2 2408.96 2408.96 2408.96 2408.96 2717.55 2717.55 2717.55 2717.55 3096.48 3096.48 3096.48 3096.48
0.1155 2108.23 2099.23 2099.23 2108.23 2108.23 2099.23 2099.23 2108.23 2117.24 2117.24 2117.24 2117.24 2126.26 2126.26 2126.26 2126.26 2135.28 2135.28 2135.28 2135.28 2435.07 2435.07 2435.07 2435.07 2743.74 2743.74 2743.74 2743.74 3122.8 3122.8 3122.8 3122.8
0.116 2134.44 2125.44 2125.44 2134.44 2134.44 2125.44 2125.44 2134.44 2143.45 2143.45 2143.45 2143.45 2152.47 2152.47 2152.47 2152.47 2161.49 2161.49 2161.49 2161.49 2461.31 2461.31 2461.31 2461.31 2770.07 2770.07 2770.07 2770.07 3149.26 3149.26 3149.26 3149.26
0.1165 2160.8 2151.8 2151.8 2160.8 2160.8 2151.8 2151.8 2160.8 2169.81 2169.81 2169.81 2169.81 2178.83 2178.83 2178.83 2178.83 2187.85 2187.85 2187.85 2187.85 2487.7 2487.7 2487.7 2487.7 2796.54 2796.54 2796.54 2796.54 3175.86 3175.86 3175.86 3175.86
0.117 2187.29 2178.29 2178.29 2187.29 2187.29 2178.29 2178.29 2187.29 2196.3 2196.3 2196.3 2196.3 2205.32 2205.32 2205.32 2205.32 2214.34 2214.34 2214.34 2214.34 2514.23 2514.23 2514.23 2514.23 2823.15 2823.15 2823.15 2823.15 3202.61 3202.61 3202.61 3202.61
0.1175 2213.94 2204.94 2204.94 2213.94 2213.94 2204.94 2204.94 2213.94 2222.95 2222.95 2222.95 2222.95 2231.96 2231.96 2231.96 2231.96 2240.98 2240.98 2240.98 2240.98 2540.91 2540.91 2540.91 2540.91 2849.9 2849.9 2849.9 2849.9 3229.49 3229.49 3229.49 3229.49
0.118 2240.71 2231.71 2231.71 2240.71 2240.71 2231.71 2231.71 2240.71 2249.72 2249.72 2249.72 2249.72 2258.74 2258.74 2258.74 2258.74 2267.76 2267.76 2267.76 2267.76 2567.72 2567.72 2567.72 2567.72 2876.8 2876.8 2876.8 2876.8 3256.52 3256.52 3256.52 3256.52
0.1185 2267.64 2258.64 2258.64 2267.64 2267.64 2258.64 2258.64 2267.64 2276.65 2276.65 2276.65 2276.65 2285.66 2285.66 2285.66 2285.66 2294.68 2294.68 2294.68 2294.68 2594.67 2594.67 2594.67 2594.67 2903.83 2903.83 2903.83 2903.83 3283.68 3283.68 3283.68 3283.68
0.119 2294.7 2285.7 2285.7 2294.7 2294.7 2285.7 2285.7 2294.7 2303.71 2303.71 2303.71 2303.71 2312.72 2312.72 2312.72 2312.72 2321.75 2321.75 2321.75 2321.75 2621.77 2621.77 2621.77 2621.77 2931.01 2931.01 2931.01 2931.01 3310.99 3310.99 3310.99 3310.99
0.1195 2321.91 2312.91 2312.91 2321.91 2321.91 2312.91 2312.91 2321.91 2330.92 2330.92 2330.92 2330.92 2339.93 2339.93 2339.93 2339.93 2348.95 2348.95 2348.95 2348.95 2649.01 2649.01 2649.01 2649.01 2958.33 2958.33 2958.33 2958.33 3338.44 3338.44 3338.44 3338.44
0.12 2349.25 2340.25 2340.25 2349.25 2349.25 2340.25 2340.25 2349.25 2358.26 2358.26 2358.26 2358.26 2367.28 2367.28 2367.28 2367.28 2376.3 2376.3 2376.3 2376.3 2676.39 2676.39 2676.39 2676.39 2985.79 2985.79 2985.79 2985.79 3366.03 3366.03 3366.03 3366.03
