0.0025 -0.0519581
0.005 -0.00253464
0.0075 0.0608351
0.01 0.109828
0.0125 0.180537
0.015 0.232667
0.0175 0.302615
0.02 0.358639
0.0225 0.423487
0.025 0.479509
0.0275 0.538068
0.03 0.588692
0.0325 0.639456
0.035 0.681069
0.0375 0.721004
0.04 0.751691
0.0425 0.777998
0.045 0.795931
0.0475 0.807471
0.05 0.810851
0.0525 0.807567
0.055 0.795847
0.0575 0.777906
0.06 0.752093
0.0625 0.720259
0.065 0.682072
0.0675 0.638352
0.07 0.58976
0.0725 0.53705
0.075 0.480639
0.0775 0.421926
0.08 0.360994
0.0825 0.299211
0.085 0.237115
0.0875 0.175391
0.09 0.115013
0.0925 0.0564378
0.095 0.000286364
0.0975 -0.0526722
0.1 -0.102334
0.1025 -0.147983
0.105 -0.189455
0.1075 -0.226608
0.11 -0.259064
0.1125 -0.286988
0.115 -0.310289
0.1175 -0.328949
0.12 -0.34333
0.1225 -0.353384
0.125 -0.359474
0.1275 -0.361914
0.13 -0.360839
0.1325 -0.356776
0.135 -0.349948
0.1375 -0.34068
0.14 -0.329468
0.1425 -0.316469
0.145 -0.302138
0.1475 -0.286793
0.15 -0.27061
0.1525 -0.25403
0.155 -0.23718
0.1575 -0.220295
0.16 -0.203668
0.1625 -0.18732
0.165 -0.171509
0.1675 -0.156329
0.17 -0.141793
0.1725 -0.128105
0.175 -0.115201
0.1775 -0.103143
0.18 -0.0920087
0.1825 -0.0816764
0.185 -0.0722449
0.1875 -0.0636485
0.19 -0.0558096
0.1925 -0.0487971
0.195 -0.0424614
0.1975 -0.036806
0.2 -0.0318158
0.2025 -0.0273478
0.205 -0.0234556
0.2075 -0.0200368
0.21 -0.0170242
0.2125 -0.014456
0.215 -0.0121936
0.2175 -0.0102562
0.22 -0.00861818
0.2225 -0.00717493
0.225 -0.00598744
0.2275 -0.00496717
0.23 -0.00408804
0.2325 -0.00338907
0.235 -0.00276509
0.2375 -0.00226175
0.24 -0.00185721
0.2425 -0.00148699
0.245 -0.00121935
0.2475 -0.000980615
0.25 -0.000776127
0.2525 -0.000640957
0.255 -0.000495348
0.2575 -0.000398189
0.26 -0.000325251
0.2625 -0.000239099
0.265 -0.000204275
0.2675 -0.000154675
0.27 -0.000113364
0.2725 -0.00010458
0.275 -6.54608e-05
0.2775 -5.74464e-05
0.28 -5.00544e-05
0.2825 -2.38942e-05
0.285 -3.37632e-05
0.2875 -1.80688e-05
0.29 -9.44618e-06
0.2925 -1.89229e-05
0.295 4.51551e-06
0.2975 4.88817e-06
0.3 2.44332e-05
0.3025 8.03031e-05
0.305 0.000149908
0.3075 0.000326902
0.31 0.000635223
0.3125 0.00117606
0.315 0.00214403
0.3175 0.00371657
0.32 0.00625832
0.3225 0.010193
0.325 0.0160183
0.3275 0.0243881
0.33 0.0358734
0.3325 0.0510043
0.335 0.0700997
0.3375 0.0930262
0.34 0.119236
0.3425 0.14757
0.345 0.176375
0.3475 0.203797
0.35 0.227995
0.3525 0.247697
0.355 0.2625
0.3575 0.272945
0.36 0.280468
0.3625 0.28673
0.365 0.292994
0.3675 0.299543
0.37 0.305339
0.3725 0.308505
0.375 0.307091
0.3775 0.300023
0.38 0.287833
0.3825 0.272366
0.385 0.255948
0.3875 0.240153
0.39 0.224855
0.3925 0.208504
0.395 0.189156
0.3975 0.165941
0.4 0.139951
0.4025 0.113636
0.405 0.0893674
0.4075 0.0678868
0.41 0.0478592
0.4125 0.0271709
0.415 0.00471305
0.4175 -0.0184839
0.42 -0.0398373
0.4225 -0.0573029
0.425 -0.0709368
0.4275 -0.0828028
0.43 -0.0951094
0.4325 -0.108054
0.435 -0.119656
0.4375 -0.127557
0.44 -0.131278
0.4425 -0.13283
0.445 -0.134737
0.4475 -0.137625
0.45 -0.139679
0.4525 -0.138548
0.455 -0.134024
0.4575 -0.128378
0.46 -0.124059
0.4625 -0.121215
0.465 -0.117579
0.4675 -0.111187
0.47 -0.102761
0.4725 -0.0949794
0.475 -0.0895617
0.4775 -0.0852993
0.48 -0.0795822
0.4825 -0.0716712
0.485 -0.0636287
0.4875 -0.0579144
0.49 -0.0543764
0.4925 -0.0504371
0.495 -0.0444466
0.4975 -0.0377773
0.5 -0.0330931
0.5025 -0.0309142
0.505 -0.0288668
0.5075 -0.0248713
0.51 -0.0199029
0.5125 -0.0166451
0.515 -0.0158653
0.5175 -0.0152803
0.52 -0.0127101
0.5225 -0.00911719
0.525 -0.00718692
0.5275 -0.00754115
0.53 -0.0077914
0.5325 -0.0059371
0.535 -0.00328795
0.5375 -0.00248383
0.54 -0.00361444
0.5425 -0.00406752
0.545 -0.00236989
0.5475 -0.000432824
0.55 -0.000617565
0.5525 -0.00212195
0.555 -0.00222603
0.5575 -0.000431839
0.56 0.000739873
0.5625 -0.00030292
0.565 -0.00168495
0.5675 -0.00106205
0.57 0.000689255
0.5725 0.000871789
0.575 -0.00071192
0.5775 -0.00139674
0.58 -2.15044e-05
0.5825 0.00118377
0.585 0.000287391
0.5875 -0.00118481
0.59 -0.000751344
0.5925 0.000866955
0.595 0.000945037
0.5975 -0.000611428
0.6 -0.00114107
0.6025 0.000250485
0.605 0.00117092
0.6075 2.92306e-05
0.61 -0.0011826
0.6125 -0.000374322
0.615 0.000981918
0.6175 0.000454869
0.62 -0.00111086
0.6225 -0.00109519
0.625 0.000211885
0.6275 5.80355e-05
0.63 -0.00187511
0.6325 -0.00302125
0.635 -0.00270288
0.6375 -0.00351002
0.64 -0.00683141
0.6425 -0.0105705
0.645 -0.0133293
0.6475 -0.017372
0.65 -0.024794
0.6525 -0.0340414
0.655 -0.0431468
0.6575 -0.0536272
0.66 -0.0677176
0.6625 -0.0839641
0.665 -0.0995357
0.6675 -0.114851
0.67 -0.131686
0.6725 -0.148498
0.675 -0.16196
0.6775 -0.171965
0.68 -0.18068
0.6825 -0.187538
0.685 -0.190106
0.6875 -0.189155
0.69 -0.187925
0.6925 -0.186893
0.695 -0.183965
0.6975 -0.17948
0.7 -0.175901
0.7025 -0.172614
0.705 -0.166354
0.7075 -0.156649
0.71 -0.145761
0.7125 -0.13369
0.715 -0.11848
0.7175 -0.101297
0.72 -0.0857245
0.7225 -0.0721575
0.725 -0.0582843
0.7275 -0.0442575
0.73 -0.031925
0.7325 -0.02005
0.735 -0.00586772
0.7375 0.00958339
0.74 0.0230895
0.7425 0.0346194
0.745 0.0456977
0.7475 0.0549431
0.75 0.0606502
0.7525 0.0650863
0.755 0.0711061
0.7575 0.0774003
0.76 0.0817508
0.7625 0.0851645
0.765 0.0883872
0.7675 0.0890702
0.77 0.0864053
0.7725 0.0836145
0.775 0.082628
0.7775 0.0814594
0.78 0.0791261
0.7825 0.0772118
0.785 0.0751071
0.7875 0.0702763
0.79 0.0637637
0.7925 0.0590646
0.795 0.0561793
0.7975 0.0527492
0.8 0.0491261
0.8025 0.0463933
0.805 0.0425974
0.8075 0.0366276
0.81 0.0315193
0.8125 0.0292811
0.815 0.0276121
0.8175 0.024908
0.82 0.0225495
0.8225 0.0203707
0.825 0.016574
0.8275 0.0126965
0.83 0.0116746
0.8325 0.0121132
0.835 0.0109593
0.8375 0.00889294
0.84 0.00752152
0.8425 0.00577428
0.845 0.00361798
0.8475 0.00353479
0.85 0.00509618
0.8525 0.00481146
0.855 0.00260601
0.8575 0.00139411
0.86 0.00127423
0.8625 0.000837351
0.865 0.0011308
0.8675 0.00246845
0.87 0.00214059
0.8725 -0.000170602
0.875 -0.00101655
0.8775 0.000293126
0.88 0.0010155
0.8825 0.000783643
0.885 0.000915757
0.8875 0.000396286
0.89 -0.00115374
0.8925 -0.00106938
0.895 0.000978605
0.8975 0.00154813
0.9 4.13963e-05
0.9025 -0.000704122
0.905 -0.000389905
0.9075 -0.00042226
0.91 8.22418e-05
0.9125 0.00128302
0.915 0.000745824
0.9175 -0.00121365
0.92 -0.00120148
0.9225 0.000553646
0.925 0.000951872
0.9275 0.000220399
0.93 5.31781e-05
0.9325 -0.000326805
0.935 -0.000869453
0.9375 0.000255933
0.94 0.00176876
0.9425 0.000916883
0.945 -0.000570433
0.9475 0.000227671
0.95 0.00183912
0.9525 0.00240929
0.955 0.003129
0.9575 0.00416
0.96 0.00458278
0.9625 0.00624093
0.965 0.0103654
0.9675 0.01411
0.97 0.0163184
0.9725 0.0201718
0.975 0.0266895
0.9775 0.0336561
0.98 0.0409991
0.9825 0.0495027
0.985 0.0578373
0.9875 0.066307
0.99 0.0769746
0.9925 0.088073
0.995 0.0963155
0.9975 0.103048
1 0.110434
1.0025 0.116608
1.005 0.120122
1.0075 0.121997
1.01 0.121767
1.0125 0.119116
1.015 0.116554
1.0175 0.114447
1.02 0.109942
1.0225 0.103655
1.025 0.0988935
1.0275 0.0949882
1.03 0.0896263
1.0325 0.0833983
1.035 0.0764764
1.0375 0.0678056
1.04 0.058784
1.0425 0.050306
1.045 0.0399269
1.0475 0.0277269
1.05 0.0175015
1.0525 0.00960739
1.055 0.00147079
1.0575 -0.00643669
1.06 -0.0129492
1.0625 -0.019212
1.065 -0.0251085
1.0675 -0.029984
1.07 -0.0358727
1.0725 -0.0429671
1.075 -0.0477308
1.0775 -0.0498086
1.08 -0.0521586
1.0825 -0.054293
1.085 -0.0542905
1.0875 -0.0534823
1.09 -0.0529527
1.0925 -0.0521702
1.095 -0.0522113
1.0975 -0.0530033
1.1 -0.05164
1.1025 -0.0483889
1.105 -0.0462839
1.1075 -0.0443539
1.11 -0.0404423
1.1125 -0.0365868
1.115 -0.0345047
1.1175 -0.0328504
1.12 -0.0313158
1.1225 -0.0298032
1.125 -0.0266512
1.1275 -0.0228501
1.13 -0.0208257
1.1325 -0.0189431
1.135 -0.0156385
1.1375 -0.0136759
1.14 -0.013894
1.1425 -0.0133337
1.145 -0.0114498
1.1475 -0.00955233
1.15 -0.00736618
1.1525 -0.00566392
1.155 -0.00556519
1.1575 -0.00518673
1.16 -0.00392745
1.1625 -0.00418185
1.165 -0.00495688
1.1675 -0.0033206
1.17 -0.00105514
1.1725 -0.000758993
1.175 -0.00115561
1.1775 -0.00138328
1.18 -0.00189678
1.1825 -0.0016167
1.185 -0.000725716
1.1875 -0.000790476
1.19 -0.000481586
1.1925 0.000979866
1.195 0.000686524
1.1975 -0.00136105
1.2 -0.00159341
1.2025 -0.00026778
1.205 0.000226621
1.2075 0.00040795
1.21 0.000581999
1.2125 -3.32961e-05
1.215 -0.000363025
1.2175 -0.000208881
1.22 -0.000837294
1.2225 -0.000713793
1.225 0.00112346
1.2275 0.00144323
1.23 -0.0004147
1.2325 -0.00104444
1.235 -0.000298145
1.2375 -0.000130155
1.24 0.000114313
1.2425 0.000588246
1.245 0.000272473
1.2475 2.26284e-06
1.25 -0.000123139
1.2525 -0.00105457
1.255 -0.000960654
1.2575 0.000856742
1.26 0.00100614
1.2625 -0.000848019
1.265 -0.00140379
1.2675 -0.000979408
1.27 -0.00136688
1.2725 -0.00158727
1.275 -0.00163714
1.2775 -0.00264144
1.28 -0.00387206
1.2825 -0.00536099
1.285 -0.00764463
1.2875 -0.00892256
1.29 -0.00952779
1.2925 -0.0127554
1.295 -0.0176586
1.2975 -0.0211531
1.3 -0.0246235
1.3025 -0.0295425
1.305 -0.0344136
1.3075 -0.0394689
1.31 -0.0456103
1.3125 -0.0516767
1.315 -0.0574234
1.3175 -0.0628062
1.32 -0.0664337
1.3225 -0.0695785
1.325 -0.0740839
1.3275 -0.0771097
1.33 -0.0768029
1.3325 -0.0759753
1.335 -0.0752017
1.3375 -0.0727504
1.34 -0.0697326
1.3425 -0.0669141
1.345 -0.0630731
1.3475 -0.0586549
1.35 -0.0542145
1.3525 -0.049483
1.355 -0.0458349
1.3575 -0.0428549
1.36 -0.0375536
1.3625 -0.0310166
1.365 -0.0261351
1.3675 -0.0211346
1.37 -0.0145441
1.3725 -0.00834123
1.375 -0.00247443
1.3775 0.00400625
1.38 0.00958516
1.3825 0.0137774
1.385 0.0172583
1.3875 0.01981
1.39 0.0226355
1.3925 0.0262465
1.395 0.0280693
1.3975 0.0284826
1.4 0.0307072
1.4025 0.0335083
1.405 0.0345315
1.4075 0.035239
1.41 0.0358085
1.4125 0.0347357
1.415 0.0332214
1.4175 0.03222
1.42 0.0309566
1.4225 0.0297099
1.425 0.0281812
1.4275 0.0260612
1.43 0.0254303
1.4325 0.025842
1.435 0.0239948
1.4375 0.0209793
1.44 0.019374
1.4425 0.0176058
1.445 0.0151661
1.4475 0.0138926
1.45 0.0129458
1.4525 0.0114106
1.455 0.0104947
1.4575 0.00999277
1.46 0.00931527
1.4625 0.00851183
1.465 0.00644226
1.4675 0.00406297
1.47 0.00403223
1.4725 0.00458928
1.475 0.00344564
1.4775 0.00287289
1.48 0.00343164
1.4825 0.00291449
1.485 0.00210516
1.4875 0.0019255
1.49 0.00105673
1.4925 8.78489e-05
1.495 0.000172835
1.4975 0.000704351
1.5 0.00151626
1.5025 0.00172906
1.505 0.000334262
1.5075 -0.000343203
1.51 0.00059699
1.5125 0.000253612
1.515 -0.000863331
1.5175 -0.000202173
1.52 0.000641309
1.5225 0.000481036
1.525 0.000706455
1.5275 0.000587988
1.53 -0.000496213
1.5325 -0.000904776
1.535 -0.000467664
1.5375 0.000181379
1.54 0.000841563
1.5425 0.000360858
1.545 -0.000441978
1.5475 0.000312639
1.55 0.000557791
1.5525 -0.000877236
1.555 -0.000938078
1.5575 0.000361967
1.56 0.000530114
1.5625 0.000441938
1.565 0.000593696
1.5675 -0.000221181
1.57 -0.000815052
1.5725 -0.000262156
1.575 0.000305345
1.5775 0.000670066
1.58 0.00060572
1.5825 9.94382e-05
1.585 0.000622826
1.5875 0.00121373
1.59 0.000195147
1.5925 0.000164532
1.595 0.00215
1.5975 0.00301893
1.6 0.00286362
1.6025 0.00357132
1.605 0.0041635
1.6075 0.00487366
1.61 0.00695329
1.6125 0.00913345
1.615 0.0108314
1.6175 0.0128296
1.62 0.0149998
1.6225 0.0177891
1.625 0.0210106
1.6275 0.0234533
1.63 0.0267325
1.6325 0.0316644
1.635 0.035007
1.6375 0.0366874
1.64 0.0396463
1.6425 0.0428408
1.645 0.0449151
1.6475 0.0470013
1.65 0.0482582
1.6525 0.047892
1.655 0.0472979
1.6575 0.0464339
1.66 0.0447979
1.6625 0.0428395
1.665 0.0402201
1.6675 0.0375073
1.67 0.035179
1.6725 0.031406
1.675 0.0270863
1.6775 0.0250622
1.68 0.0232891
1.6825 0.0195895
1.685 0.0161205
1.6875 0.0131576
1.69 0.0094562
1.6925 0.00616674
1.695 0.00319513
1.6975 -0.000566782
1.7 -0.00423198
1.7025 -0.00754966
1.705 -0.0108065
1.7075 -0.0133905
1.71 -0.0156626
1.7125 -0.0172636
1.715 -0.0174025
1.7175 -0.0183369
1.72 -0.0205358
1.7225 -0.0207986
1.725 -0.0199023
1.7275 -0.0205454
1.73 -0.0212506
1.7325 -0.0212288
1.735 -0.0216562
1.7375 -0.0215259
1.74 -0.0204682
1.7425 -0.0195512
1.745 -0.0183282
1.7475 -0.0168691
1.75 -0.0158103
1.7525 -0.0146812
1.755 -0.013846
1.7575 -0.0130829
1.76 -0.0113591
1.7625 -0.0106047
1.765 -0.0114295
1.7675 -0.0104912
1.77 -0.00814044
1.7725 -0.00721473
1.775 -0.00649788
1.7775 -0.005187
1.78 -0.00472153
1.7825 -0.00441475
1.785 -0.00376596
1.7875 -0.00359847
1.79 -0.0033356
1.7925 -0.00289714
1.795 -0.00275334
1.7975 -0.00223328
1.8 -0.00162538
1.8025 -0.00106591
1.805 1.36415e-05
1.8075 -0.00016919
1.81 -0.00171194
1.8125 -0.00142009
1.815 -0.000207929
1.8175 -0.000679089
1.82 -0.000942507
1.8225 -0.000154912
1.825 -2.73584e-05
1.8275 1.36937e-05
1.83 0.000354447
1.8325 0.000105417
1.835 -0.000186523
1.8375 -0.000404324
1.84 -0.000763432
1.8425 -0.000444803
1.845 0.000112502
1.8475 0.000424239
1.85 0.00079754
1.8525 0.000124243
1.855 -0.000858912
1.8575 1.08121e-05
1.86 0.000583412
1.8625 -0.000639332
1.865 -0.000704776
1.8675 0.000361567
1.87 0.000353772
1.8725 0.000252751
1.875 0.000418507
1.8775 -6.35197e-05
1.88 -0.000433979
1.8825 -0.000482918
1.885 -0.000406224
1.8875 0.000205344
1.89 0.000483962
1.8925 0.000157178
1.895 -1.54041e-05
1.8975 -0.000470995
1.9 -0.000581467
1.9025 0.000134631
1.905 -0.000428633
1.9075 -0.00146762
1.91 -0.000479764
1.9125 0.000185626
1.915 -0.00105149
1.9175 -0.00175226
1.92 -0.00196756
1.9225 -0.0028012
1.925 -0.00323082
1.9275 -0.00345338
1.93 -0.00413885
1.9325 -0.0050747
1.935 -0.0066332
1.9375 -0.00826822
1.94 -0.00940653
1.9425 -0.0109819
1.945 -0.0127122
1.9475 -0.0143445
1.95 -0.0166546
1.9525 -0.0183672
1.955 -0.0195536
1.9575 -0.0225407
1.96 -0.0254425
1.9625 -0.0260244
1.965 -0.0268411
1.9675 -0.0285003
1.97 -0.0291453
1.9725 -0.0295426
1.975 -0.0300477
1.9775 -0.0296888
1.98 -0.0287343
1.9825 -0.0272706
1.985 -0.0255676
1.9875 -0.0241557
1.99 -0.0221859
1.9925 -0.0198814
1.995 -0.018111
1.9975 -0.0160147
2 -0.0139029
2.0025 -0.0121411
2.005 -0.00930554
2.0075 -0.00688785
2.01 -0.00642774
2.0125 -0.00492067
2.015 -0.00186151
2.0175 8.61403e-05
2.02 0.00176624
2.0225 0.00417486
2.025 0.0060103
2.0275 0.00747933
2.03 0.00907486
2.0325 0.0105137
2.035 0.0118737
2.0375 0.0125946
2.04 0.0128831
2.0425 0.01351
2.045 0.0134714
2.0475 0.0128756
2.05 0.0128643
2.0525 0.0126876
2.055 0.0127571
2.0575 0.0135103
2.06 0.0127148
2.0625 0.0112576
2.065 0.0117029
2.0675 0.0118897
2.07 0.0105449
2.0725 0.00978392
2.075 0.00925695
2.0775 0.00802073
2.08 0.0070127
2.0825 0.00637188
2.085 0.00596449
2.0875 0.00566459
2.09 0.0051112
2.0925 0.00494793
2.095 0.00476877
2.0975 0.00371499
2.1 0.00311607
2.1025 0.0030635
2.105 0.00250071
2.1075 0.00224889
2.11 0.00173529
2.1125 0.000452324
2.115 0.000797847
2.1175 0.00196462
2.12 0.00131839
2.1225 0.000731371
2.125 0.00124283
2.1275 0.000916943
2.13 0.00021144
2.1325 0.000135859
2.135 0.000148133
2.1375 0.000145136
2.14 3.30031e-05
2.1425 4.24174e-05
2.145 0.00037241
2.1475 0.00018289
2.15 8.30933e-05
2.1525 0.000688565
2.155 0.000443683
2.1575 -0.000316362
2.16 -0.000391968
2.1625 -0.000579154
2.165 -0.000216254
2.1675 0.000798199
2.17 0.000261565
2.1725 -0.000486578
2.175 0.000393243
2.1775 0.000514719
2.18 -0.000384701
2.1825 -0.000263462
2.185 7.2419e-05
2.1875 -0.000146716
2.19 -0.000234253
2.1925 -6.919e-05
2.195 0.000309519
2.1975 0.000382588
2.2 0.000110409
2.2025 0.000212248
2.205 -0.000116424
2.2075 -0.000751388
2.21 -0.000154212
2.2125 0.000489843
2.215 0.000272929
2.2175 0.000358043
2.22 0.000141115
2.2225 -0.000147891
2.225 0.00069082
2.2275 0.000695909
2.23 -0.000289362
2.2325 0.000311162
2.235 0.00124257
2.2375 0.000972751
2.24 0.0011796
2.2425 0.00194772
2.245 0.00219959
2.2475 0.00218594
2.25 0.00238838
2.2525 0.00323124
2.255 0.00423868
2.2575 0.00494085
2.26 0.00611541
2.2625 0.00707053
2.265 0.00728866
2.2675 0.00852353
2.27 0.010244
2.2725 0.0110704
2.275 0.0122144
2.2775 0.0134844
2.28 0.0144033
2.2825 0.0161518
2.285 0.0172712
2.2875 0.0169075
2.29 0.0175416
2.2925 0.0186381
2.295 0.0183432
2.2975 0.0180929
2.3 0.0183544
2.3025 0.01784
2.305 0.0165371
2.3075 0.0150985
2.31 0.0140925
2.3125 0.0130949
2.315 0.0115242
2.3175 0.0102889
2.32 0.0090525
2.3225 0.00707764
2.325 0.00591242
2.3275 0.00518219
2.33 0.00336769
2.3325 0.00193834
2.335 0.00117136
2.3375 4.83185e-05
2.34 -0.000607698
2.3425 -0.00165801
2.345 -0.00376497
2.3475 -0.00469456
2.35 -0.00499559
2.3525 -0.00642626
2.355 -0.00735337
2.3575 -0.0073448
2.36 -0.00792675
2.3625 -0.00881878
2.365 -0.00910405
2.3675 -0.00867648
2.37 -0.00831021
2.3725 -0.00845773
2.375 -0.00809558
2.3775 -0.00753491
2.38 -0.00767121
2.3825 -0.00728988
2.385 -0.00678951
2.3875 -0.00728766
2.39 -0.00699288
2.3925 -0.00590742
2.395 -0.00566362
2.3975 -0.00535389
2.4 -0.00498986
2.4025 -0.00497277
2.405 -0.00389487
2.4075 -0.00286436
2.41 -0.00311796
2.4125 -0.00273955
2.415 -0.00195076
2.4175 -0.00228066
2.42 -0.00254656
2.4225 -0.00197652
2.425 -0.00143991
2.4275 -0.0014623
2.43 -0.00157137
2.4325 -0.000933676
2.435 -0.000425119
2.4375 -0.000748346
2.44 -0.000530338
2.4425 -0.000174615
2.445 -0.000515612
2.4475 -0.000163528
2.45 0.000111799
2.4525 -0.000768171
2.455 -0.000859366
2.4575 -0.000235918
2.46 -0.000106227
2.4625 0.000273843
2.465 0.000252062
2.4675 -0.00030571
2.47 0.000119296
2.4725 0.000336627
2.475 -0.000387622
2.4775 -0.000261791
2.48 0.000229523
2.4825 -0.000134404
2.485 -0.000445981
2.4875 -8.03221e-05
2.49 0.000379496
2.4925 0.000152671
2.495 -0.000188615
2.4975 0.000325015
2.5 0.000375629
2.5025 -0.000379178
2.505 -0.000300875
2.5075 -0.000164823
2.51 -0.000369759
2.5125 0.000349238
2.515 0.000555405
2.5175 -0.000244146
2.52 -0.000141719
2.5225 0.000148556
2.525 -2.8681e-05
2.5275 0.000123843
2.53 -0.000193474
2.5325 -0.000526783
2.535 7.8511e-05
2.5375 8.60723e-05
2.54 -0.000377875
2.5425 5.33133e-05
2.545 0.000283394
2.5475 -0.00030944
2.55 -0.000691787
2.5525 -0.00051216
2.555 -0.000441024
2.5575 -0.000976399
2.56 -0.00103853
2.5625 -0.000422056
2.565 -0.000935607
2.5675 -0.00185767
2.57 -0.0018186
2.5725 -0.00222092
2.575 -0.00277397
2.5775 -0.00272014
2.58 -0.00361366
2.5825 -0.00462178
2.585 -0.00454454
2.5875 -0.00501499
2.59 -0.00594258
2.5925 -0.00662742
2.595 -0.00773359
2.5975 -0.00842013
2.6 -0.00870414
2.6025 -0.00970861
2.605 -0.0102827
2.6075 -0.0101597
2.61 -0.0107303
2.6125 -0.0115108
2.615 -0.0115816
2.6175 -0.0113147
2.62 -0.0113391
2.6225 -0.0113004
2.625 -0.0102899
2.6275 -0.00942674
2.63 -0.00952318
2.6325 -0.00862956
2.635 -0.00708505
2.6375 -0.00658955
2.64 -0.00582172
2.6425 -0.00472442
2.645 -0.0042201
2.6475 -0.0029388
2.65 -0.00153502
2.6525 -0.00132607
2.655 -0.00082988
2.6575 1.23554e-05
2.66 0.000503911
2.6625 0.0013558
2.665 0.00199454
2.6675 0.00237549
2.67 0.00338707
2.6725 0.00396912
2.675 0.00390333
2.6775 0.00444141
2.68 0.00519645
2.6825 0.0053862
2.685 0.00531339
2.6875 0.00560831
2.69 0.00593811
2.6925 0.00535951
2.695 0.00499631
2.6975 0.00550278
2.7 0.00490798
2.7025 0.00393007
2.705 0.004329
2.7075 0.00442428
2.71 0.0039909
2.7125 0.00403684
2.715 0.00345108
2.7175 0.00292184
2.72 0.0033376
2.7225 0.00311598
2.725 0.00254519
2.7275 0.00245654
2.73 0.00205997
2.7325 0.00173151
2.735 0.00153103
2.7375 0.000964522
2.74 0.000959342
2.7425 0.00126367
2.745 0.000911689
2.7475 0.000650235
2.75 0.000892816
2.7525 0.000990628
2.755 0.000571888
2.7575 0.000232089
2.76 0.000559922
2.7625 0.000407855
2.765 -0.000198354
2.7675 0.000336172
2.77 0.000531892
2.7725 -0.000466523
2.775 -0.000314556
2.7775 0.000389339
2.78 0.000227468
2.7825 0.000363223
2.785 0.000305106
2.7875 -0.000222507
2.79 6.14486e-05
2.7925 0.000176112
2.795 -0.000284309
2.7975 -0.00015071
2.8 1.00057e-05
2.8025 -1.81708e-05
2.805 0.000133119
2.8075 -4.65815e-05
2.81 -5.05623e-05
2.8125 0.000302591
2.815 0.000119677
2.8175 -0.000179636
2.82 -7.34788e-06
2.8225 0.000179305
2.825 -8.62125e-05
2.8275 -0.000456993
2.83 -6.14245e-05
2.8325 0.000294647
2.835 -0.000125917
2.8375 0.000210511
2.84 0.000615784
2.8425 -0.000352183
2.845 -0.000491558
2.8475 0.000347541
2.85 8.52973e-05
2.8525 -0.000155469
2.855 8.27403e-05
2.8575 -9.45072e-05
2.86 0.000176464
2.8625 0.000428988
2.865 1.3927e-05
2.8675 0.000138371
2.87 0.000421004
2.8725 0.000235788
2.875 0.000252321
2.8775 0.000276465
2.88 0.000395306
2.8825 0.000822615
2.885 0.000895642
2.8875 0.000936659
2.89 0.00135023
2.8925 0.00156898
2.895 0.00145248
2.8975 0.0014702
2.9 0.00217427
2.9025 0.00286113
2.905 0.00275132
2.9075 0.00321488
2.91 0.00404644
2.9125 0.0038285
2.915 0.00430756
2.9175 0.00555708
2.92 0.00536567
2.9225 0.00524863
2.925 0.00619554
2.9275 0.00653238
2.93 0.00672419
2.9325 0.00707201
2.935 0.00694797
2.9375 0.00715016
2.94 0.00725493
2.9425 0.00665095
2.945 0.00637387
2.9475 0.00627753
2.95 0.00590245
2.9525 0.00554341
2.955 0.00493011
2.9575 0.00428099
2.96 0.00379201
2.9625 0.00301067
2.965 0.0022661
2.9675 0.00187607
2.97 0.00156619
2.9725 0.000931585
2.975 1.85825e-05
2.9775 -0.000130115
2.98 -6.07605e-05
2.9825 -0.000987493
2.985 -0.00138614
2.9875 -0.00127808
2.99 -0.00226681
2.9925 -0.00256801
2.995 -0.00195706
2.9975 -0.00264258
3 -0.00331867
3.0025 -0.00307764
3.005 -0.00331693
3.0075 -0.00358169
3.01 -0.00361581
3.0125 -0.00374141
3.015 -0.00332691
3.0175 -0.00302423
3.02 -0.00323715
3.0225 -0.0030744
3.025 -0.00278002
3.0275 -0.00262407
3.03 -0.00240147
3.0325 -0.00231385
3.035 -0.00212971
3.0375 -0.00191029
3.04 -0.00193288
3.0425 -0.00184452
3.045 -0.00160536
3.0475 -0.00135555
3.05 -0.00141651
3.0525 -0.00167107
3.055 -0.00102695
3.0575 -0.000398413
3.06 -0.000850955
3.0625 -0.000626323
3.065 -0.000149862
3.0675 -0.000779805
3.07 -0.000576875
3.0725 0.000119682
3.075 -0.000457303
3.0775 -0.000590024
3.08 -1.70422e-05
3.0825 -0.000181569
3.085 -0.000360718
3.0875 -0.00029213
3.09 -0.00019357
3.0925 0.000183326
3.095 0.000131212
3.0975 -0.000149105
3.1 4.80907e-05
3.1025 0.000122315
3.105 -2.29826e-05
3.1075 -0.000107334
3.11 -0.00019143
3.1125 -0.000105261
3.115 -6.18197e-05
3.1175 -5.83554e-05
3.12 0.00011353
3.1225 0.000138345
3.125 6.25585e-05
3.1275 -0.000137119
3.13 -0.00019312
3.1325 0.000375998
3.135 0.000270613
3.1375 -0.000450096
3.14 -2.56612e-05
3.1425 0.000164668
3.145 -0.000442781
3.1475 5.66724e-05
3.15 0.000358013
3.1525 -0.000268155
3.155 8.22523e-05
3.1575 0.000416001
3.16 -0.000166054
3.1625 -0.00023165
3.165 8.76276e-06
3.1675 1.66627e-05
3.17 -1.98605e-05
3.1725 -0.000230473
3.175 -9.39299e-05
3.1775 0.000227675
3.18 1.04445e-05
3.1825 -0.00019096
3.185 -0.000116576
3.1875 -7.6427e-05
3.19 -7.69825e-05
3.1925 -0.000215285
3.195 -0.000286939
3.1975 -0.000335543
3.2 -0.000525949
3.2025 -0.000470236
3.205 -0.000394148
3.2075 -0.000414997
3.21 -0.0004884
3.2125 -0.00111704
3.215 -0.00128769
3.2175 -0.000809429
3.22 -0.00144283
3.2225 -0.00197365
3.225 -0.00144599
3.2275 -0.00191403
3.23 -0.00252286
3.2325 -0.0021888
3.235 -0.00269647
3.2375 -0.00333678
3.24 -0.00309183
3.2425 -0.00337852
3.245 -0.0039601
3.2475 -0.00404048
3.25 -0.00404476
3.2525 -0.00409683
3.255 -0.00436866
3.2575 -0.00452857
3.26 -0.0041691
3.2625 -0.00405852
3.265 -0.00426115
3.2675 -0.00417075
3.27 -0.00384677
3.2725 -0.00341514
3.275 -0.00306803
3.2775 -0.00271533
3.28 -0.00226043
3.2825 -0.00207718
3.285 -0.00177671
3.2875 -0.00124299
3.29 -0.00091712
3.2925 -0.000422042
3.295 -0.000207561
3.2975 -0.000272959
3.3 0.000565144
3.3025 0.00095227
3.305 0.00040386
3.3075 0.00100121
3.31 0.00156584
3.3125 0.00107195
3.315 0.00144168
3.3175 0.00190486
3.32 0.00158303
3.3225 0.00193341
3.325 0.00234719
3.3275 0.00208594
3.33 0.00207783
3.3325 0.00224971
3.335 0.00223433
3.3375 0.00203183
3.34 0.00184081
3.3425 0.00208769
3.345 0.00215329
3.3475 0.0016618
3.35 0.00137324
3.3525 0.00138122
3.355 0.00137566
3.3575 0.00123568
3.36 0.00105389
3.3625 0.00109712
3.365 0.000981709
3.3675 0.000808788
3.37 0.000981528
3.3725 0.000852108
3.375 0.000643379
3.3775 0.000647962
3.38 0.000296294
3.3825 0.000421966
3.385 0.000697908
3.3875 -1.93413e-05
3.39 1.5091e-05
3.3925 0.000655379
3.395 6.95301e-06
3.3975 -0.000231141
3.4 0.000358428
3.4025 7.60164e-05
3.405 -5.5076e-06
3.4075 0.000406443
3.41 0.000149942
3.4125 -3.76605e-05
3.415 0.00011673
3.4175 1.23198e-05
3.42 -0.000137921
3.4225 -0.000108922
3.425 0.000128728
3.4275 0.000140937
3.43 -0.000224828
3.4325 -0.000153367
3.435 0.000210092
3.4375 0.000173282
3.44 -3.69028e-05
3.4425 -9.45779e-05
3.445 7.4212e-05
3.4475 0.000104804
3.45 -7.52197e-05
3.4525 4.76525e-05
3.455 2.71409e-07
3.4575 -0.0002452
3.46 -7.15172e-06
3.4625 2.56096e-05
3.465 -3.26041e-05
3.4675 0.0002475
3.47 -5.72008e-05
3.4725 -9.14971e-05
3.475 0.000408504
3.4775 -0.000187627
3.48 -0.000448357
3.4825 0.000362117
3.485 9.94666e-05
3.4875 -0.000308898
3.49 0.000182454
3.4925 7.02902e-05
3.495 -0.000160019
3.4975 0.000156505
3.5 0.00014309
3.5025 2.36898e-05
3.505 0.000114498
3.5075 0.000116325
3.51 1.52364e-05
3.5125 -3.46687e-05
3.515 0.000219742
3.5175 0.000342789
3.52 4.85146e-05
3.5225 0.000131353
3.525 0.000545697
3.5275 0.000616092
3.53 0.000424334
3.5325 0.000348834
3.535 0.000625455
3.5375 0.000775365
3.54 0.000692378
3.5425 0.00103031
3.545 0.00120451
3.5475 0.00109251
3.55 0.00146497
3.5525 0.00157427
3.555 0.00155399
3.5575 0.00200967
3.56 0.00192177
3.5625 0.00198942
3.565 0.00260728
3.5675 0.00221031
3.57 0.00209695
3.5725 0.0029955
3.575 0.00280627
3.5775 0.00240123
3.58 0.00287913
3.5825 0.00276539
3.585 0.00239714
3.5875 0.00250926
3.59 0.00238755
3.5925 0.00212445
3.595 0.00199833
3.5975 0.0018481
3.6 0.00160974
3.6025 0.00132632
3.605 0.00119257
3.6075 0.000868907
3.61 0.000337544
3.6125 0.000301945
3.615 0.000385651
3.6175 1.94126e-05
3.62 -0.000396052
3.6225 -0.000495331
3.625 -0.000361557
3.6275 -0.00056625
3.63 -0.000920787
3.6325 -0.00077034
3.635 -0.000889724
3.6375 -0.00124364
3.64 -0.00105801
3.6425 -0.00118589
3.645 -0.00136899
3.6475 -0.00106883
3.65 -0.00133291
3.6525 -0.00144634
3.655 -0.00113992
3.6575 -0.00160486
3.66 -0.00151225
3.6625 -0.000835225
3.665 -0.00131351
3.6675 -0.00143331
3.67 -0.00070066
3.6725 -0.000844234
3.675 -0.00106129
3.6775 -0.000695679
3.68 -0.000657946
3.6825 -0.000730081
3.685 -0.00058092
3.6875 -0.000453781
3.69 -0.000457942
3.6925 -0.000507437
3.695 -0.000413206
3.6975 -0.000401812
3.7 -0.000399341
3.7025 -0.000154733
3.705 -0.000208239
3.7075 -0.000441524
3.71 -0.000237179
3.7125 7.92232e-05
3.715 8.64367e-05
3.7175 -0.000166046
3.72 -0.000141369
3.7225 0.000155221
3.725 -0.000104672
3.7275 -0.00027457
3.73 0.000102934
3.7325 -3.60761e-05
3.735 -0.000130627
3.7375 0.000124313
3.74 -0.000165596
3.7425 -0.000102337
3.745 0.000185042
3.7475 -0.000163553
3.75 5.54286e-05
3.7525 0.000259912
3.755 -0.000278915
3.7575 6.03636e-05
3.76 0.000375922
3.7625 -0.000313758
3.765 -0.000213207
3.7675 0.000252907
3.77 -6.93043e-05
3.7725 -0.000169731
3.775 7.35223e-05
3.7775 5.47731e-05
3.78 -2.66523e-05
3.7825 4.16884e-05
3.785 0.000133137
3.7875 -7.24317e-06
3.79 -0.00011707
3.7925 -1.15669e-05
3.795 -3.66007e-05
3.7975 2.11996e-05
3.8 0.000134526
3.8025 -9.16503e-05
3.805 -0.000202077
3.8075 1.05063e-05
3.81 0.000158414
3.8125 2.03966e-05
3.815 -0.000178754
3.8175 9.98614e-05
3.82 0.000195377
3.8225 -0.000284009
3.825 -0.000142284
3.8275 0.000112983
3.83 -0.000223906
3.8325 -7.95021e-05
3.835 -3.04142e-06
3.8375 -0.000282577
3.84 2.36258e-05
3.8425 -7.36541e-05
3.845 -0.000420158
3.8475 -6.56356e-05
3.85 -0.000301024
3.8525 -0.000612814
3.855 -0.000124426
3.8575 -0.000424254
3.86 -0.000880761
3.8625 -0.000396714
3.865 -0.000452937
3.8675 -0.000973927
3.87 -0.000898399
3.8725 -0.000792416
3.875 -0.00100443
3.8775 -0.00116124
3.88 -0.00115582
3.8825 -0.00129244
3.885 -0.00156837
3.8875 -0.00152047
3.89 -0.00142103
3.8925 -0.00154852
3.895 -0.00156875
3.8975 -0.0016522
3.9 -0.00176365
3.9025 -0.00162155
3.905 -0.00153409
3.9075 -0.00160181
3.91 -0.00164447
3.9125 -0.00138674
3.915 -0.00104767
3.9175 -0.00127223
3.92 -0.00120844
3.9225 -0.000584591
3.925 -0.000701784
3.9275 -0.000780047
3.93 -0.000261055
3.9325 -0.000292521
3.935 -0.000177336
3.9375 0.000172804
3.94 -4.85043e-05
3.9425 0.00023486
3.945 0.000567073
3.9475 0.00022545
3.95 0.000544359
3.9525 0.000777342
3.955 0.000341794
3.9575 0.000676775
3.96 0.00091965
3.9625 0.00044428
3.965 0.000655157
3.9675 0.00109325
3.97 0.000873379
3.9725 0.000682973
3.975 0.00083013
3.9775 0.000885628
3.98 0.000731503
3.9825 0.000772101
3.985 0.00090365
3.9875 0.000684334
3.99 0.00056461
3.9925 0.000684137
3.995 0.000606882
3.9975 0.000513693
4 0.000443303
4.0025 0.000328368
4.005 0.000334446
4.0075 0.000356941
4.01 0.000335486
4.0125 0.000161868
4.015 0.000133746
4.0175 0.000469429
4.02 0.000240782
4.0225 -9.74952e-05
4.025 0.000362176
4.0275 0.000277464
4.03 -0.000160361
4.0325 0.00015207
4.035 0.000115075
4.0375 -3.7378e-05
4.04 0.000214589
4.0425 -8.06187e-05
4.045 -9.65378e-05
4.0475 0.000224647
4.05 -0.00018104
4.0525 -0.000110509
4.055 0.00028686
4.0575 -8.64619e-05
4.06 -1.69437e-05
4.0625 0.000283163
4.065 -0.000145902
4.0675 -0.000174695
4.07 0.000231523
4.0725 8.1516e-05
4.075 -0.000207104
4.0775 -7.82586e-05
4.08 0.00010535
4.0825 -3.0935e-05
4.085 -7.07111e-05
4.0875 0.000123718
4.09 7.77897e-06
4.0925 -0.000112723
4.095 7.46014e-05
4.0975 7.92726e-05
4.1 -3.23792e-05
4.1025 -3.13946e-05
4.105 4.53753e-06
4.1075 4.01334e-05
4.11 -5.75115e-06
4.1125 -1.13659e-05
4.115 -7.82037e-05
4.1175 -0.000114313
4.12 0.000179847
4.1225 4.98552e-05
4.125 -0.00022474
4.1275 0.000249417
4.13 0.000184105
4.1325 -0.000313945
4.135 5.99282e-05
4.1375 0.000131522
4.14 -0.000130217
4.1425 0.000122683
4.145 -1.82335e-05
4.1475 -5.6327e-05
4.15 0.00025172
4.1525 -8.86073e-05
4.155 -3.29144e-05
4.1575 0.000377827
4.16 -7.99643e-06
4.1625 -2.30209e-05
4.165 0.000320424
4.1675 4.07154e-05
4.17 9.3092e-05
4.1725 0.000431459
4.175 0.000195582
4.1775 4.72477e-05
4.18 0.000381235
4.1825 0.000556374
4.185 0.000358213
4.1875 0.000372867
4.19 0.000652525
4.1925 0.000585026
4.195 0.00050462
4.1975 0.000736662
4.2 0.000742163
4.2025 0.000679073
4.205 0.000867959
4.2075 0.00100449
4.21 0.000966162
4.2125 0.000904101
4.215 0.000999827
4.2175 0.00104482
4.22 0.000982888
4.2225 0.00110493
4.225 0.000976188
4.2275 0.00082818
4.23 0.00113346
4.2325 0.000863297
4.235 0.000522077
4.2375 0.000993357
4.24 0.000798288
4.2425 0.000306843
4.245 0.000577694
4.2475 0.000423388
4.25 0.000175941
4.2525 0.000292251
4.255 -3.99821e-05
4.2575 -3.19201e-05
4.26 0.000112833
4.2625 -0.000361626
4.265 -0.000232161
4.2675 2.60582e-05
4.27 -0.000455002
4.2725 -0.000458317
4.275 -0.000263485
4.2775 -0.00054866
4.28 -0.000482834
4.2825 -0.000279143
4.285 -0.000510468
4.2875 -0.000641737
4.29 -0.000406232
4.2925 -0.000347823
4.295 -0.000646327
4.2975 -0.000624161
4.3 -0.000350368
4.3025 -0.000488473
4.305 -0.000581135
4.3075 -0.00039605
4.31 -0.000438988
4.3125 -0.000496722
4.315 -0.000325881
4.3175 -0.00021674
4.32 -0.000318076
4.3225 -0.000349057
4.325 -0.0001657
4.3275 -0.00020209
4.33 -0.00024906
4.3325 -5.09144e-05
4.335 -0.00019821
4.3375 -0.000181213
4.34 0.000113754
4.3425 -0.000249117
4.345 -0.000246605
4.3475 0.000224129
4.35 -0.000190582
4.3525 -0.00030775
4.355 0.000142225
4.3575 -5.49077e-05
4.36 -5.17988e-05
4.3625 9.19772e-05
4.365 -0.000135497
4.3675 8.32359e-05
4.37 6.18966e-05
4.3725 -0.000232457
4.375 0.000167436
4.3775 0.000146601
4.38 -0.00027024
4.3825 2.30866e-05
4.385 0.000120657
4.3875 -0.00013189
4.39 1.53797e-05
4.3925 7.12396e-05
4.395 -0.000104376
4.3975 -3.10423e-05
4.4 0.000136335
4.4025 -6.45949e-06
4.405 -0.000166077
4.4075 0.000106857
4.41 0.000200247
4.4125 -0.000124708
4.415 -8.87042e-05
4.4175 8.85413e-05
4.42 -5.68908e-05
4.4225 -7.43116e-05
4.425 7.10943e-05
4.4275 1.72488e-05
4.43 -9.60424e-05
4.4325 4.07143e-05
4.435 0.000123186
4.4375 -9.08709e-05
4.44 -2.65749e-05
4.4425 9.69016e-05
4.445 -0.000113571
4.4475 4.01982e-05
4.45 9.89479e-05
4.4525 -0.000206081
4.455 9.37422e-05
4.4575 0.000105416
4.46 -0.00032934
4.4625 8.99324e-05
4.465 0.000211004
4.4675 -0.000232498
4.47 -2.9953e-06
4.4725 4.14404e-05
4.475 -0.000117274
4.4775 7.09676e-05
4.48 -0.000138243
4.4825 -0.000138085
4.485 9.32614e-05
4.4875 -0.000289696
4.49 -0.000225783
4.4925 0.000140778
4.495 -0.000213778
4.4975 -0.000309388
4.5 -4.48167e-05
4.5025 -0.000212385
4.505 -0.00034823
4.5075 -0.000256753
4.51 -0.000304064
4.5125 -0.000414499
4.515 -0.000344774
4.5175 -0.000309685
4.52 -0.000582054
4.5225 -0.000601331
4.525 -0.000322053
4.5275 -0.000512193
4.53 -0.00074345
4.5325 -0.000531164
4.535 -0.000509429
4.5375 -0.000705637
4.54 -0.000651038
4.5425 -0.000562115
4.545 -0.000707897
4.5475 -0.000683674
4.55 -0.000442309
4.5525 -0.000562645
4.555 -0.000617843
4.5575 -0.000339619
4.56 -0.000460534
4.5625 -0.000445956
4.565 -0.000146251
4.5675 -0.000370673
4.57 -0.000252911
4.5725 7.63758e-05
4.575 -0.000274053
4.5775 -6.45775e-05
4.58 0.00035003
4.5825 -4.16597e-05
4.585 2.74854e-05
4.5875 0.000295924
4.59 0.000121637
4.5925 0.000283194
4.595 0.000263517
4.5975 0.000150342
4.6 0.00044827
4.6025 0.000239214
4.605 0.000103222
4.6075 0.000522728
4.61 0.000341968
4.6125 0.000115103
4.615 0.00043662
4.6175 0.000410411
4.62 0.000185705
4.6225 0.000263283
4.625 0.000354299
4.6275 0.000282805
4.63 0.000243154
4.6325 0.000325903
4.635 0.000222479
4.6375 0.000125777
4.64 0.000335372
4.6425 0.000222875
4.645 -6.83009e-05
4.6475 0.000154334
4.65 0.000278638
4.6525 -1.63362e-06
4.655 -2.83578e-06
4.6575 0.000182552
4.66 5.82591e-05
4.6625 -2.44858e-05
4.665 0.000162319
4.6675 5.05075e-05
4.67 -0.000104761
4.6725 0.000149755
4.675 7.32305e-05
4.6775 -8.81416e-05
4.68 0.000159841
4.6825 -1.78274e-05
4.685 -0.000121344
4.6875 0.000183461
4.69 -8.28575e-05
4.6925 -9.06315e-05
4.695 0.000237527
4.6975 -0.000168577
4.7 -0.000164149
4.7025 0.000224166
4.705 -4.60664e-05
4.7075 -4.10642e-05
4.71 9.39107e-05
4.7125 -6.76863e-05
4.715 9.86579e-05
4.7175 -8.15409e-06
4.72 -0.000168403
4.7225 0.000178419
4.725 1.28299e-05
4.7275 -0.000209873
4.73 0.00015201
4.7325 7.20113e-05
4.735 -0.000184843
4.7375 2.25168e-05
4.74 0.000113998
4.7425 -4.49013e-05
4.745 -8.06833e-05
4.7475 6.59304e-05
4.75 6.91602e-05
4.7525 -6.48286e-05
4.755 3.8703e-05
4.7575 2.89118e-05
4.76 -0.000120574
4.7625 8.60635e-05
4.765 9.02506e-05
4.7675 -0.000199564
4.77 -1.09414e-05
4.7725 0.00020159
4.775 -6.27168e-05
4.7775 -0.000114189
4.78 0.000135594
4.7825 4.06058e-05
4.785 -8.21714e-05
4.7875 0.000123948
4.79 1.64801e-05
4.7925 -0.000137153
4.795 0.000133919
4.7975 4.93077e-05
4.8 -6.56684e-05
4.8025 0.00019798
4.805 -5.87677e-06
4.8075 -6.01647e-05
4.81 0.000242475
4.8125 -1.53332e-05
4.815 5.247e-05
4.8175 0.000337489
4.82 -4.04298e-05
4.8225 6.24204e-05
4.825 0.000357081
4.8275 6.36257e-05
4.83 0.000147477
4.8325 0.00026745
4.835 0.000167816
4.8375 0.000368565
4.84 0.000237076
4.8425 0.000181227
4.845 0.000522635
4.8475 0.000297654
4.85 0.000178599
4.8525 0.000531389
4.855 0.000391452
4.8575 0.000222861
4.86 0.00044921
4.8625 0.000482874
4.865 0.000316107
4.8675 0.000304134
4.87 0.000470293
4.8725 0.000403898
4.875 0.000198385
4.8775 0.000334759
4.88 0.000333368
4.8825 0.000136858
4.885 0.000271336
4.8875 0.000203652
4.89 -3.47313e-05
4.8925 0.000175286
4.895 0.000185712
4.8975 -0.000175931
4.9 -7.62269e-05
4.9025 0.000151011
4.905 -0.000108917
4.9075 -0.00020769
4.91 -2.17059e-05
4.9125 -0.000204418
4.915 -0.000258947
4.9175 -3.08334e-05
4.92 -0.000222785
4.9225 -0.000249073
4.925 -5.20291e-05
4.9275 -0.000296584
4.93 -0.000214607
4.9325 -3.75015e-05
4.935 -0.000344503
4.9375 -0.000179703
4.94 -6.86e-05
4.9425 -0.00038066
4.945 -0.000102944
4.9475 -4.79052e-05
4.95 -0.00036156
4.9525 -0.000101894
4.955 -7.34479e-05
4.9575 -0.000220935
4.96 -6.59218e-05
4.9625 -0.000188399
4.965 -0.0001016
4.9675 6.18871e-05
4.97 -0.000237943
4.9725 -8.68504e-05
4.975 0.000143973
4.9775 -0.000167002
4.98 -0.000107495
4.9825 0.000117923
4.985 -4.45976e-05
4.9875 -0.000116513
4.99 1.71535e-05
4.9925 6.06963e-05
4.995 -0.000114226
4.9975 -0.000115103
5 0.00013479
5.0025 -1.02885e-05
5.005 -0.000138316
5.0075 0.000117465
5.01 9.43299e-06
5.0125 -0.000112146
5.015 0.000101627
5.0175 -3.32846e-05
5.02 -0.000106087
5.0225 0.000187008
5.025 3.86259e-05
5.0275 -0.000217879
5.03 6.95387e-05
5.0325 0.000147403
5.035 -0.000139815
5.0375 -1.57488e-05
5.04 8.89259e-05
5.0425 -0.000119959
5.045 2.83527e-05
5.0475 8.5414e-05
5.05 -0.000115851
5.0525 7.51652e-05
5.055 4.25497e-05
5.0575 -0.000129116
5.06 0.000138998
5.0625 5.70068e-06
5.065 -0.000142745
5.0675 0.000148089
5.07 -5.63006e-05
5.0725 -0.000111052
5.075 0.000173154
5.0775 -8.77251e-05
5.08 -8.09625e-05
5.0825 0.000141969
5.085 -6.29465e-05
5.0875 -3.4605e-06
5.09 1.96366e-05
5.0925 -9.31213e-05
5.095 0.000130408
5.0975 -1.55206e-05
5.1 -0.000155346
5.1025 0.00016531
5.105 1.32133e-05
5.1075 -0.000191821
5.11 5.30339e-05
5.1125 5.09093e-05
5.115 -9.6881e-05
5.1175 -4.23431e-05
5.12 7.02562e-05
5.1225 -5.28876e-06
5.125 -0.000171567
5.1275 2.68004e-05
5.13 8.26318e-05
5.1325 -0.000223117
5.135 -4.68937e-05
5.1375 8.41525e-05
5.14 -0.000229436
5.1425 -0.000105143
5.145 1.86468e-05
5.1475 -0.000212436
5.15 -7.38419e-05
5.1525 -2.90036e-05
5.155 -0.000322545
5.1575 -0.000151575
5.16 3.74903e-05
5.1625 -0.000294254
5.165 -0.000311943
5.1675 -5.75022e-05
5.17 -0.000237857
5.1725 -0.000294195
5.175 -0.000138504
5.1775 -0.000304622
5.18 -0.000264721
5.1825 -0.00014644
5.185 -0.000339061
5.1875 -0.000192982
5.19 -0.000131488
5.1925 -0.000363843
5.195 -0.000129903
5.1975 -0.00012315
5.2 -0.00033913
5.2025 -5.66807e-05
5.205 -0.000108904
5.2075 -0.000233146
5.21 5.96123e-05
5.2125 -7.05053e-05
5.215 -0.000132207
5.2175 7.98311e-05
5.22 -4.20372e-05
5.2225 4.4209e-05
5.225 0.000101731
5.2275 -6.31073e-05
5.23 0.00017669
5.2325 0.000152641
5.235 -8.57647e-05
5.2375 0.000188143
5.24 0.00023218
5.2425 7.06724e-06
5.245 9.80939e-05
5.2475 0.000197535
5.25 0.00013128
5.2525 3.06913e-05
5.255 0.000148517
5.2575 0.000247422
5.26 -2.61885e-05
5.2625 6.48619e-05
5.265 0.000306588
5.2675 -1.92964e-05
5.27 3.01908e-05
5.2725 0.000309251
5.275 -9.20646e-08
5.2775 1.41608e-06
5.28 0.00022578
5.2825 -3.58019e-06
5.285 3.55218e-05
5.2875 0.000173884
5.29 -8.70046e-05
5.2925 -1.16558e-06
5.295 0.000241603
5.2975 -3.59427e-05
5.3 -0.000121126
5.3025 0.000142369
5.305 2.42003e-05
5.3075 -7.23311e-05
5.31 7.64207e-05
5.3125 -2.22614e-05
5.315 9.91658e-07
5.3175 9.12637e-05
5.32 -8.86709e-05
5.3225 3.15127e-05
5.325 9.6941e-05
5.3275 -0.000126443
5.33 7.13983e-05
5.3325 8.41245e-05
5.335 -0.000152739
5.3375 7.15319e-05
5.34 2.8959e-05
5.3425 -0.000117515
5.345 0.000111691
5.3475 -1.99114e-05
5.35 -8.53224e-05
5.3525 9.8199e-05
5.355 -5.04984e-05
5.3575 4.72569e-06
5.36 6.57072e-05
5.3625 -0.000108685
5.365 7.73511e-05
5.3675 5.14354e-05
5.37 -0.000158385
5.3725 8.84891e-05
5.375 0.000101503
5.3775 -0.000115527
5.38 -2.67483e-05
5.3825 6.54973e-05
5.385 1.10728e-05
5.3875 -9.90483e-05
5.39 1.50986e-05
5.3925 0.000139889
5.395 -0.000136053
5.3975 -3.79793e-05
5.4 0.000217809
5.4025 -0.000141037
5.405 -8.20357e-05
5.4075 0.000212952
5.41 -0.000128251
5.4125 -7.63558e-05
5.415 0.00018971
5.4175 -9.33033e-05
5.42 -5.89559e-05
5.4225 0.000111884
5.425 -8.98883e-05
5.4275 2.47333e-05
5.43 0.000144128
5.4325 -0.000128234
5.435 -4.18959e-05
5.4375 0.000180961
5.44 -3.3491e-05
5.4425 -7.65344e-05
5.445 0.000104791
5.4475 2.24909e-05
5.45 1.3928e-05
5.4525 5.20957e-05
5.455 -3.9285e-05
5.4575 9.64264e-05
5.46 8.91615e-05
5.4625 -6.05725e-05
5.465 0.000146294
5.4675 0.000100304
5.47 -5.0489e-05
5.4725 0.000194856
5.475 0.000104748
5.4775 -1.00244e-05
5.48 0.000195226
5.4825 6.23001e-05
5.485 6.93846e-05
5.4875 0.000232043
5.49 6.18118e-05
5.4925 0.000142392
5.495 0.000202599
5.4975 5.36489e-05
5.5 0.000212635
5.5025 0.000160523
5.505 5.21738e-05
5.5075 0.000263259
5.51 0.000131857
5.5125 1.48451e-05
5.515 0.0002154
5.5175 0.000165237
5.52 3.68216e-05
5.5225 5.65811e-05
5.525 0.00016209
5.5275 0.000122461
5.53 -9.27568e-05
5.5325 0.000102213
5.535 0.000164548
5.5375 -0.000202492
5.54 4.52182e-05
5.5425 0.00017535
5.545 -0.000250307
5.5475 -1.90459e-05
5.55 0.000110967
5.5525 -0.000250074
5.555 -1.805e-05
5.5575 7.21702e-05
5.56 -0.000218114
5.5625 -4.36858e-05
5.565 -1.59399e-05
5.5675 -0.000182386
5.57 1.6741e-06
5.5725 -4.90587e-05
5.575 -0.000218617
5.5775 -5.57806e-07
5.58 2.21646e-05
5.5825 -0.000182207
5.585 -7.91571e-05
5.5875 3.84426e-06
5.59 -8.41825e-05
5.5925 -6.32595e-05
5.595 -9.37993e-05
5.5975 -6.52791e-05
5.6 4.48191e-05
5.6025 -0.000111209
5.605 -9.84134e-05
5.6075 7.4431e-05
5.61 -0.00010628
5.6125 -6.62345e-05
5.615 0.000101976
5.6175 -9.29602e-05
5.62 -3.16846e-05
5.6225 6.16402e-05
5.625 -9.12113e-05
5.6275 3.55184e-05
5.63 2.39247e-05
5.6325 -8.85957e-05
5.635 7.02564e-05
5.6375 -2.32935e-05
5.64 -5.80927e-05
5.6425 8.9096e-05
5.645 -6.47778e-05
5.6475 -2.06362e-05
5.65 8.6962e-05
5.6525 -9.28667e-05
5.655 -1.46356e-05
5.6575 8.29817e-05
5.66 -4.0681e-05
5.6625 -4.87165e-05
5.665 3.34248e-05
5.6675 9.92764e-05
5.67 -6.87433e-05
5.6725 -0.000104744
5.675 0.000183994
5.6775 -4.65242e-05
5.68 -0.000175966
5.6825 0.0002318
5.685 -3.71952e-05
5.6875 -0.000210251
5.69 0.000219004
5.6925 -2.60317e-05
5.695 -0.000159558
5.6975 0.000183097
5.7 -5.38388e-05
5.7025 -0.000103768
5.705 0.000152486
5.7075 -5.26032e-05
5.71 -4.97277e-05
5.7125 8.65467e-05
5.715 -8.03558e-05
5.7175 9.18622e-06
5.72 9.77892e-05
5.7225 -9.54803e-05
5.725 -2.99438e-05
5.7275 9.40732e-05
5.73 -3.42825e-05
5.7325 -5.71117e-05
5.735 1.71762e-05
5.7375 2.07056e-05
5.74 3.50262e-05
5.7425 -4.32629e-05
5.745 -6.02051e-05
5.7475 9.84485e-05
5.75 -1.18206e-06
5.7525 -0.000109401
5.755 7.6653e-05
5.7575 -5.54426e-06
5.76 -0.000104271
5.7625 7.19779e-05
5.765 -1.76503e-05
5.7675 -6.51466e-05
5.77 4.75912e-05
5.7725 -6.8569e-05
5.775 -2.14525e-05
5.7775 2.73826e-05
5.78 -0.000106779
5.7825 1.23695e-05
5.785 -3.54736e-06
5.7875 -0.000120932
5.79 2.07767e-05
5.7925 -5.59016e-05
5.795 -0.000123169
5.7975 1.41823e-05
5.8 -7.76334e-05
5.8025 -0.000113054
5.805 -2.71657e-05
5.8075 -6.37101e-05
5.81 -0.000120278
5.8125 -0.000125392
5.815 2.18989e-05
5.8175 -7.19511e-05
5.82 -0.00027488
5.8225 5.05487e-05
5.825 -3.84522e-06
5.8275 -0.000342583
5.83 5.92775e-05
5.8325 2.12271e-05
5.835 -0.000337268
5.8375 7.44479e-05
5.84 2.85462e-05
5.8425 -0.000263109
5.845 6.94315e-05
5.8475 -2.45684e-05
5.85 -0.000170908
5.8525 0.000100338
5.855 -3.79745e-05
5.8575 -8.82087e-05
5.86 9.18368e-05
5.8625 -4.34833e-05
5.865 2.15306e-06
5.8675 0.000104904
5.87 -4.6954e-05
5.8725 2.41594e-05
5.875 0.000119698
5.8775 5.11921e-06
5.88 1.43472e-05
5.8825 7.40979e-05
5.885 6.96723e-05
5.8875 6.43177e-05
5.89 -8.84632e-06
5.8925 1.7539e-05
5.895 0.000149751
5.8975 3.79659e-05
5.9 -5.46758e-05
5.9025 0.000122958
5.905 7.61536e-05
5.9075 -4.95021e-05
5.91 9.24389e-05
5.9125 5.95713e-05
5.915 -2.06313e-05
5.9175 7.72533e-05
5.92 1.33639e-05
5.9225 1.3588e-05
5.925 7.20054e-05
5.9275 -2.99247e-05
5.93 4.83759e-05
5.9325 6.62023e-05
5.935 -6.17863e-05
5.9375 4.77677e-05
5.94 3.24482e-05
5.9425 -6.13468e-05
5.945 5.4603e-05
5.9475 1.83307e-05
5.95 -4.43964e-05
5.9525 2.50024e-05
5.955 1.95433e-05
5.9575 -1.82033e-05
5.96 -2.73193e-05
5.9625 6.74526e-05
5.965 5.63199e-06
5.9675 -0.000133188
5.97 0.000141963
5.9725 7.205e-05
5.975 -0.000247129
5.9775 0.00014606
5.98 0.000120879
5.9825 -0.000259827
5.985 0.000145426
5.9875 0.000101209
5.99 -0.000233794
5.9925 0.000132659
5.995 5.46722e-05
5.9975 -0.000153108
6 0.000114765
6.0025 -2.69766e-05
6.005 -7.46118e-05
6.0075 0.000119618
6.01 -5.84876e-05
6.0125 -1.98413e-05
6.015 7.71667e-05
6.0175 -7.82905e-05
6.02 2.65794e-05
6.0225 4.81245e-05
6.025 -7.96318e-05
6.0275 3.13584e-05
6.03 3.11592e-05
6.0325 -4.46627e-05
6.035 5.73365e-06
6.0375 -5.36813e-06
6.04 2.77305e-05
6.0425 3.2568e-05
6.045 -8.46761e-05
6.0475 -2.68006e-06
6.05 0.000107277
6.0525 -4.90922e-05
6.055 -7.02108e-05
6.0575 9.13714e-05
6.06 1.03674e-05
6.0625 -7.0495e-05
6.065 3.92299e-05
6.0675 1.16145e-05
6.07 -2.14674e-05
6.0725 2.82656e-05
6.075 -1.70117e-05
6.0775 1.38308e-05
6.08 2.19174e-05
6.0825 -4.31303e-05
6.085 5.13358e-05
6.0875 3.29285e-05
6.09 -5.09604e-05
6.0925 5.74787e-05
6.095 3.05839e-05
6.0975 -3.75065e-05
6.1 5.05625e-05
6.1025 3.25433e-05
6.105 -2.04105e-05
6.1075 3.13355e-05
6.11 7.37615e-05
6.1125 2.58551e-06
6.115 -1.09773e-05
6.1175 0.000130741
6.12 9.6567e-07
6.1225 -6.40866e-05
6.125 0.000228945
6.1275 6.20964e-07
6.13 -0.000147356
6.1325 0.000294193
6.135 4.0711e-05
6.1375 -0.000167278
6.14 0.000274615
6.1425 3.21955e-05
6.145 -0.000111258
6.1475 0.00024439
6.15 4.70128e-06
6.1525 -3.62266e-05
6.155 0.000174033
6.1575 -3.23128e-05
6.16 5.69196e-05
6.1625 0.000111206
6.165 -7.49424e-05
6.1675 8.66191e-05
6.17 4.80398e-05
6.1725 -6.53191e-05
6.175 9.49184e-05
6.1775 -1.28029e-05
6.18 -4.83703e-05
6.1825 7.10202e-05
6.185 -5.35715e-05
6.1875 -2.8968e-05
6.19 3.30323e-05
6.1925 -5.39147e-05
6.195 -3.21616e-06
6.1975 -4.20196e-05
6.2 -8.39004e-05
6.2025 5.26071e-05
6.205 -2.60839e-05
6.2075 -0.000131552
6.21 2.38209e-05
6.2125 3.74646e-05
6.215 -0.00010842
6.2175 -5.5477e-05
6.22 3.65998e-05
6.2225 -3.60128e-05
6.225 -5.90553e-05
6.2275 -1.02631e-05
6.23 -2.06967e-05
6.2325 -1.85098e-05
6.235 -3.36584e-05
6.2375 -3.514e-05
6.24 1.62951e-05
6.2425 -3.97495e-05
6.245 -4.5403e-05
6.2475 4.40518e-05
6.25 -3.06625e-05
6.2525 -5.65218e-05
6.255 4.24444e-05
6.2575 -1.21784e-05
6.26 -5.50536e-05
6.2625 3.73783e-05
6.265 1.18726e-05
6.2675 -7.21265e-05
6.27 3.95025e-05
6.2725 6.20573e-05
6.275 -0.00011136
6.2775 3.27673e-05
6.28 0.000108159
6.2825 -0.000167073
6.285 4.57461e-05
6.2875 0.000161407
6.29 -0.000233914
6.2925 3.64755e-05
6.295 0.00020913
6.2975 -0.000224795
6.3 1.83826e-05
6.3025 0.000161086
6.305 -0.000170924
6.3075 5.39389e-05
6.31 7.78024e-05
6.3125 -0.000120527
6.315 7.47129e-05
6.3175 -1.1897e-05
6.32 -4.43032e-05
6.3225 0.000101391
6.325 -8.39339e-05
6.3275 -4.80142e-06
6.33 8.36209e-05
6.3325 -0.000101085
6.335 4.0613e-05
6.3375 4.41462e-05
6.34 -8.41525e-05
6.3425 6.4334e-05
6.345 -1.33404e-05
6.3475 -5.47364e-05
6.35 7.48363e-05
6.3525 -3.65874e-05
6.355 -7.83803e-06
6.3575 4.84281e-05
6.36 -6.74862e-05
6.3625 4.1307e-05
6.365 4.75111e-05
6.3675 -0.000101772
6.37 2.12367e-05
6.3725 7.85826e-05
6.375 -5.8036e-05
6.3775 -4.47727e-05
6.38 5.21459e-05
6.3825 2.65216e-05
6.385 -5.07651e-05
6.3875 -1.35262e-05
6.39 3.85021e-05
6.3925 -5.04192e-06
6.395 -2.33036e-05
6.3975 -6.56287e-06
6.4 1.58119e-05
6.4025 4.74186e-06
6.405 -4.42102e-05
6.4075 1.66068e-05
6.41 2.6446e-05
6.4125 -7.38969e-05
6.415 9.51518e-06
6.4175 4.76445e-05
6.42 -8.69365e-05
6.4225 -6.7897e-06
6.425 5.94132e-05
6.4275 -9.37685e-05
6.43 -1.63586e-05
6.4325 7.92091e-05
6.435 -0.000121248
6.4375 -4.09882e-05
6.44 0.000117405
6.4425 -0.000145657
6.445 -6.86114e-05
6.4475 0.000148444
6.45 -0.000176484
6.4525 -8.01396e-05
6.455 0.000182845
6.4575 -0.000197482
6.46 -0.000102239
6.4625 0.000179186
6.465 -0.000154944
6.4675 -8.06409e-05
6.47 8.56654e-05
6.4725 -0.000131923
6.475 -6.4639e-06
6.4775 1.13567e-05
6.48 -9.57e-05
6.4825 5.02845e-05
6.485 -6.82256e-05
6.4875 -5.54358e-05
6.49 8.93792e-05
6.4925 -0.000103573
6.495 -7.51771e-06
6.4975 8.19976e-05
6.5 -0.00010149
6.5025 4.3948e-05
6.505 4.1079e-05
6.5075 -7.12204e-05
6.51 8.58295e-05
6.5125 -1.21996e-05
6.515 -3.47988e-05
6.5175 0.000103966
6.52 -3.93566e-05
6.5225 1.14903e-05
6.525 8.58363e-05
6.5275 -5.99491e-05
6.53 5.42982e-05
6.5325 7.72829e-05
6.535 -7.15406e-05
6.5375 3.55725e-05
6.54 8.1785e-05
6.5425 -1.94607e-05
6.545 -2.18663e-05
6.5475 4.03867e-05
6.55 6.19849e-05
6.5525 -2.56735e-05
6.555 -2.22052e-05
6.5575 6.8882e-05
6.56 1.55349e-05
6.5625 -1.95378e-05
6.565 8.81365e-06
6.5675 2.43489e-05
6.57 3.23931e-05
6.5725 -4.07786e-05
6.575 9.19377e-06
6.5775 7.24621e-05
6.58 -7.16187e-05
6.5825 3.70351e-06
6.585 9.72653e-05
6.5875 -9.70473e-05
6.59 -4.01667e-06
6.5925 0.000108769
6.595 -0.000107497
6.5975 1.35277e-06
6.6 0.000118171
6.6025 -0.000127174
6.605 1.31961e-06
6.6075 0.000139554
6.61 -0.000146885
6.6125 -1.0224e-05
6.615 0.000166354
6.6175 -0.000144466
6.62 -1.26491e-05
6.6225 0.000165717
6.625 -0.000158595
6.6275 -1.73878e-05
6.63 0.000165708
6.6325 -0.000122275
6.635 -2.44353e-05
6.6375 8.84754e-05
6.64 -6.47399e-05
6.6425 2.83562e-05
6.645 -1.26739e-06
6.6475 -3.32819e-05
6.65 6.81314e-05
6.6525 -6.87152e-05
6.655 5.84261e-06
6.6575 8.233e-05
6.66 -0.000107203
6.6625 3.9496e-05
6.665 6.068e-05
6.6675 -0.000103181
6.67 6.82917e-05
6.6725 9.25053e-06
6.675 -6.91709e-05
6.6775 8.26592e-05
6.68 -5.06101e-05
6.6825 -1.9594e-05
6.685 8.40998e-05
6.6875 -8.98375e-05
6.69 2.0846e-05
6.6925 6.30565e-05
6.695 -9.02915e-05
6.6975 5.31586e-05
6.7 2.50657e-05
6.7025 -7.9441e-05
6.705 6.59226e-05
6.7075 1.61021e-05
6.71 -5.92284e-05
6.7125 2.22184e-05
6.715 2.93415e-05
6.7175 3.50501e-07
6.72 -4.48909e-05
6.7225 1.13828e-05
6.725 6.6867e-05
6.7275 -4.56691e-05
6.73 -2.04974e-05
6.7325 5.23117e-05
6.735 4.94122e-06
6.7375 -5.23577e-06
6.74 -2.84305e-05
6.7425 4.21036e-05
6.745 5.43283e-05
6.7475 -8.73577e-05
6.75 5.70613e-05
6.7525 8.22424e-05
6.755 -0.000122775
6.7575 7.93497e-05
6.76 8.86991e-05
6.7625 -0.000136513
6.765 0.00010509
6.7675 8.10027e-05
6.77 -0.000139743
6.7725 0.000124076
6.775 6.88343e-05
6.7775 -0.000136556
6.78 0.000142162
6.7825 6.5038e-05
6.785 -0.000147379
6.7875 0.000131552
6.79 7.59265e-05
6.7925 -0.000127631
6.795 0.00011249
6.7975 6.04236e-05
6.8 -0.000112247
6.8025 9.54016e-05
6.805 5.95176e-05
6.8075 -7.44485e-05
6.81 3.95648e-05
6.8125 2.06246e-05
6.815 5.35647e-06
6.8175 1.03e-05
6.82 -4.78625e-05
6.8225 5.73589e-05
6.825 -2.63227e-06
6.8275 -8.20605e-05
6.83 8.43347e-05
6.8325 -2.66959e-05
6.835 -8.05164e-05
6.8375 8.66701e-05
6.84 -5.65254e-05
6.8425 -4.52908e-05
6.845 6.47233e-05
6.8475 -8.30068e-05
6.85 1.01719e-05
6.8525 2.75528e-05
6.855 -9.5445e-05
6.8575 6.12611e-05
6.86 -1.67553e-05
6.8625 -9.23977e-05
6.865 8.81256e-05
6.8675 -4.32467e-05
6.87 -6.12159e-05
6.8725 8.09764e-05
6.875 -6.10794e-05
6.8775 -2.50194e-05
6.88 5.55938e-05
6.8825 -5.92881e-05
6.885 -1.11251e-05
6.8875 2.78906e-05
6.89 -1.10685e-05
6.8925 -1.84547e-05
6.895 -2.70686e-05
6.8975 4.42156e-05
6.9 -1.99096e-06
6.9025 -6.42272e-05
6.905 4.29693e-05
6.9075 2.04744e-05
6.91 -2.90209e-05
6.9125 -1.61609e-05
6.915 -2.99994e-06
6.9175 7.00901e-05
6.92 -5.62804e-05
6.9225 -5.78831e-05
6.925 0.000139426
6.9275 -7.66201e-05
6.93 -7.69434e-05
6.9325 0.000167693
6.935 -0.000102845
6.9375 -5.74501e-05
6.94 0.00016883
6.9425 -0.000135612
6.945 -2.39976e-05
6.9475 0.000160991
6.95 -0.000148498
6.9525 4.94251e-06
6.955 0.000134804
6.9575 -0.000150782
6.96 2.54148e-05
6.9625 0.000122735
6.965 -0.000131604
6.9675 9.7597e-06
6.97 9.53764e-05
6.9725 -8.4077e-05
6.975 4.41135e-06
6.9775 5.61608e-05
6.98 -5.35704e-05
6.9825 -4.57392e-06
6.985 3.31236e-05
6.9875 -6.4849e-07
6.99 -1.59962e-05
6.9925 -2.44702e-05
6.995 4.7162e-05
6.9975 8.33523e-06
7 -7.73657e-05
7.0025 5.72144e-05
7.005 3.0644e-05
7.0075 -8.53175e-05
7.01 5.92401e-05
7.0125 1.77439e-05
7.015 -7.15355e-05
7.0175 6.15778e-05
7.02 -1.42255e-05
7.0225 -3.60533e-05
7.025 6.15127e-05
7.0275 -5.44249e-05
7.03 6.14019e-06
7.0325 4.95305e-05
7.035 -8.45078e-05
7.0375 5.04732e-05
7.04 3.10691e-05
7.0425 -9.54386e-05
7.045 7.34274e-05
7.0475 5.64296e-06
7.05 -8.04793e-05
7.0525 7.1233e-05
7.055 -1.73381e-05
7.0575 -4.53504e-05
7.06 5.04579e-05
7.0625 -3.28223e-05
7.065 -2.08207e-05
7.0675 2.06283e-05
7.07 -1.15303e-05
7.0725 -7.62456e-06
7.075 -2.95267e-05
7.0775 1.54983e-05
7.08 9.82186e-06
7.0825 -5.93792e-05
7.085 8.77675e-06
7.0875 1.55282e-05
7.09 -2.33892e-05
7.0925 -3.5054e-05
7.095 -2.94778e-05
7.0975 7.32417e-05
7.1 -5.69349e-05
7.1025 -0.000107664
7.105 0.00014259
7.1075 -6.06927e-05
7.11 -0.000140929
7.1125 0.000170792
7.115 -7.92789e-05
7.1175 -0.000114987
7.12 0.000173454
7.1225 -0.000120437
7.125 -6.40204e-05
7.1275 0.00016738
7.13 -0.000148806
7.1325 -2.12199e-05
7.135 0.000140714
7.1375 -0.000141406
7.14 1.88992e-05
7.1425 0.000104394
7.145 -0.000119813
7.1475 2.4633e-05
7.15 7.50614e-05
7.1525 -5.76396e-05
7.155 1.13781e-05
7.1575 2.56129e-05
7.16 -4.43638e-07
7.1625 6.41563e-06
7.165 -4.0757e-06
7.1675 3.86495e-05
7.17 -1.21454e-05
7.1725 -2.43281e-05
7.175 8.06843e-05
7.1775 -1.78472e-05
7.18 -6.04636e-05
7.1825 9.11824e-05
7.185 6.49732e-06
7.1875 -6.65754e-05
7.19 6.65709e-05
7.1925 8.93115e-06
7.195 -4.28108e-05
7.1975 4.89534e-05
7.2 -9.60676e-06
7.2025 -1.02036e-05
7.205 4.03664e-05
7.2075 -3.9098e-05
7.21 2.00266e-05
7.2125 3.36283e-05
7.215 -6.12684e-05
7.2175 5.03133e-05
7.22 2.1309e-05
7.2225 -7.54107e-05
7.225 6.88869e-05
7.2275 4.65281e-06
7.23 -7.169e-05
7.2325 7.27739e-05
7.235 -1.03646e-05
7.2375 -5.154e-05
7.24 5.75825e-05
7.2425 -1.92627e-05
7.245 -1.87491e-05
7.2475 3.53612e-05
7.25 -2.37954e-05
7.2525 -3.89921e-06
7.255 1.23031e-05
7.2575 -3.11814e-06
7.26 3.16495e-06
7.2625 -1.32125e-05
7.265 1.18383e-05
7.2675 9.85073e-06
7.27 -1.75445e-05
7.2725 -7.21062e-06
7.275 1.71956e-05
7.2775 3.21805e-05
7.28 -6.63256e-05
7.2825 -8.94955e-06
7.285 0.000124153
7.2875 -0.000110421
7.29 -5.6016e-05
7.2925 0.000184231
7.295 -0.000123822
7.2975 -6.1659e-05
7.3 0.000184869
7.3025 -0.000139057
7.305 -1.69932e-05
7.3075 0.000148401
7.31 -0.000160192
7.3125 4.87736e-05
7.315 0.000107262
7.3175 -0.000169325
7.32 8.10309e-05
7.3225 6.23254e-05
7.325 -0.000132279
7.3275 8.83915e-05
7.33 1.39846e-05
7.3325 -8.2593e-05
7.335 6.51834e-05
7.3375 -4.67284e-06
7.34 -1.83015e-05
7.3425 7.16917e-06
7.345 -1.63597e-05
7.3475 4.82873e-05
7.35 -3.97422e-05
7.3525 -2.12357e-05
7.355 7.86464e-05
7.3575 -6.80163e-05
7.36 -1.19371e-06
7.3625 8.71874e-05
7.365 -9.28617e-05
7.3675 2.86679e-06
7.37 8.87381e-05
7.3725 -7.31627e-05
7.375 -3.50573e-06
7.3775 5.53292e-05
7.38 -3.48521e-05
7.3825 1.01923e-05
7.385 1.13172e-05
7.3875 -1.45573e-05
7.39 3.46993e-05
7.3925 -1.66387e-05
7.395 -1.29818e-05
7.3975 5.44199e-05
7.4 -2.68639e-05
7.4025 -1.49786e-05
7.405 6.48279e-05
7.4075 -3.4543e-05
7.41 -1.50801e-05
7.4125 7.29953e-05
7.415 -3.58072e-05
7.4175 -1.05522e-05
7.42 6.90738e-05
7.4225 -3.77532e-05
7.425 -2.66272e-06
7.4275 5.81906e-05
7.43 -2.93322e-05
7.4325 8.53845e-06
7.435 3.32286e-05
7.4375 -2.37102e-05
7.44 2.1421e-05
7.4425 1.68383e-05
7.445 -1.80474e-05
7.4475 2.17222e-05
7.45 4.50855e-06
7.4525 -1.15524e-05
7.455 2.28171e-05
7.4575 -8.23036e-06
7.46 -1.90025e-05
7.4625 4.4542e-05
7.465 -1.64094e-05
7.4675 -6.08258e-05
7.47 8.93271e-05
7.4725 -3.64529e-06
7.475 -0.000136785
7.4775 0.000123504
7.48 3.56707e-05
7.4825 -0.000185314
7.485 0.000124828
7.4875 4.41768e-05
7.49 -0.000174478
7.4925 0.000126132
7.495 3.64388e-06
7.4975 -0.000128923
7.5 0.000134274
7.5025 -6.08901e-05
7.505 -7.65967e-05
7.5075 0.00014266
7.51 -9.73627e-05
7.5125 -3.79101e-05
7.515 0.000108782
7.5175 -9.01448e-05
7.52 5.50923e-06
7.5225 4.71504e-05
7.525 -5.87231e-05
7.5275 2.99384e-05
7.53 -1.26173e-05
7.5325 -7.41166e-07
7.535 2.15331e-05
7.5375 -6.91401e-05
7.54 6.82549e-05
7.5425 9.48842e-06
7.545 -0.000101888
7.5475 0.000101623
7.55 -1.29161e-05
7.5525 -8.63967e-05
7.555 0.000112552
7.5575 -4.46711e-05
7.56 -6.002e-05
7.5625 0.000101912
7.565 -4.60158e-05
7.5675 -2.78779e-05
7.57 5.01371e-05
7.5725 -3.47985e-05
7.575 2.06143e-05
7.5775 -2.94808e-06
7.58 -3.34339e-05
7.5825 5.80272e-05
7.585 -2.81625e-05
7.5875 -3.82437e-05
7.59 6.64105e-05
7.5925 -2.53121e-05
7.595 -3.52854e-05
7.5975 5.46768e-05
7.6 -1.93391e-05
7.6025 -3.40108e-05
7.605 4.56501e-05
7.6075 -7.32891e-06
7.61 -3.36831e-05
7.6125 3.85805e-05
7.615 -3.75326e-06
7.6175 -3.3612e-05
7.62 3.72139e-05
7.6225 -5.2505e-06
7.625 -2.77432e-05
7.6275 3.28941e-05
7.63 -1.55722e-05
7.6325 -9.44047e-06
7.635 3.05621e-05
7.6375 -3.49907e-05
7.64 9.18131e-06
7.6425 2.99953e-05
7.645 -4.98321e-05
7.6475 2.88774e-05
7.65 2.34635e-05
7.6525 -6.69733e-05
7.655 5.54544e-05
7.6575 2.02573e-05
7.66 -9.69769e-05
7.6625 8.38487e-05
7.665 3.10754e-05
7.6675 -0.000140647
7.67 0.000103258
7.6725 6.49361e-05
7.675 -0.000175343
7.6775 8.88602e-05
7.68 8.63463e-05
7.6825 -0.000160667
7.685 7.50537e-05
7.6875 5.81651e-05
7.69 -0.000122616
7.6925 8.2777e-05
7.695 7.07762e-07
7.6975 -8.1648e-05
7.7 0.000103688
7.7025 -5.03216e-05
7.705 -5.42549e-05
7.7075 0.000102388
7.71 -6.2558e-05
7.7125 -2.58998e-05
7.715 5.56618e-05
7.7175 -4.47198e-05
7.72 1.37683e-05
7.7225 -9.58465e-06
7.725 -1.41004e-05
7.7275 3.52042e-05
7.73 -6.44718e-05
7.7325 3.71818e-05
7.735 2.62807e-05
7.7375 -0.000110621
7.74 8.89669e-05
7.7425 1.07679e-05
7.745 -0.000123015
7.7475 0.000105825
7.75 -1.87498e-05
7.7525 -8.58266e-05
7.755 0.000101779
7.7575 -5.68199e-05
7.76 -3.98489e-05
7.7625 7.62879e-05
7.765 -6.18875e-05
7.7675 1.10423e-05
7.77 1.83236e-05
7.7725 -5.20002e-05
7.775 6.27788e-05
7.7775 -3.54703e-05
7.78 -4.24923e-05
7.7825 9.33464e-05
7.785 -5.49959e-05
7.7875 -3.48067e-05
7.79 8.29884e-05
7.7925 -4.46229e-05
7.795 -1.7496e-05
7.7975 5.34128e-05
7.8 -2.7919e-05
7.8025 -6.85545e-06
7.805 3.13048e-05
7.8075 -8.41805e-06
7.81 -8.75881e-06
7.8125 2.02506e-05
7.815 2.19833e-06
7.8175 -1.46078e-05
7.82 2.35416e-05
7.8225 -5.38345e-07
7.825 -1.60807e-05
7.8275 3.00576e-05
7.83 -1.71878e-05
7.8325 1.35549e-07
7.835 3.43331e-05
7.8375 -4.77383e-05
7.84 2.94567e-05
7.8425 3.45418e-05
7.845 -7.81823e-05
7.8475 6.12886e-05
7.85 2.07273e-05
7.8525 -9.7949e-05
7.855 0.000101262
7.8575 6.37614e-07
7.86 -0.000116303
7.8625 0.000133164
7.865 -1.47306e-05
7.8675 -0.000130105
7.87 0.000152508
7.8725 -1.226e-05
7.875 -0.00014019
7.8775 0.000136745
7.88 4.78038e-06
7.8825 -0.000115401
7.885 9.47857e-05
7.8875 -2.0885e-06
7.89 -6.28302e-05
7.8925 6.50957e-05
7.895 -3.15905e-05
7.8975 -1.46556e-05
7.9 5.54033e-05
7.9025 -5.81773e-05
7.905 8.72874e-06
7.9075 5.00003e-05
7.91 -5.47221e-05
7.9125 8.01019e-06
7.915 2.57875e-05
7.9175 -1.47621e-05
7.92 2.68099e-06
7.9225 -2.11136e-05
7.925 3.36311e-05
7.9275 -3.46942e-07
7.93 -5.64249e-05
7.9325 7.33351e-05
7.935 -2.05469e-05
7.9375 -6.45868e-05
7.94 0.00010745
7.9425 -5.50506e-05
7.945 -5.92431e-05
7.9475 0.000121037
7.95 -7.01073e-05
7.9525 -3.02832e-05
7.955 8.83337e-05
7.9575 -7.71235e-05
7.96 2.22139e-05
7.9625 4.0884e-05
7.965 -7.1539e-05
7.9675 5.66274e-05
7.97 -1.38067e-05
7.9725 -3.47163e-05
7.975 7.17457e-05
7.9775 -7.16818e-05
7.98 1.18775e-05
7.9825 7.64857e-05
7.985 -0.000107786
7.9875 3.84311e-05
7.99 6.71704e-05
7.9925 -9.97529e-05
7.995 4.02949e-05
7.9975 3.65191e-05
8 -5.98786e-05
8.0025 3.58872e-05
8.005 3.66834e-06
8.0075 -2.46179e-05
8.01 2.36009e-05
8.0125 -8.28025e-06
8.015 -2.59872e-06
8.0175 8.58459e-06
8.02 -3.53794e-06
8.0225 9.70563e-07
8.025 2.91526e-06
8.0275 4.87711e-06
8.03 -1.14275e-05
8.0325 1.54785e-05
8.035 4.41492e-06
8.0375 -2.71442e-05
8.04 4.66447e-05
8.0425 -1.83949e-05
8.045 -3.96538e-05
8.0475 9.06805e-05
8.05 -5.26651e-05
8.0525 -3.96623e-05
8.055 0.000122519
8.0575 -9.53529e-05
8.06 -1.75102e-05
8.0625 0.000141884
8.065 -0.000135828
8.0675 8.44768e-06
8.07 0.000143166
8.0725 -0.000153963
8.075 2.98252e-05
8.0775 0.000128238
8.08 -0.000144142
8.0825 2.93609e-05
8.085 9.60595e-05
8.0875 -9.65499e-05
8.09 2.04417e-05
8.0925 4.1059e-05
8.095 -3.9487e-05
8.0975 2.49868e-05
8.1 -1.15056e-05
8.1025 -9.11548e-06
8.105 3.30258e-05
8.1075 -3.04637e-05
8.11 -3.29066e-06
8.1125 2.51495e-05
8.115 -1.60119e-05
8.1175 -5.59448e-06
8.12 -5.96566e-06
8.1225 1.6166e-05
8.125 3.87364e-06
8.1275 -5.00889e-05
8.13 3.9703e-05
8.1325 2.30104e-05
8.135 -8.1748e-05
8.1375 4.94725e-05
8.14 3.16121e-05
8.1425 -8.90722e-05
8.145 5.95892e-05
8.1475 1.66591e-05
8.15 -8.64871e-05
8.1525 7.51156e-05
8.155 1.22283e-06
8.1575 -7.23036e-05
8.16 6.69751e-05
8.1625 -1.8507e-05
8.165 -2.71489e-05
8.1675 4.57525e-05
8.17 -4.98461e-05
8.1725 2.40618e-05
8.175 2.25006e-05
8.1775 -6.35556e-05
8.18 6.3757e-05
8.1825 -1.7567e-05
8.185 -5.49349e-05
8.1875 9.59661e-05
8.19 -6.00214e-05
8.1925 -3.83241e-05
8.195 0.000109733
8.1975 -8.03395e-05
8.2 -2.18537e-05
8.2025 8.97974e-05
8.205 -6.81522e-05
8.2075 3.02513e-06
8.21 4.17457e-05
8.2125 -4.69077e-05
8.215 2.8846e-05
8.2175 -2.35924e-07
8.22 -2.7841e-05
8.2225 3.76282e-05
8.225 -1.93369e-05
8.2275 -1.18136e-05
8.23 2.98503e-05
8.2325 -2.12633e-05
8.235 -5.97345e-06
8.2375 2.43877e-05
8.24 -1.3257e-05
8.2425 -1.81164e-05
8.245 3.21784e-05
8.2475 -6.212e-06
8.25 -4.01773e-05
8.2525 6.01166e-05
8.255 -1.5697e-05
8.2575 -6.77419e-05
8.26 0.000102932
8.2625 -3.55896e-05
8.265 -8.1416e-05
8.2675 0.000138196
8.27 -7.17529e-05
8.2725 -7.09718e-05
8.275 0.000161776
8.2775 -0.000108058
8.28 -4.70416e-05
8.2825 0.00015846
8.285 -0.000124071
8.2875 -1.6655e-05
8.29 0.000125714
8.2925 -0.000110025
8.295 6.51349e-06
8.2975 7.00804e-05
8.3 -6.35914e-05
8.3025 2.03042e-05
8.305 1.4116e-06
8.3075 -9.61437e-06
8.31 3.22423e-05
8.3125 -4.693e-05
8.315 1.91884e-05
8.3175 2.70404e-05
8.32 -4.63954e-05
8.3225 2.72378e-05
8.325 -3.96836e-06
8.3275 -8.45884e-06
8.33 2.53231e-05
8.3325 -5.10497e-05
8.335 3.95494e-05
8.3375 2.54163e-05
8.34 -9.00352e-05
8.3425 7.0288e-05
8.345 2.45702e-05
8.3475 -0.00010212
8.35 7.54575e-05
8.3525 1.60329e-05
8.355 -8.21358e-05
8.3575 6.57657e-05
8.36 -6.95668e-06
8.3625 -4.98004e-05
8.365 5.76338e-05
8.3675 -2.56857e-05
8.37 -2.41099e-05
8.3725 3.78657e-05
8.375 -2.87895e-05
8.3775 1.00902e-05
8.38 3.88867e-06
8.3825 -3.82397e-05
8.385 4.92354e-05
8.3875 -1.89392e-05
8.39 -4.56378e-05
8.3925 7.11244e-05
8.395 -3.96221e-05
8.3975 -3.71478e-05
8.4 8.21961e-05
8.4025 -6.33224e-05
8.405 -2.0735e-05
8.4075 8.68711e-05
8.41 -7.75774e-05
8.4125 -7.38498e-06
8.415 7.52627e-05
8.4175 -6.84777e-05
8.42 7.49762e-06
8.4225 3.83211e-05
8.425 -4.58424e-05
8.4275 3.20674e-05
8.43 -5.81099e-06
8.4325 -2.84504e-05
8.435 5.28895e-05
8.4375 -3.36339e-05
8.44 -1.66727e-05
8.4425 5.75112e-05
8.445 -4.22089e-05
8.4475 -5.82877e-06
8.45 5.13436e-05
8.4525 -4.54538e-05
8.455 -1.81284e-06
8.4575 5.3559e-05
8.46 -4.6006e-05
8.4625 -9.34817e-06
8.465 6.47616e-05
8.4675 -5.3028e-05
8.47 -1.80886e-05
8.4725 8.92251e-05
8.475 -7.23231e-05
8.4775 -2.63764e-05
8.48 0.000114936
8.4825 -9.4241e-05
8.485 -1.92359e-05
8.4875 0.000125341
8.49 -0.00011895
8.4925 3.55147e-06
8.495 0.000118792
8.4975 -0.000131367
8.5 2.76975e-05
8.5025 9.12262e-05
8.505 -0.000115601
8.5075 4.25777e-05
8.51 4.53014e-05
8.5125 -7.2561e-05
8.515 4.0596e-05
8.5175 -2.28815e-06
8.52 -1.09384e-05
8.5225 2.05363e-05
8.525 -4.20492e-05
8.5275 4.34915e-05
8.53 -4.25913e-08
8.5325 -5.12885e-05
8.535 5.79645e-05
8.5375 -2.26349e-05
8.54 -1.51545e-05
8.5425 3.49698e-05
8.545 -4.85567e-05
8.5475 4.89345e-05
8.55 -5.42146e-06
8.5525 -7.04691e-05
8.555 0.000104878
8.5575 -4.14446e-05
8.56 -7.26845e-05
8.5625 0.00012508
8.565 -6.23819e-05
8.5675 -4.90804e-05
8.57 0.000103119
8.5725 -6.62538e-05
8.575 -6.96001e-06
8.5775 5.26768e-05
8.58 -5.78835e-05
8.5825 3.66304e-05
8.585 1.83441e-06
8.5875 -4.08372e-05
8.59 5.4019e-05
8.5925 -3.54606e-05
8.595 -3.28974e-06
8.5975 4.87503e-05
8.6 -7.05513e-05
8.6025 3.42882e-05
8.605 4.37832e-05
8.6075 -8.85971e-05
8.61 5.02524e-05
8.6125 3.35018e-05
8.615 -8.17941e-05
8.6175 5.58492e-05
8.62 1.58058e-05
8.6225 -6.82208e-05
8.625 5.79962e-05
8.6275 2.54505e-06
8.63 -5.58771e-05
8.6325 5.2661e-05
8.635 -2.60277e-06
8.6375 -3.74608e-05
8.64 3.66262e-05
8.6425 -1.34311e-05
8.645 -6.15083e-06
8.6475 2.46839e-05
8.65 -3.75684e-05
8.6525 2.42226e-05
8.655 2.41397e-05
8.6575 -6.21773e-05
8.66 4.26829e-05
8.6625 2.63644e-05
8.665 -7.33914e-05
8.6675 5.22619e-05
8.67 1.90805e-05
8.6725 -7.30823e-05
8.675 6.55814e-05
8.6775 6.82919e-06
8.68 -7.63667e-05
8.6825 7.76338e-05
8.685 6.91128e-07
8.6875 -7.93673e-05
8.69 8.66989e-05
8.6925 -4.41101e-06
8.695 -8.50227e-05
8.6975 9.65852e-05
8.7 -5.71714e-06
8.7025 -9.05696e-05
8.705 0.000101037
8.7075 -9.22477e-06
8.71 -8.62058e-05
8.7125 0.000101471
8.715 -1.94967e-05
8.7175 -7.24111e-05
8.72 9.59882e-05
8.7225 -2.82192e-05
8.725 -5.1905e-05
8.7275 7.33281e-05
8.73 -2.71709e-05
8.7325 -2.09923e-05
8.735 3.45572e-05
8.7375 -1.8548e-05
8.74 7.86212e-06
8.7425 -8.9299e-06
8.745 1.4836e-06
8.7475 2.58548e-05
8.75 -4.42877e-05
8.7525 2.04855e-05
8.755 2.42276e-05
8.7575 -4.71104e-05
8.76 3.16451e-05
8.7625 -8.52651e-06
8.765 -1.3044e-05
8.7675 3.88e-05
8.77 -6.32607e-05
8.7725 3.67119e-05
8.775 4.13688e-05
8.7775 -0.000108465
8.78 7.75522e-05
8.7825 3.11524e-05
8.785 -0.000116979
8.7875 9.31006e-05
8.79 3.12589e-06
8.7925 -8.15662e-05
8.795 8.23966e-05
8.7975 -3.2767e-05
8.8 -1.90749e-05
8.8025 4.76129e-05
8.805 -6.03742e-05
8.8075 4.65586e-05
8.81 2.71672e-06
8.8125 -6.48196e-05
8.815 8.53011e-05
8.8175 -4.31766e-05
8.82 -3.39917e-05
8.8225 9.28981e-05
8.825 -8.93904e-05
8.8275 1.07397e-05
8.83 8.58463e-05
8.8325 -0.000111623
8.835 3.963e-05
8.8375 5.96373e-05
8.84 -9.74548e-05
8.8425 5.408e-05
8.845 2.03992e-05
8.8475 -6.58588e-05
8.85 5.71422e-05
8.8525 -1.04517e-05
8.855 -3.45231e-05
8.8575 4.59848e-05
8.86 -2.32628e-05
8.8625 -6.97827e-06
8.865 2.48569e-05
8.8675 -2.94537e-05
8.87 1.85353e-05
8.8725 1.31859e-05
8.875 -4.33744e-05
8.8775 3.21397e-05
8.88 2.12633e-05
8.8825 -6.05815e-05
8.885 3.30406e-05
8.8875 3.81801e-05
8.89 -7.43555e-05
8.8925 3.1883e-05
8.895 4.63004e-05
8.8975 -8.25566e-05
8.9 4.41664e-05
8.9025 3.78917e-05
8.905 -9.43641e-05
8.9075 6.8647e-05
8.91 2.58522e-05
8.9125 -0.000103629
8.915 8.76889e-05
8.9175 1.07814e-05
8.92 -0.000100918
8.9225 9.78238e-05
8.925 -4.35904e-06
8.9275 -8.97509e-05
8.93 9.51828e-05
8.9325 -1.2889e-05
8.935 -7.17752e-05
8.9375 7.91726e-05
8.94 -1.49603e-05
8.9425 -4.94354e-05
8.945 5.7149e-05
8.9475 -1.33465e-05
8.95 -3.21052e-05
8.9525 3.46278e-05
8.955 -2.126e-06
8.9575 -1.95052e-05
8.96 7.58109e-06
8.9625 1.09918e-05
8.965 -6.70368e-06
8.9675 -1.42318e-05
8.97 2.0151e-05
8.9725 -2.45359e-08
8.975 -2.54413e-05
8.9775 2.53996e-05
8.98 -1.5166e-06
8.9825 -2.17735e-05
8.985 2.32024e-05
8.9875 -1.3959e-05
8.99 3.30148e-06
8.9925 1.52747e-05
8.995 -4.3195e-05
8.9975 4.12451e-05
9 1.13674e-05
9.0025 -7.57066e-05
9.005 7.17038e-05
9.0075 8.80076e-06
9.01 -8.92546e-05
9.0125 8.05224e-05
9.015 -4.75811e-07
9.0175 -6.88212e-05
9.02 6.56282e-05
9.0225 -2.04825e-05
9.025 -1.97791e-05
9.0275 3.38115e-05
9.03 -4.09965e-05
9.0325 3.67623e-05
9.035 -9.69418e-06
9.0375 -4.59168e-05
9.04 8.19053e-05
9.0425 -5.50116e-05
9.045 -2.90402e-05
9.0475 9.57153e-05
9.05 -9.04462e-05
9.0525 1.37755e-05
9.055 7.5997e-05
9.0575 -0.000115255
9.06 6.37824e-05
9.0625 4.35462e-05
9.065 -0.000115304
9.0675 8.87035e-05
9.07 4.15681e-06
9.0725 -7.82766e-05
9.075 8.61445e-05
9.0775 -3.82014e-05
9.08 -2.33686e-05
9.0825 6.62567e-05
9.085 -6.55049e-05
9.0875 2.42467e-05
9.09 3.43976e-05
9.0925 -6.66147e-05
9.095 5.43818e-05
9.0975 -3.30852e-06
9.1 -5.10684e-05
9.1025 7.20609e-05
9.105 -3.04962e-05
9.1075 -4.17335e-05
9.11 7.69261e-05
9.1125 -3.18816e-05
9.115 -4.40899e-05
9.1175 6.96948e-05
9.12 -1.61674e-05
9.1225 -5.29937e-05
9.125 6.17309e-05
9.1275 -1.86794e-06
9.13 -6.01583e-05
9.1325 6.51298e-05
9.135 -7.50663e-06
9.1375 -6.4369e-05
9.14 8.6803e-05
9.1425 -2.77888e-05
9.145 -6.71424e-05
9.1475 0.000108087
9.15 -4.91851e-05
9.1525 -5.74791e-05
9.155 0.000112524
9.1575 -6.5933e-05
9.16 -3.50756e-05
9.1625 9.74673e-05
9.165 -7.07507e-05
9.1675 -1.11719e-05
9.17 6.80631e-05
9.1725 -5.60457e-05
9.175 4.36797e-06
9.1775 3.08083e-05
9.18 -2.85715e-05
9.1825 7.92092e-06
9.185 3.40299e-06
9.1875 1.89847e-06
9.19 -6.00399e-06
9.1925 -8.35368e-06
9.195 2.91786e-05
9.1975 -2.62727e-05
9.2 -7.63765e-06
9.2025 4.03819e-05
9.205 -3.80907e-05
9.2075 5.22545e-06
9.21 2.79981e-05
9.2125 -3.86295e-05
9.215 2.55891e-05
9.2175 -1.35614e-07
9.22 -2.67983e-05
9.2225 4.46195e-05
9.225 -3.64386e-05
9.2275 -7.70013e-06
9.23 6.09263e-05
9.2325 -6.7471e-05
9.235 5.39969e-06
9.2375 6.87334e-05
9.24 -7.56195e-05
9.2425 8.87723e-06
9.245 5.71123e-05
9.2475 -5.73929e-05
9.25 9.38819e-06
9.2525 2.46479e-05
9.255 -2.193e-05
9.2575 1.31922e-05
9.26 -1.91125e-05
9.2625 1.60946e-05
9.265 1.85174e-05
9.2675 -5.65733e-05
9.27 4.7969e-05
9.2725 1.44524e-05
9.275 -7.62543e-05
9.2775 7.41537e-05
9.28 -2.49453e-06
9.2825 -7.5236e-05
9.285 8.96885e-05
9.2875 -3.05298e-05
9.29 -5.07787e-05
9.2925 9.37377e-05
9.295 -6.57766e-05
9.2975 -1.53177e-05
9.3 8.73072e-05
9.3025 -8.65049e-05
9.305 1.70926e-05
9.3075 5.71223e-05
9.31 -7.89394e-05
9.3125 4.92706e-05
9.315 4.54408e-06
9.3175 -5.35968e-05
9.32 7.55208e-05
9.3225 -4.77318e-05
9.325 -1.97556e-05
9.3275 8.17265e-05
9.33 -8.24375e-05
9.3325 1.84315e-05
9.335 6.41621e-05
9.3375 -9.75824e-05
9.34 5.49694e-05
9.3425 3.79894e-05
9.345 -0.000100419
9.3475 7.36475e-05
9.35 2.24885e-05
9.3525 -8.98586e-05
9.355 6.65873e-05
9.3575 1.79846e-05
9.36 -7.12365e-05
9.3625 4.73853e-05
9.365 2.05955e-05
9.3675 -5.69273e-05
9.37 3.32415e-05
9.3725 2.29061e-05
9.375 -5.73868e-05
9.3775 3.84422e-05
9.38 2.47742e-05
9.3825 -7.42172e-05
9.385 5.4677e-05
9.3875 2.50331e-05
9.39 -8.86361e-05
9.3925 6.8895e-05
9.395 1.62425e-05
9.3975 -8.44343e-05
9.4 7.3748e-05
9.4025 -3.07245e-06
9.405 -6.21943e-05
9.4075 6.66274e-05
9.41 -1.87383e-05
9.4125 -3.20188e-05
9.415 4.21234e-05
9.4175 -2.03416e-05
9.42 -2.91983e-06
9.4225 8.32047e-06
9.425 -7.91638e-06
9.4275 1.14237e-05
9.43 -1.90081e-05
9.4325 1.5834e-05
9.435 4.27046e-06
9.4375 -3.19685e-05
9.44 3.90189e-05
9.4425 -1.40758e-05
9.445 -2.42599e-05
9.4475 4.28297e-05
9.45 -3.28214e-05
9.4525 6.36399e-06
9.455 2.26e-05
9.4575 -4.51191e-05
9.46 4.57495e-05
9.4625 -1.25852e-05
9.465 -4.21925e-05
9.4675 7.57928e-05
9.47 -4.9943e-05
9.4725 -2.54675e-05
9.475 8.52069e-05
9.4775 -7.00094e-05
9.48 -5.38745e-06
9.4825 6.49099e-05
9.485 -5.86269e-05
9.4875 1.3066e-05
9.49 1.72353e-05
9.4925 -2.10914e-05
9.495 2.6495e-05
9.4975 -3.93161e-05
9.5 2.61245e-05
9.5025 2.98701e-05
9.505 -8.20858e-05
9.5075 6.54526e-05
9.51 1.92085e-05
9.5125 -9.44321e-05
9.515 8.80433e-05
9.5175 -6.60481e-06
9.52 -7.72275e-05
9.5225 9.47901e-05
9.525 -3.73866e-05
9.5275 -4.35292e-05
9.53 8.46037e-05
9.5325 -6.1291e-05
9.535 -3.04725e-06
9.5375 6.18442e-05
9.54 -7.43784e-05
9.5425 3.05621e-05
9.545 3.4624e-05
9.5475 -6.77298e-05
9.55 4.85697e-05
9.5525 -1.59846e-06
9.555 -4.06314e-05
9.5575 6.05116e-05
9.56 -4.46967e-05
9.5625 -9.56136e-06
9.565 6.94255e-05
9.5675 -7.89147e-05
9.57 1.70657e-05
9.5725 6.71122e-05
9.575 -9.651e-05
9.5775 4.13547e-05
9.58 5.08353e-05
9.5825 -0.000100642
9.585 6.48979e-05
9.5875 2.86574e-05
9.59 -9.9489e-05
9.5925 7.94874e-05
9.595 1.46046e-05
9.5975 -9.00349e-05
9.6 7.53679e-05
9.6025 6.15809e-06
9.605 -7.06871e-05
9.6075 6.14234e-05
9.61 4.70522e-07
9.6125 -5.07797e-05
9.615 4.82087e-05
9.6175 -4.0089e-06
9.62 -4.04896e-05
9.6225 4.52715e-05
9.625 -4.65999e-06
9.6275 -4.5172e-05
9.63 5.02584e-05
9.6325 4.01827e-07
9.635 -5.62859e-05
9.6375 5.38232e-05
9.64 5.36407e-06
9.6425 -5.87185e-05
9.645 5.14409e-05
9.6475 1.79953e-06
9.65 -4.71593e-05
9.6525 4.53486e-05
9.655 -7.59753e-06
9.6575 -2.94181e-05
9.66 3.36827e-05
9.6625 -1.12643e-05
9.665 -1.18186e-05
9.6675 1.42058e-05
9.67 -5.9946e-06
9.6725 1.24836e-06
9.675 -4.43526e-06
9.6775 4.28269e-06
9.68 2.17293e-06
9.6825 -1.24287e-05
9.685 1.58246e-05
9.6875 -8.09474e-06
9.69 -8.22974e-06
9.6925 1.87982e-05
9.695 -1.78169e-05
9.6975 8.79781e-06
9.7 2.9386e-06
9.7025 -2.01584e-05
9.705 3.51182e-05
9.7075 -2.63622e-05
9.71 -1.38646e-05
9.7125 5.55895e-05
9.715 -5.40775e-05
9.7175 2.00187e-06
9.72 5.71657e-05
9.7225 -6.68801e-05
9.725 1.93952e-05
9.7275 3.82153e-05
9.73 -5.20455e-05
9.7325 2.48621e-05
9.735 2.28167e-06
9.7375 -6.90835e-06
9.74 1.39852e-05
9.7425 -3.88043e-05
9.745 5.17669e-05
9.7475 -1.05335e-05
9.75 -6.47876e-05
9.7525 9.9453e-05
9.755 -4.29199e-05
9.7575 -6.08101e-05
9.76 0.000116615
9.7625 -7.36634e-05
9.765 -2.51274e-05
9.7675 9.73799e-05
9.77 -9.37893e-05
9.7725 2.70886e-05
9.775 5.28208e-05
9.7775 -9.30938e-05
9.78 7.01715e-05
9.7825 -2.06616e-06
9.785 -6.52453e-05
9.7875 8.87394e-05
9.79 -5.22715e-05
9.7925 -2.02195e-05
9.795 7.78775e-05
9.7975 -8.06128e-05
9.8 2.99001e-05
9.8025 3.94594e-05
9.805 -8.57771e-05
9.8075 7.7023e-05
9.81 -7.29833e-06
9.8125 -7.91483e-05
9.815 0.000105852
9.8175 -4.00618e-05
9.82 -6.28305e-05
9.8225 0.00010849
9.825 -5.66713e-05
9.8275 -4.08747e-05
9.83 9.45463e-05
9.8325 -6.23572e-05
9.835 -2.04387e-05
9.8375 7.95509e-05
9.84 -6.36917e-05
9.8425 -1.14924e-05
9.845 7.22682e-05
9.8475 -5.78031e-05
9.85 -1.33874e-05
9.8525 6.50817e-05
9.855 -4.80171e-05
9.8575 -1.30162e-05
9.86 5.51957e-05
9.8625 -4.31918e-05
9.865 -5.42012e-06
9.8675 4.59107e-05
9.87 -4.55408e-05
9.8725 5.41493e-06
9.875 4.08599e-05
9.8775 -5.07893e-05
9.88 1.13697e-05
9.8825 4.0614e-05
9.885 -5.09383e-05
9.8875 7.95402e-06
9.89 4.04058e-05
9.8925 -4.15175e-05
9.895 -4.64108e-07
9.8975 3.47347e-05
9.9 -2.72139e-05
9.9025 -5.17211e-06
9.905 2.51146e-05
9.9075 -1.72948e-05
9.91 -4.39374e-06
9.9125 1.81254e-05
9.915 -1.31871e-05
9.9175 -3.21338e-06
9.92 1.39502e-05
9.9225 -9.55023e-06
9.925 -1.99545e-06
9.9275 8.1517e-06
9.93 -6.37274e-06
9.9325 2.32484e-06
9.935 2.13441e-06
9.9375 -6.6351e-06
9.94 7.8431e-06
9.9425 -1.57662e-06
9.945 -8.29118e-06
9.9475 1.34555e-05
9.95 -6.2568e-06
9.9525 -1.0563e-05
9.955 2.28535e-05
9.9575 -1.233e-05
9.96 -1.64584e-05
9.9625 3.37299e-05
9.965 -1.45683e-05
9.9675 -2.26297e-05
9.97 3.68737e-05
9.9725 -1.17467e-05
9.975 -2.18366e-05
9.9775 2.77245e-05
9.98 -4.22178e-06
9.9825 -1.40296e-05
9.985 5.79951e-06
9.9875 1.19348e-05
9.99 -3.15621e-06
9.9925 -2.79943e-05
9.995 3.64775e-05
9.9975 7.36213e-06
10 -6.27174e-05
