0.0025 -1.44639e-16
0.005 1.97842e-15
0.0075 -1.16332e-15
0.01 -2.34694e-15
0.0125 2.25998e-15
0.015 6.99553e-16
0.0175 2.13723e-15
0.02 -1.2882e-15
0.0225 -4.07433e-15
0.025 3.82126e-15
0.0275 -1.01818e-15
0.03 -5.49124e-15
0.0325 7.08006e-15
0.035 -3.78475e-15
0.0375 -5.43872e-15
0.04 7.90965e-15
0.0425 -1.02648e-14
0.045 3.83702e-15
0.0475 1.22867e-14
0.05 -1.48971e-14
0.0525 6.00267e-15
0.055 7.60612e-15
0.0575 -1.50369e-14
0.06 9.03766e-15
0.0625 -1.46384e-15
0.065 -7.59323e-15
0.0675 1.46926e-14
0.07 -6.29314e-15
0.0725 -7.02565e-16
0.075 1.2074e-14
0.0775 -8.29822e-15
0.08 -5.57785e-15
0.0825 -3.87766e-16
0.085 1.1525e-15
0.0875 7.53322e-15
0.09 -1.42726e-14
0.0925 -2.32824e-14
0.095 -1.00422e-13
0.0975 -5.05981e-13
0.1 -2.03391e-12
0.1025 -8.1353e-12
0.105 -3.12753e-11
0.1075 -1.15172e-10
0.11 -4.07348e-10
0.1125 -1.38266e-09
0.115 -4.50212e-09
0.1175 -1.40544e-08
0.12 -4.20269e-08
0.1225 -1.20246e-07
0.125 -3.28686e-07
0.1275 -8.56542e-07
0.13 -2.12187e-06
0.1325 -4.97618e-06
0.135 -1.09797e-05
0.1375 -2.25697e-05
0.14 -4.24851e-05
0.1425 -7.07537e-05
0.145 -9.54579e-05
0.1475 -6.99364e-05
0.15 0.000135944
0.1525 0.000828082
0.155 0.00264357
0.1575 0.00678064
0.16 0.0152871
0.1625 0.0313374
0.165 0.0593534
0.1675 0.104751
0.17 0.173088
0.1725 0.268515
0.175 0.391738
0.1775 0.538162
0.18 0.697246
0.1825 0.854108
0.185 0.993661
0.1875 1.10619
0.19 1.19182
0.1925 1.26078
0.195 1.32807
0.1975 1.40428
0.2 1.48782
0.2025 1.56438
0.205 1.61551
0.2075 1.63147
0.21 1.6188
0.2125 1.59545
0.215 1.57597
0.2175 1.55855
0.22 1.52641
0.2225 1.46368
0.225 1.37162
0.2275 1.26879
0.23 1.17336
0.2325 1.08497
0.235 0.986281
0.2375 0.863733
0.24 0.725045
0.2425 0.592325
0.245 0.47756
0.2475 0.369628
0.25 0.249868
0.2525 0.117737
0.255 -0.00651277
0.2575 -0.106893
0.26 -0.191859
0.2625 -0.281592
0.265 -0.378785
0.2675 -0.46379
0.27 -0.522085
0.2725 -0.565078
0.275 -0.613105
0.2775 -0.664908
0.28 -0.699649
0.2825 -0.709352
0.285 -0.711967
0.2875 -0.723817
0.29 -0.734363
0.2925 -0.724156
0.295 -0.697668
0.2975 -0.677061
0.3 -0.66638
0.3025 -0.645897
0.305 -0.606859
0.3075 -0.567689
0.31 -0.543117
0.3125 -0.519441
0.315 -0.479723
0.3175 -0.434876
0.32 -0.404833
0.3225 -0.383146
0.325 -0.349427
0.3275 -0.307437
0.33 -0.278508
0.3325 -0.261994
0.335 -0.236808
0.3375 -0.201646
0.34 -0.177548
0.3425 -0.167448
0.345 -0.150546
0.3475 -0.122853
0.35 -0.104869
0.3525 -0.100937
0.355 -0.0905236
0.3575 -0.0691427
0.36 -0.0571232
0.3625 -0.0582474
0.365 -0.0519263
0.3675 -0.0351645
0.37 -0.0284463
0.3725 -0.0331355
0.375 -0.0285363
0.3775 -0.0150056
0.38 -0.0129487
0.3825 -0.0195595
0.385 -0.014725
0.3875 -0.00378551
0.39 -0.00587944
0.3925 -0.0126528
0.395 -0.00632183
0.3975 0.00181366
0.4 -0.0038107
0.4025 -0.00889978
0.405 -0.000779981
0.4075 0.00371039
0.41 -0.0043037
0.4125 -0.00600485
0.415 0.00300784
0.4175 0.00295781
0.42 -0.00547749
0.4225 -0.00278196
0.425 0.00508942
0.4275 0.000401819
0.43 -0.00580236
0.4325 0.000857842
0.435 0.00503241
0.4375 -0.00278675
0.44 -0.00428532
0.4425 0.00399638
0.445 0.00268442
0.4475 -0.00502013
0.45 -0.000974521
0.4525 0.00513688
0.455 -0.00121468
0.4575 -0.00502684
0.46 0.00239182
0.4625 0.00265335
0.465 -0.00582866
0.4675 -0.00441451
0.47 0.00045191
0.4725 -0.00773957
0.475 -0.0165612
0.4775 -0.0161926
0.48 -0.0249802
0.4825 -0.0468392
0.485 -0.0645165
0.4875 -0.0851229
0.49 -0.126017
0.4925 -0.175488
0.495 -0.224751
0.4975 -0.291526
0.5 -0.376123
0.5025 -0.458561
0.505 -0.543433
0.5075 -0.640453
0.51 -0.729875
0.5125 -0.800545
0.515 -0.866465
0.5175 -0.922039
0.52 -0.950769
0.5225 -0.966453
0.525 -0.982464
0.5275 -0.98597
0.53 -0.980263
0.5325 -0.984059
0.535 -0.986893
0.5375 -0.973507
0.54 -0.955181
0.5425 -0.930205
0.545 -0.879529
0.5475 -0.812683
0.55 -0.747196
0.5525 -0.67409
0.555 -0.595248
0.5575 -0.530053
0.56 -0.469649
0.5625 -0.396962
0.565 -0.322684
0.5675 -0.248558
0.57 -0.160282
0.5725 -0.0714309
0.575 -0.000645547
0.5775 0.0636655
0.58 0.124708
0.5825 0.170768
0.585 0.215986
0.5875 0.273333
0.59 0.324333
0.5925 0.362833
0.595 0.3991
0.5975 0.42138
0.6 0.425322
0.6025 0.433939
0.605 0.448955
0.6075 0.455316
0.61 0.460435
0.6125 0.463906
0.615 0.448078
0.6175 0.423911
0.62 0.410298
0.6225 0.396776
0.625 0.380578
0.6275 0.371072
0.63 0.353039
0.6325 0.319314
0.635 0.292071
0.6375 0.273935
0.64 0.253287
0.6425 0.238771
0.645 0.226528
0.6475 0.199049
0.65 0.17007
0.6525 0.155247
0.655 0.141843
0.6575 0.129104
0.66 0.122806
0.6625 0.106602
0.665 0.0821324
0.6675 0.0716946
0.67 0.0687676
0.6725 0.0612865
0.675 0.0574335
0.6775 0.0500363
0.68 0.0322123
0.6825 0.0249061
0.685 0.0302179
0.6875 0.0282774
0.69 0.0232406
0.6925 0.0197663
0.695 0.00902508
0.6975 0.00434772
0.7 0.0137574
0.7025 0.0153219
0.705 0.00708158
0.7075 0.00412823
0.71 0.000791244
0.7125 -0.000886671
0.715 0.00813469
0.7175 0.00998698
0.72 -0.00108059
0.7225 -0.00368412
0.725 0.000499329
0.7275 0.00118348
0.73 0.00540608
0.7325 0.0051916
0.735 -0.00540875
0.7375 -0.00553024
0.74 0.00420933
0.7425 0.00414937
0.745 0.000916047
0.7475 -0.000169523
0.75 -0.00525674
0.7525 -0.00227859
0.755 0.00739072
0.7575 0.0031439
0.76 -0.00511931
0.7625 -0.00232988
0.765 0.000123104
0.7675 0.00175885
0.77 0.00530753
0.7725 -0.00121688
0.775 -0.00695967
0.7775 0.0019818
0.78 0.00672319
0.7825 0.00167455
0.785 0.0011764
0.7875 0.00127834
0.79 0.0032956
0.7925 0.0138458
0.795 0.0165867
0.7975 0.0121021
0.8 0.0219766
0.8025 0.038265
0.805 0.0496489
0.8075 0.0656485
0.81 0.0836054
0.8125 0.105264
0.815 0.143518
0.8175 0.183884
0.82 0.216427
0.8225 0.260797
0.825 0.316132
0.8275 0.368975
0.83 0.423279
0.8325 0.472706
0.835 0.513777
0.8375 0.560385
0.84 0.600565
0.8425 0.617669
0.845 0.628006
0.8475 0.636682
0.85 0.633952
0.8525 0.626201
0.855 0.611136
0.8575 0.58719
0.86 0.572676
0.8625 0.561249
0.865 0.534718
0.8675 0.506156
0.87 0.480578
0.8725 0.44591
0.875 0.405431
0.8775 0.3561
0.88 0.295673
0.8825 0.243549
0.885 0.197032
0.8875 0.140843
0.89 0.0905302
0.8925 0.053057
0.895 0.0154779
0.8975 -0.0208171
0.9 -0.059693
0.9025 -0.104858
0.905 -0.14004
0.9075 -0.169926
0.91 -0.207904
0.9125 -0.235759
0.915 -0.247223
0.9175 -0.257133
0.92 -0.264274
0.9225 -0.271364
0.925 -0.282011
0.9275 -0.283793
0.93 -0.284395
0.9325 -0.293311
0.935 -0.289914
0.9375 -0.272815
0.94 -0.259721
0.9425 -0.247123
0.945 -0.235193
0.9475 -0.2271
0.95 -0.213852
0.9525 -0.203665
0.955 -0.199297
0.9575 -0.180682
0.96 -0.155776
0.9625 -0.142672
0.965 -0.131436
0.9675 -0.120178
0.97 -0.112863
0.9725 -0.102336
0.975 -0.0944451
0.9775 -0.0869482
0.98 -0.0672719
0.9825 -0.0528192
0.985 -0.0534731
0.9875 -0.0501938
0.99 -0.0439067
0.9925 -0.0410369
0.995 -0.0341736
0.9975 -0.0279007
1 -0.0214086
1.0025 -0.0115679
1.005 -0.0141588
1.0075 -0.022344
1.01 -0.0164337
1.0125 -0.00962842
1.015 -0.00890003
1.0175 -0.00428283
1.02 -0.00221711
1.0225 -0.00346813
1.025 -0.00440687
1.0275 -0.0100697
1.03 -0.00798566
1.0325 0.00394966
1.035 0.00366308
1.0375 -0.00257017
1.04 -0.00106335
1.0425 -0.00252857
1.045 -0.00467595
1.0475 -0.0015164
1.05 0.000650565
1.0525 0.00472197
1.055 0.00436864
1.0575 -0.00605101
1.06 -0.00632261
1.0625 0.00241664
1.065 0.00158071
1.0675 0.00066797
1.07 0.00314742
1.0725 -0.000411142
1.075 -0.00299945
1.0775 -0.00332297
1.08 -0.00177339
1.0825 0.00606304
1.085 0.0049602
1.0875 -0.00527479
1.09 -0.0037159
1.0925 0.000744458
1.095 -0.00159611
1.0975 0.00069906
1.1 0.0022189
1.1025 -0.00177855
1.105 -0.00466354
1.1075 -0.00840372
1.11 -0.00645837
1.1125 -0.000327662
1.115 -0.00824347
1.1175 -0.0192433
1.12 -0.0199692
1.1225 -0.0256383
1.125 -0.0349684
1.1275 -0.0409038
1.13 -0.0536215
1.1325 -0.0713775
1.135 -0.091244
1.1375 -0.113399
1.14 -0.129479
1.1425 -0.151638
1.145 -0.188869
1.1475 -0.220371
1.15 -0.246534
1.1525 -0.279343
1.155 -0.307804
1.1575 -0.332607
1.16 -0.359761
1.1625 -0.381336
1.165 -0.397046
1.1675 -0.402736
1.17 -0.39799
1.1725 -0.399402
1.175 -0.398289
1.1775 -0.380379
1.18 -0.362541
1.1825 -0.347284
1.185 -0.32596
1.1875 -0.308147
1.19 -0.291941
1.1925 -0.271074
1.195 -0.248294
1.1975 -0.220106
1.2 -0.194551
1.2025 -0.17425
1.205 -0.139875
1.2075 -0.0989502
1.21 -0.0680438
1.2125 -0.0356824
1.215 -0.00308576
1.2175 0.021647
1.22 0.0468032
1.2225 0.0700153
1.225 0.0883271
1.2275 0.104003
1.23 0.113359
1.2325 0.128556
1.235 0.152178
1.2375 0.163265
1.24 0.168535
1.2425 0.180026
1.245 0.184617
1.2475 0.184123
1.25 0.183946
1.2525 0.177317
1.255 0.169693
1.2575 0.163888
1.26 0.16032
1.2625 0.16269
1.265 0.156665
1.2675 0.142717
1.27 0.139193
1.2725 0.133863
1.275 0.118187
1.2775 0.106682
1.28 0.0967245
1.2825 0.0869107
1.285 0.0835499
1.2875 0.0798173
1.29 0.0745836
1.2925 0.0665091
1.295 0.0539104
1.2975 0.0498554
1.3 0.0470938
1.3025 0.0332599
1.305 0.0271892
1.3075 0.0308184
1.31 0.0288377
1.3125 0.0266583
1.315 0.0236321
1.3175 0.0161066
1.32 0.0117308
1.3225 0.00887454
1.325 0.00848059
1.3275 0.0100238
1.33 0.00524632
1.3325 0.00598668
1.335 0.0132534
1.3375 0.00713583
1.34 -0.00168148
1.3425 -0.000370982
1.345 7.23539e-05
1.3475 0.00136947
1.35 0.00446106
1.3525 0.00332157
1.355 0.00267948
1.3575 0.00097516
1.36 -0.000828756
1.3625 0.000784167
1.365 -0.00339673
1.3675 -0.00438979
1.37 0.00593559
1.3725 0.00643848
1.375 -0.00147193
1.3775 -0.00167521
1.38 -0.00168417
1.3825 -0.00209564
1.385 0.000451295
1.3875 0.000632145
1.39 0.00184532
1.3925 0.00204215
1.395 -0.000199854
1.3975 0.000681614
1.4 -0.00310098
1.4025 -0.00579836
1.405 0.00391927
1.4075 0.00664017
1.41 -0.000971468
1.4125 -0.00118972
1.415 5.19756e-06
1.4175 -0.000968208
1.42 0.000921894
1.4225 0.00170955
1.425 0.00392871
1.4275 0.00573792
1.43 0.00397662
1.4325 0.00549993
1.435 0.00524703
1.4375 0.00598499
1.44 0.017992
1.4425 0.0237309
1.445 0.0200327
1.4475 0.026587
1.45 0.0367981
1.4525 0.0440234
1.455 0.0553839
1.4575 0.0680343
1.46 0.0825564
1.4625 0.0975585
1.465 0.10994
1.4675 0.127383
1.47 0.14613
1.4725 0.164527
1.475 0.188871
1.4775 0.204275
1.48 0.211077
1.4825 0.228108
1.485 0.24354
1.4875 0.248371
1.49 0.253122
1.4925 0.254712
1.495 0.250988
1.4975 0.24325
1.5 0.231195
1.5025 0.222151
1.505 0.211662
1.5075 0.195976
1.51 0.18237
1.5125 0.163629
1.515 0.144273
1.5175 0.137059
1.52 0.12455
1.5225 0.102436
1.525 0.0866996
1.5275 0.070728
1.53 0.049992
1.5325 0.0302637
1.535 0.0110948
1.5375 -0.00565607
1.54 -0.0248006
1.5425 -0.0462882
1.545 -0.0597461
1.5475 -0.0708357
1.55 -0.0798363
1.5525 -0.0821685
1.555 -0.0919743
1.5575 -0.102922
1.56 -0.101315
1.5625 -0.103233
1.565 -0.110885
1.5675 -0.112885
1.57 -0.11418
1.5725 -0.115911
1.575 -0.116287
1.5775 -0.112937
1.58 -0.102985
1.5825 -0.0970959
1.585 -0.0946463
1.5875 -0.0878021
1.59 -0.0843673
1.5925 -0.0790081
1.595 -0.0694651
1.5975 -0.0706645
1.6 -0.0710984
1.6025 -0.0604821
1.605 -0.0537695
1.6075 -0.0493732
1.61 -0.0412982
1.6125 -0.0349326
1.615 -0.031472
1.6175 -0.031752
1.62 -0.0292746
1.6225 -0.022453
1.625 -0.0224177
1.6275 -0.0223537
1.63 -0.0175818
1.6325 -0.0160072
1.635 -0.00941452
1.6375 -0.00278292
1.64 -0.00829171
1.6425 -0.00998704
1.645 -0.00546786
1.6475 -0.00698148
1.65 -0.00757785
1.6525 -0.00443018
1.655 -0.00175651
1.6575 -0.00110286
1.66 -0.00281421
1.6625 0.000459924
1.665 0.00307547
1.6675 -0.00290433
1.67 -0.00466838
1.6725 -0.00302813
1.675 -0.00316193
1.6775 0.00284599
1.68 0.00400062
1.6825 -0.00226663
1.685 -2.05333e-05
1.6875 0.00224156
1.69 -0.00204579
1.6925 -0.00262438
1.695 -0.000812501
1.6975 0.00024924
1.7 -0.0001212
1.7025 0.000300067
1.705 0.00455012
1.7075 0.00186027
1.71 -0.00483053
1.7125 -0.00241439
1.715 -0.00045853
1.7175 -2.2162e-05
1.72 0.00361927
1.7225 5.54266e-05
1.725 -0.00229728
1.7275 0.00269583
1.73 0.000309875
1.7325 -0.00407859
1.735 -0.00188217
1.7375 -0.000138332
1.74 1.95116e-05
1.7425 -0.000508905
1.745 0.00018084
1.7475 -0.000570439
1.75 -0.0075678
1.7525 -0.00822142
1.755 -0.00296206
1.7575 -0.00604848
1.76 -0.00904968
1.7625 -0.0106663
1.765 -0.0170327
1.7675 -0.0184854
1.77 -0.0217635
1.7725 -0.0324785
1.775 -0.0364954
1.7775 -0.0386026
1.78 -0.0476822
1.7825 -0.058102
1.785 -0.0683588
1.7875 -0.0785143
1.79 -0.0905472
1.7925 -0.101358
1.795 -0.106168
1.7975 -0.117556
1.8 -0.133525
1.8025 -0.139715
1.805 -0.146103
1.8075 -0.153947
1.81 -0.155495
1.8125 -0.158748
1.815 -0.158028
1.8175 -0.150495
1.82 -0.149171
1.8225 -0.146872
1.825 -0.136113
1.8275 -0.12459
1.83 -0.114024
1.8325 -0.103939
1.835 -0.0926463
1.8375 -0.0828674
1.84 -0.0769058
1.8425 -0.063536
1.845 -0.0486569
1.8475 -0.0433293
1.85 -0.0333849
1.8525 -0.0196648
1.855 -0.0113382
1.8575 0.000170517
1.86 0.0110211
1.8625 0.0201333
1.865 0.0355946
1.8675 0.046066
1.87 0.0487921
1.8725 0.0544592
1.875 0.0611139
1.8775 0.0655409
1.88 0.067126
1.8825 0.0684945
1.885 0.0704019
1.8875 0.06638
1.89 0.0656508
1.8925 0.0718262
1.895 0.0694365
1.8975 0.0662734
1.9 0.0695329
1.9025 0.0664373
1.905 0.0617399
1.9075 0.0583957
1.91 0.0519199
1.9125 0.0506551
1.915 0.0491891
1.9175 0.0405068
1.92 0.0351649
1.9225 0.0346593
1.925 0.0341523
1.9275 0.0318586
1.93 0.0288888
1.9325 0.0280836
1.935 0.0226581
1.9375 0.0165177
1.94 0.0185004
1.9425 0.0151219
1.945 0.00844114
1.9475 0.0111346
1.95 0.0107736
1.9525 0.00685897
1.955 0.00777785
1.9575 0.00713373
1.96 0.00790306
1.9625 0.00865658
1.965 0.00222926
1.9675 -0.00122524
1.97 0.00125672
1.9725 0.00244347
1.975 0.0016971
1.9775 0.000832967
1.98 0.00282266
1.9825 0.00256059
1.985 -0.000407724
1.9875 0.00288572
1.99 0.00238863
1.9925 -0.0036134
1.995 -0.000574503
1.9975 0.00103994
2 -0.0027775
2.0025 0.000394764
2.005 0.00311241
2.0075 0.00229523
2.01 0.00169643
2.0125 -0.00252758
2.015 -0.00295296
2.0175 0.00132731
2.02 0.000764316
2.0225 -0.00145072
2.025 -0.00099598
2.0275 0.00158044
2.03 0.00215487
2.0325 -0.000534301
2.035 0.00102491
2.0375 0.000668613
2.04 -0.0042975
2.0425 -0.000649544
2.045 0.00232959
2.0475 -0.00136855
2.05 0.00192469
2.0525 0.00381378
2.055 -0.000917817
2.0575 -0.00131267
2.06 -0.000452268
2.0625 0.00102664
2.065 0.00332453
2.0675 0.000812106
2.07 0.000680782
2.0725 0.00504501
2.075 0.00652414
2.0775 0.00498664
2.08 0.00378408
2.0825 0.00715588
2.085 0.010303
2.0875 0.0105015
2.09 0.0169766
2.0925 0.0214775
2.095 0.0196153
2.0975 0.0256991
2.1 0.0315169
2.1025 0.0323195
2.105 0.0411672
2.1075 0.0497594
2.11 0.0531654
2.1125 0.0595214
2.115 0.066051
2.1175 0.0734009
2.12 0.0801891
2.1225 0.0820198
2.125 0.0863868
2.1275 0.0941062
2.13 0.0987998
2.1325 0.0987508
2.135 0.0964164
2.1375 0.0971235
2.14 0.094763
2.1425 0.0882065
2.145 0.0877814
2.1475 0.0834086
2.15 0.0724402
2.1525 0.068379
2.155 0.0614207
2.1575 0.0499308
2.16 0.045875
2.1625 0.040042
2.165 0.0306926
2.1675 0.0251803
2.17 0.0197777
2.1725 0.0145993
2.175 0.00745051
2.1775 -0.00249518
2.18 -0.00754481
2.1825 -0.0101322
2.185 -0.0156682
2.1875 -0.0239017
2.19 -0.0310274
2.1925 -0.0333936
2.195 -0.0386029
2.1975 -0.044121
2.2 -0.0415193
2.2025 -0.0432495
2.205 -0.0472762
2.2075 -0.0430524
2.21 -0.0433569
2.2125 -0.0455648
2.215 -0.0409989
2.2175 -0.0406554
2.22 -0.0416455
2.2225 -0.0383378
2.225 -0.0369346
2.2275 -0.0366349
2.23 -0.0371578
2.2325 -0.0359595
2.235 -0.0295867
2.2375 -0.0252266
2.24 -0.0246281
2.2425 -0.0237287
2.245 -0.0203264
2.2475 -0.0159449
2.25 -0.016853
2.2525 -0.0160449
2.255 -0.0108189
2.2575 -0.0131474
2.26 -0.0138738
2.2625 -0.0083806
2.265 -0.00988711
2.2675 -0.00932303
2.27 -0.00364981
2.2725 -0.00425058
2.275 -0.00363274
2.2775 -0.00105082
2.28 -0.00322513
2.2825 -0.00447947
2.285 -0.00363965
2.2875 -0.00159691
2.29 -0.000177798
2.2925 -0.00289255
2.295 -0.00363361
2.2975 -0.00059258
2.3 0.00165261
2.3025 0.001196
2.305 -0.00122077
2.3075 0.000597672
2.31 0.00142183
2.3125 -0.00364562
2.315 -0.00177489
2.3175 0.00136151
2.32 -0.00231708
2.3225 0.000411274
2.325 0.00311462
2.3275 -0.00095515
2.33 7.39451e-05
2.3325 0.000977372
2.335 -0.00137262
2.3375 0.000217993
2.34 0.000619422
2.3425 -0.00123996
2.345 -0.0018972
2.3475 -0.000865624
2.35 0.002558
2.3525 0.00264422
2.355 -0.000579283
2.3575 -0.00131752
2.36 -0.000371635
2.3625 0.000516549
2.365 -0.00163637
2.3675 -0.00219752
2.37 0.00258585
2.3725 0.000823889
2.375 -0.0024027
2.3775 0.00173581
2.38 -0.000178685
2.3825 -0.00316165
2.385 0.000593617
2.3875 -0.00141886
2.39 -0.00396807
2.3925 -0.00163388
2.395 -0.00264355
2.3975 -0.00285974
2.4 -0.00196452
2.4025 -0.00477952
2.405 -0.00803195
2.4075 -0.0101522
2.41 -0.00968947
2.4125 -0.00958129
2.415 -0.0136767
2.4175 -0.0168798
2.42 -0.0183661
2.4225 -0.0203984
2.425 -0.0248793
2.4275 -0.0313374
2.43 -0.0320851
2.4325 -0.0340912
2.435 -0.0427511
2.4375 -0.0441235
2.44 -0.0447905
2.4425 -0.0522877
2.445 -0.0534998
2.4475 -0.0550111
2.45 -0.0614103
2.4525 -0.061306
2.455 -0.060128
2.4575 -0.0604364
2.46 -0.0577165
2.4625 -0.0567962
2.465 -0.0562216
2.4675 -0.0529053
2.47 -0.0479241
2.4725 -0.0423652
2.475 -0.0394468
2.4775 -0.0355329
2.48 -0.0285202
2.4825 -0.0230818
2.485 -0.019458
2.4875 -0.0171644
2.49 -0.011973
2.4925 -0.00534404
2.495 -0.00555434
2.4975 -0.00195197
2.5 0.00703501
2.5025 0.0072474
2.505 0.00897859
2.5075 0.0152778
2.51 0.0150779
2.5125 0.0182562
2.515 0.0248513
2.5175 0.0257216
2.52 0.0272204
2.5225 0.0286307
2.525 0.0279366
2.5275 0.0292012
2.53 0.0295839
2.5325 0.0283148
2.535 0.0264429
2.5375 0.0253961
2.54 0.0265556
2.5425 0.0250519
2.545 0.0219153
2.5475 0.0209108
2.55 0.0210573
2.5525 0.0216942
2.555 0.0187074
2.5575 0.0170137
2.56 0.0201653
2.5625 0.0153811
2.565 0.00971531
2.5675 0.0128713
2.57 0.0106708
2.5725 0.00740986
2.575 0.00983729
2.5775 0.00674493
2.58 0.00416407
2.5825 0.00634407
2.585 0.00549931
2.5875 0.00500642
2.59 0.00491015
2.5925 0.00327219
2.595 0.00331101
2.5975 0.00310946
2.6 0.00196152
2.6025 6.54182e-05
2.605 -0.00109075
2.6075 0.00110666
2.61 0.0020558
2.6125 0.00101525
2.615 0.000531123
2.6175 0.000618533
2.62 0.00217719
2.6225 4.66933e-06
2.625 -0.00183245
2.6275 0.00311069
2.63 0.00120518
2.6325 -0.00395113
2.635 0.000160062
2.6375 0.00055262
2.64 -0.00154786
2.6425 0.00210446
2.645 0.0011239
2.6475 -0.000848441
2.65 0.0012074
2.6525 0.000330454
2.655 -0.000653842
2.6575 -0.000714737
2.66 -0.00134249
2.6625 4.57032e-05
2.665 0.000966475
2.6675 0.000621028
2.67 -0.000325839
2.6725 -0.000843705
2.675 0.00105818
2.6775 0.00132473
2.68 -0.000171589
2.6825 -0.000777387
2.685 -0.000892329
2.6875 0.000543517
2.69 -0.000773897
2.6925 -0.00143367
2.695 0.00386043
2.6975 0.00196618
2.7 -0.00283029
2.7025 0.00169816
2.705 0.00173789
2.7075 -0.00140128
2.71 0.00181119
2.7125 0.00145001
2.715 0.000650522
2.7175 0.00377977
2.72 0.00337877
2.7225 0.00297371
2.725 0.00419869
2.7275 0.00480742
2.73 0.00668884
2.7325 0.00734011
2.735 0.00735982
2.7375 0.00898483
2.74 0.0116246
2.7425 0.0151415
2.745 0.0164594
2.7475 0.0169859
2.75 0.0192902
2.7525 0.0214995
2.755 0.0243003
2.7575 0.0256894
2.76 0.0282376
2.7625 0.0338036
2.765 0.0324388
2.7675 0.0317638
2.77 0.0388066
2.7725 0.0377562
2.775 0.0345366
2.7775 0.0384737
2.78 0.0373015
2.7825 0.0351332
2.785 0.0360728
2.7875 0.0327071
2.79 0.0303444
2.7925 0.0292881
2.795 0.0253777
2.7975 0.0218369
2.8 0.0179045
2.8025 0.0149042
2.805 0.0138132
2.8075 0.0111093
2.81 0.00751382
2.8125 0.00372993
2.815 0.00117464
2.8175 2.57629e-05
2.82 -0.00251686
2.8225 -0.004696
2.825 -0.00663515
2.8275 -0.00805028
2.83 -0.0089167
2.8325 -0.0132281
2.835 -0.0138466
2.8375 -0.0120393
2.84 -0.0183706
2.8425 -0.0198237
2.845 -0.0151066
2.8475 -0.0187655
2.85 -0.0200853
2.8525 -0.0166263
2.855 -0.0180588
2.8575 -0.017492
2.86 -0.0160277
2.8625 -0.0168676
2.865 -0.0144895
2.8675 -0.0124509
2.87 -0.0120554
2.8725 -0.0116714
2.875 -0.0126575
2.8775 -0.0117083
2.88 -0.00971776
2.8825 -0.00927566
2.885 -0.00897267
2.8875 -0.0085754
2.89 -0.00689877
2.8925 -0.00542819
2.895 -0.00511441
2.8975 -0.00440046
2.9 -0.00427594
2.9025 -0.0025802
2.905 -0.00209299
2.9075 -0.00416895
2.91 -0.00064892
2.9125 -3.68731e-06
2.915 -0.00546101
2.9175 -0.00206292
2.92 0.000728089
2.9225 -0.00351252
2.925 -0.00107157
2.9275 0.00142672
2.93 -0.00046638
2.9325 0.000319895
2.935 -0.000572064
2.9375 -0.00120101
2.94 0.00073596
2.9425 0.000195136
2.945 -0.000365327
2.9475 -0.00078483
2.95 -0.00138228
2.9525 0.000270039
2.955 0.000563638
2.9575 -0.000430824
2.96 -0.000218861
2.9625 0.000442207
2.965 0.00112498
2.9675 0.000478879
2.97 -0.000267224
2.9725 -0.000681552
2.975 -0.00094004
2.9775 0.000275443
2.98 -0.000790999
2.9825 -0.000537598
2.985 0.00278937
2.9875 -0.00072781
2.99 -0.00224367
2.9925 0.00295436
2.995 -1.93287e-05
2.9975 -0.00245074
3 0.00197309
3.0025 0.000271711
3.005 -0.00178696
3.0075 -0.000273085
3.01 -0.000684562
3.0125 0.000724911
3.015 0.00103475
3.0175 -0.000794439
3.02 -0.000136901
3.0225 -0.000274342
3.025 -0.00052955
3.0275 -0.000378117
3.03 -0.00211013
3.0325 -0.00180976
3.035 -0.00028051
3.0375 -0.000662714
3.04 -0.00166742
3.0425 -0.00252687
3.045 -0.00272647
3.0475 -0.00323784
3.05 -0.00367537
3.0525 -0.00436846
3.055 -0.00622709
3.0575 -0.00567276
3.06 -0.00701743
3.0625 -0.0105104
3.065 -0.00762375
3.0675 -0.00855
3.07 -0.014647
3.0725 -0.0124747
3.075 -0.0131361
3.0775 -0.0191
3.08 -0.0177079
3.0825 -0.0173414
3.085 -0.0202718
3.0875 -0.0207082
3.09 -0.0223514
3.0925 -0.0223943
3.095 -0.0219288
3.0975 -0.0241591
3.1 -0.0237309
3.1025 -0.0226246
3.105 -0.0219826
3.1075 -0.0197894
3.11 -0.0197131
3.1125 -0.0191444
3.115 -0.0158193
3.1175 -0.0136051
3.12 -0.0123997
3.1225 -0.0108639
3.125 -0.00881966
3.1275 -0.00688308
3.13 -0.00455557
3.1325 -0.00199158
3.135 -0.00139808
3.1375 0.000952278
3.14 0.00293914
3.1425 0.000608719
3.145 0.00382712
3.1475 0.00763116
3.15 0.00412211
3.1525 0.0069076
3.155 0.0109669
3.1575 0.00741877
3.16 0.00892316
3.1625 0.0120136
3.165 0.0105607
3.1675 0.011035
3.17 0.0110981
3.1725 0.0116599
3.175 0.0129189
3.1775 0.0104998
3.18 0.0100539
3.1825 0.0108844
3.185 0.00936092
3.1875 0.00917208
3.19 0.00772859
3.1925 0.00591228
3.195 0.00744605
3.1975 0.00767965
3.2 0.00608974
3.2025 0.00554327
3.205 0.00525341
3.2075 0.00455263
3.21 0.00430113
3.2125 0.00457617
3.215 0.00339002
3.2175 0.00325799
3.22 0.00375908
3.2225 0.000527866
3.225 0.00109892
3.2275 0.0035896
3.23 -0.000781033
3.2325 -0.00023288
3.235 0.00353328
3.2375 -0.000380122
3.24 -0.000132962
3.2425 0.00299184
3.245 0.000334701
3.2475 -0.000111492
3.25 0.00060174
3.2525 0.000285358
3.255 0.000841115
3.2575 -0.00106049
3.26 -0.000539932
3.2625 0.00158247
3.265 -0.000435152
3.2675 -0.00075348
3.27 -0.000121076
3.2725 -0.00056623
3.275 0.00148802
3.2775 0.00132541
3.28 -0.000817836
3.2825 -9.06321e-05
3.285 0.000307731
3.2875 -0.00054874
3.29 -0.000360546
3.2925 8.08018e-05
3.295 -0.000384411
3.2975 -5.39548e-05
3.3 0.000758482
3.3025 -0.000635609
3.305 0.000204775
3.3075 0.00179224
3.31 -0.00163958
3.3125 -0.000640309
3.315 0.00250971
3.3175 -0.00161406
3.32 -0.00111566
3.3225 0.00212478
3.325 -0.00129684
3.3275 -0.000961135
3.33 0.0014331
3.3325 0.000137155
3.335 0.000392806
3.3375 0.000170007
3.34 0.000526467
3.3425 0.00108649
3.345 -0.00164432
3.3475 -0.000407133
3.35 0.00210504
3.3525 0.000474396
3.355 0.000899168
3.3575 0.000991002
3.36 0.000267177
3.3625 0.00261686
3.365 0.00235909
3.3675 0.000861925
3.37 0.0025359
3.3725 0.00318732
3.375 0.00277518
3.3775 0.00384939
3.38 0.00468526
3.3825 0.00466556
3.385 0.0061157
3.3875 0.00731745
3.39 0.00649013
3.3925 0.00870597
3.395 0.0102244
3.3975 0.00748278
3.4 0.0103893
3.4025 0.0133847
3.405 0.0103186
3.4075 0.0129566
3.41 0.01565
3.4125 0.0126148
3.415 0.0137676
3.4175 0.0149628
3.42 0.0137127
3.4225 0.0140978
3.425 0.0133951
3.4275 0.0138418
3.43 0.0128946
3.4325 0.00954073
3.435 0.0111744
3.4375 0.0110821
3.44 0.00717996
3.4425 0.006847
3.445 0.00528731
3.4475 0.00359994
3.45 0.00424827
3.4525 0.00136802
3.455 -0.000339265
3.4575 0.00093998
3.46 -0.000774731
3.4625 -0.00246066
3.465 -0.00238052
3.4675 -0.00366063
3.47 -0.00473991
3.4725 -0.0041906
3.475 -0.00492449
3.4775 -0.00603686
3.48 -0.00467839
3.4825 -0.00608486
3.485 -0.00856673
3.4875 -0.00570297
3.49 -0.00635874
3.4925 -0.00939388
3.495 -0.00602025
3.4975 -0.00612945
3.5 -0.00877099
3.5025 -0.00601618
3.505 -0.0054756
3.5075 -0.00611352
3.51 -0.00498105
3.5125 -0.00510483
3.515 -0.00411758
3.5175 -0.00467801
3.52 -0.00459588
3.5225 -0.00123211
3.525 -0.00307108
3.5275 -0.00459408
3.53 -0.00153787
3.5325 -0.002451
3.535 -0.0027797
3.5375 -0.00167231
3.54 -0.00312919
3.5425 -0.00105217
3.545 0.000387529
3.5475 -0.0019723
3.55 -0.000949514
3.5525 0.000185216
3.555 -0.00106755
3.5575 -0.000334942
3.56 0.000289605
3.5625 -0.000744638
3.565 -0.000338066
3.5675 0.000241901
3.57 -0.00125259
3.5725 -0.000452749
3.575 0.00129782
3.5775 -0.00136772
3.58 -0.0010864
3.5825 0.00181996
3.585 -0.000820993
3.5875 -0.000702958
3.59 0.00217349
3.5925 -0.000206371
3.595 -0.00088908
3.5975 0.000250892
3.6 -0.000421827
3.6025 -2.54298e-06
3.605 -0.000396296
3.6075 0.000272888
3.61 0.000672771
3.6125 -0.00161179
3.615 0.000642036
3.6175 0.00167458
3.62 -0.00181635
3.6225 7.423e-05
3.625 0.00128683
3.6275 -0.000522764
3.63 0.000610793
3.6325 -0.000817696
3.635 -0.00124045
3.6375 0.00155952
3.64 -0.000328351
3.6425 -0.001178
3.645 0.0010679
3.6475 -2.39633e-05
3.65 -0.000380142
3.6525 0.000831555
3.655 -0.000232749
3.6575 -0.000639716
3.66 0.000228786
3.6625 -0.000780529
3.665 -0.00107138
3.6675 0.00105669
3.67 -5.71784e-05
3.6725 -0.00189402
3.675 0.000570004
3.6775 -0.000183145
3.68 -0.0023629
3.6825 0.000210345
3.685 -0.000202005
3.6875 -0.00245177
3.69 -0.00155573
3.6925 -0.00173485
3.695 -0.00212172
3.6975 -0.00264488
3.7 -0.00297933
3.7025 -0.00203355
3.705 -0.00418231
3.7075 -0.00435495
3.71 -0.00260118
3.7125 -0.00639529
3.715 -0.00670522
3.7175 -0.00423969
3.72 -0.00707569
3.7225 -0.00730562
3.725 -0.0070419
3.7275 -0.00874985
3.73 -0.00668436
3.7325 -0.0080125
3.735 -0.0106102
3.7375 -0.00793128
3.74 -0.00837398
3.7425 -0.00982971
3.745 -0.00778175
3.7475 -0.00815615
3.75 -0.00859935
3.7525 -0.00684913
3.755 -0.00677251
3.7575 -0.0064052
3.76 -0.00423622
3.7625 -0.00418559
3.765 -0.00507367
3.7675 -0.00259437
3.77 -0.00131433
3.7725 -0.00259332
3.775 -0.000163045
3.7775 0.00144118
3.78 -0.000271012
3.7825 0.00116244
3.785 0.00263201
3.7875 0.00192763
3.79 0.00207678
3.7925 0.00266231
3.795 0.00385113
3.7975 0.00328555
3.8 0.00297783
3.8025 0.00519999
3.805 0.0035268
3.8075 0.00313202
3.81 0.00631491
3.8125 0.00377555
3.815 0.00299286
3.8175 0.00578769
3.82 0.00406495
3.8225 0.00424496
3.825 0.00432555
3.8275 0.00221449
3.83 0.00487204
3.8325 0.00427312
3.835 0.000989794
3.8375 0.00316808
3.84 0.00267298
3.8425 0.000778476
3.845 0.002645
3.8475 0.00206247
3.85 0.00113084
3.8525 0.00210701
3.855 0.00102064
3.8575 0.000444404
3.86 0.00182478
3.8625 0.00137789
3.865 -0.000108251
3.8675 0.000961985
3.87 0.00153519
3.8725 -0.000451432
3.875 0.000118064
3.8775 0.00122728
3.88 -0.000595226
3.8825 -0.000532847
3.885 0.000788723
3.8875 0.000263313
3.89 -0.000483322
3.8925 -3.311e-05
3.895 0.00114384
3.8975 -3.76482e-05
3.9 -0.000623709
3.9025 0.0013438
3.905 -0.000518891
3.9075 -0.00105428
3.91 0.00165984
3.9125 -0.000831104
3.915 -0.00117509
3.9175 0.0015149
3.92 -0.000353957
3.9225 -9.37964e-05
3.925 4.6907e-05
3.9275 -0.00150337
3.93 0.00166564
3.9325 0.000903261
3.935 -0.00179911
3.9375 0.00122088
3.94 0.000380475
3.9425 -0.00145196
3.945 0.00080146
3.9475 -0.000119942
3.95 -0.000656743
3.9525 0.00068893
3.955 -0.000457669
3.9575 -0.000222826
3.96 0.000998903
3.9625 -2.10189e-05
3.965 -0.000636385
3.9675 0.000421231
3.97 0.000593373
3.9725 -0.000743841
3.975 -0.000175285
3.9775 0.000941007
3.98 -0.000482562
3.9825 -0.000399815
3.985 0.00108393
3.9875 0.000115482
3.99 -0.000662591
3.9925 0.000710982
3.995 0.00124292
3.9975 -0.00024108
4 0.000248802
4.0025 0.001706
4.005 -0.000215921
4.0075 0.000147392
4.01 0.0020966
4.0125 1.52415e-05
4.015 0.0012214
4.0175 0.00323403
4.02 0.000764884
4.0225 0.00168624
4.025 0.00252728
4.0275 0.00186298
4.03 0.00417466
4.0325 0.00236047
4.035 0.00171491
4.0375 0.00564163
4.04 0.00362912
4.0425 0.00297027
4.045 0.00606277
4.0475 0.00432859
4.05 0.00448821
4.0525 0.0060895
4.055 0.00467517
4.0575 0.00562989
4.06 0.00597252
4.0625 0.00449736
4.065 0.00534623
4.0675 0.00568326
4.07 0.0046896
4.0725 0.0042291
4.075 0.00467143
4.0775 0.00462229
4.08 0.00274238
4.0825 0.00267255
4.085 0.00323373
4.0875 0.00102143
4.09 0.000882192
4.0925 0.00216213
4.095 0.000229758
4.0975 -0.000882391
4.1 0.000428192
4.1025 -0.000535473
4.105 -0.00229736
4.1075 -0.000931924
4.11 -0.000914653
4.1125 -0.00288224
4.115 -0.00164547
4.1175 -0.00185241
4.12 -0.00353821
4.1225 -0.00146961
4.125 -0.00191836
4.1275 -0.00350287
4.13 -0.0021938
4.1325 -0.0032297
4.135 -0.00246143
4.1375 -0.00149372
4.14 -0.00468453
4.1425 -0.00259098
4.145 -0.000710752
4.1475 -0.00398522
4.15 -0.00205181
4.1525 -0.000897705
4.155 -0.00304178
4.1575 -0.00132094
4.16 -0.00145168
4.1625 -0.0021031
4.165 -0.000315087
4.1675 -0.00123917
4.17 -0.00131685
4.1725 -7.27764e-05
4.175 -0.000788219
4.1775 -0.00108077
4.18 -0.00096648
4.1825 -0.000148074
4.185 -0.000150056
4.1875 -0.00149133
4.19 7.45191e-05
4.1925 0.000294879
4.195 -0.00161609
4.1975 0.000449837
4.2 0.000950952
4.2025 -0.00133183
4.205 0.00014194
4.2075 0.000952036
4.21 -0.00103973
4.2125 -0.000248016
4.215 0.00105199
4.2175 -0.000451708
4.22 -0.000475132
4.2225 0.000553418
4.225 -0.000596186
4.2275 -0.000124237
4.23 0.000698362
4.2325 -0.000894764
4.235 -0.000114192
4.2375 0.000586432
4.24 -0.00016261
4.2425 0.00102129
4.245 -0.000607701
4.2475 -0.00114228
4.25 0.00189606
4.2525 -0.000563291
4.255 -0.00152185
4.2575 0.00166451
4.26 -0.000381155
4.2625 -0.000826314
4.265 0.000915935
4.2675 -0.000666432
4.27 0.000190986
4.2725 0.000563796
4.275 -0.000768811
4.2775 0.000584059
4.28 0.000171002
4.2825 -0.000660764
4.285 0.000225261
4.2875 0.000130114
4.29 0.000286598
4.2925 -0.000654205
4.295 -0.000581793
4.2975 0.00109017
4.3 -0.000841081
4.3025 -0.00054636
4.305 0.00166024
4.3075 -0.00104847
4.31 -0.000818249
4.3125 0.00137894
4.315 -0.00112575
4.3175 -0.000970856
4.32 0.00086023
4.3225 -0.000922893
4.325 -0.00102024
4.3275 0.000293167
4.33 -0.000623767
4.3325 -0.000982595
4.335 -0.000589549
4.3375 -0.00127299
4.34 -0.000976286
4.3425 -0.000524192
4.345 -0.00174516
4.3475 -0.00170886
4.35 -0.00162611
4.3525 -0.002375
4.355 -0.00114052
4.3575 -0.00230747
4.36 -0.00388686
4.3625 -0.00109973
4.365 -0.00229022
4.3675 -0.00461976
4.37 -0.00196561
4.3725 -0.00277196
4.375 -0.00422665
4.3775 -0.00275601
4.38 -0.00383815
4.3825 -0.00352374
4.385 -0.00263616
4.3875 -0.00380359
4.39 -0.00267851
4.3925 -0.00252115
4.395 -0.00334558
4.3975 -0.00241464
4.4 -0.00222617
4.4025 -0.00144938
4.405 -0.0018016
4.4075 -0.00214547
4.41 0.000355067
4.4125 -0.0009552
4.415 -0.00157083
4.4175 0.00174012
4.42 -0.000250397
4.4225 -0.00071698
4.425 0.00252606
4.4275 0.000351029
4.43 8.78886e-05
4.4325 0.0024263
4.435 0.000666702
4.4375 0.000873733
4.44 0.00234269
4.4425 0.00135685
4.445 0.00154428
4.4475 0.00165881
4.45 0.00124894
4.4525 0.00211088
4.455 0.00183764
4.4575 0.00106688
4.46 0.00175413
4.4625 0.00169366
4.465 0.00136692
4.4675 0.00227357
4.47 0.00127353
4.4725 0.000344062
4.475 0.00240028
4.4775 0.00133542
4.48 -0.000617285
4.4825 0.00181669
4.485 0.00147977
4.4875 -0.000398916
4.49 0.000928994
4.4925 0.000508014
4.495 0.000180315
4.4975 0.000922202
4.5 -5.75507e-05
4.5025 0.000460425
4.505 0.000614441
4.5075 -0.000339618
4.51 0.000404914
4.5125 0.000387962
4.515 0.000318535
4.5175 1.42591e-05
4.52 -0.00036281
4.5225 0.00124058
4.525 -0.000358434
4.5275 -0.00128372
4.53 0.00161824
4.5325 -0.000597469
4.535 -0.00124553
4.5375 0.00197041
4.54 -0.000739489
4.5425 -0.000948873
4.545 0.00165083
4.5475 -0.000784836
4.55 -0.000284776
4.5525 0.0010513
4.555 -0.000839078
4.5575 8.00849e-05
4.56 0.000345791
4.5625 -0.000351331
4.565 0.000623928
4.5675 -0.00053539
4.57 -0.000610397
4.5725 0.000867986
4.575 -0.000247943
4.5775 -0.00030277
4.58 0.000546667
4.5825 -0.00047989
4.585 -6.61563e-05
4.5875 0.000912412
4.59 -0.000520066
4.5925 -0.000561987
4.595 0.00118459
4.5975 -0.000155383
4.6 -0.00130586
4.6025 0.000653421
4.605 0.000472359
4.6075 -0.000582421
4.61 0.000255739
4.6125 8.01583e-05
4.615 6.45018e-06
4.6175 0.000231556
4.62 -0.000276808
4.6225 0.000211001
4.625 0.000254598
4.6275 -0.000155928
4.63 8.85299e-05
4.6325 0.000245911
4.635 0.000410987
4.6375 -0.000551153
4.64 3.26545e-05
4.6425 0.00155079
4.645 -0.000785791
4.6475 -0.000152021
4.65 0.00216731
4.6525 -0.000821318
4.655 0.00019824
4.6575 0.00226575
4.66 -0.00087972
4.6625 0.000657649
4.665 0.0019936
4.6675 -0.000286014
4.67 0.0015574
4.6725 0.0015021
4.675 0.000336042
4.6775 0.00217033
4.68 0.00129138
4.6825 0.00151144
4.685 0.00241128
4.6875 0.000559857
4.69 0.00209157
4.6925 0.00289557
4.695 0.000982173
4.6975 0.00239823
4.7 0.00250071
4.7025 0.00121717
4.705 0.00259468
4.7075 0.00223579
4.71 0.00111912
4.7125 0.00232626
4.715 0.00240698
4.7175 0.000825359
4.72 0.000928375
4.7225 0.00205347
4.725 0.00105705
4.7275 6.64032e-05
4.73 0.000986095
4.7325 0.000771624
4.735 1.88607e-05
4.7375 0.000160986
4.74 -0.00020848
4.7425 -0.000307292
4.745 -0.000243909
4.7475 -0.000859829
4.75 -0.000783709
4.7525 -0.00031646
4.755 -0.00108394
4.7575 -0.00142591
4.76 -1.35826e-05
4.7625 -0.000835073
4.765 -0.00232665
4.7675 7.17082e-06
4.77 -0.000451452
4.7725 -0.00263688
4.775 -2.45994e-05
4.7775 -0.000607615
4.78 -0.00247962
4.7825 0.00022184
4.785 -0.000862474
4.7875 -0.00200252
4.79 4.86667e-05
4.7925 -0.00132852
4.795 -0.00091425
4.7975 0.000149754
4.8 -0.00155934
4.8025 -0.000260594
4.805 -0.000455612
4.8075 -0.00131303
4.81 0.000972876
4.8125 -0.000661436
4.815 -0.00121748
4.8175 0.0011826
4.82 -0.000758214
4.8225 -0.000759313
4.825 0.000810681
4.8275 -0.000886892
4.83 -0.000171821
4.8325 0.000632412
4.835 -0.000809552
4.8375 -0.000247788
4.84 0.000534687
4.8425 -5.99861e-06
4.845 -0.000668241
4.8475 -0.000104442
4.85 0.000862806
4.8525 -0.000416229
4.855 -0.000549896
4.8575 0.000770559
4.86 -0.000131686
4.8625 -0.00015551
4.865 0.00030451
4.8675 -0.000470895
4.87 0.00033915
4.8725 0.000178258
4.875 -0.000830599
4.8775 0.000582258
4.88 0.000274506
4.8825 -0.00112669
4.885 0.000664491
4.8875 0.000771494
4.89 -0.00129278
4.8925 0.000345787
4.895 0.00117485
4.8975 -0.00116462
4.9 -2.60414e-05
4.9025 0.000876153
4.905 -0.0010445
4.9075 0.000306086
4.91 0.000739605
4.9125 -0.000873496
4.915 0.000300897
4.9175 -5.89477e-05
4.92 -0.000429
4.9225 0.000810148
4.925 -0.00055463
4.9275 -2.45351e-05
4.93 0.000647697
4.9325 -0.00100495
4.935 0.00076625
4.9375 0.000372801
4.94 -0.00152065
4.9425 0.00106548
4.945 0.00015888
4.9475 -0.00130578
4.95 0.000970404
4.9525 -0.000251134
4.955 -0.000668968
4.9575 0.00081344
4.96 -0.000609748
4.9625 -0.000414545
4.965 0.000461017
4.9675 -0.000316925
4.97 -0.000557539
4.9725 -0.000505022
4.975 0.000330719
4.9775 -0.000361208
4.98 -0.00140323
4.9825 0.00036922
4.985 -0.000258858
4.9875 -0.00136856
4.99 -5.65468e-05
4.9925 -0.0010099
4.995 -0.000824844
4.9975 -9.86896e-05
5 -0.0018858
5.0025 -0.000565415
5.005 -0.000215531
5.0075 -0.00255402
5.01 -0.000649019
5.0125 -0.000332021
5.015 -0.00267552
5.0175 -0.000736274
5.02 -0.000196777
5.0225 -0.00242458
5.025 -0.0012909
5.0275 -0.000484602
5.03 -0.00177414
5.0325 -0.00109991
5.035 -0.000686058
5.0375 -0.00150843
5.04 -0.000846217
5.0425 -0.000602012
5.045 -0.000792908
5.0475 -0.00024669
5.05 -0.00081363
5.0525 -0.000340745
5.055 0.000419527
5.0575 -0.000721966
5.06 0.000302369
5.0625 0.000632799
5.065 -0.00083009
5.0675 0.00112884
5.07 0.000877
5.0725 -0.000890375
5.075 0.00145667
5.0775 0.000889697
5.08 -0.000452191
5.0825 0.00147124
5.085 0.000548993
5.0875 0.000140131
5.09 0.00136656
5.0925 0.00023563
5.095 0.000319166
5.0975 0.00100357
5.1 0.000687431
5.1025 0.000479213
5.105 0.000227881
5.1075 0.00132684
5.11 0.000697468
5.1125 -0.000588702
5.115 0.00125945
5.1175 0.000651352
5.12 -0.000271224
5.1225 0.00109491
5.125 -0.000198534
5.1275 0.000369651
5.13 0.00106392
5.1325 -0.00119732
5.135 0.000846874
5.1375 0.00110951
5.14 -0.00162702
5.1425 0.000963433
5.145 0.000780171
5.1475 -0.00156893
5.15 0.00101681
5.1525 0.000679164
5.155 -0.00107373
5.1575 0.000478052
5.16 0.000271539
5.1625 -0.000189045
5.165 0.000309943
5.1675 -0.000197599
5.17 6.22402e-05
5.1725 5.20565e-05
5.175 -0.000285526
5.1775 0.000391594
5.18 -0.0001058
5.1825 -0.000525033
5.185 0.000568379
5.1875 8.37821e-05
5.19 -0.000591727
5.1925 0.000531261
5.195 -4.95637e-05
5.1975 -0.000676008
5.2 0.000860927
5.2025 -1.96724e-05
5.205 -0.000849528
5.2075 0.000979695
5.21 -3.83489e-06
5.2125 -0.000878369
5.215 0.000708914
5.2175 -0.000122621
5.22 -0.000438643
5.2225 0.000569556
5.225 -0.000302065
5.2275 -0.00021803
5.23 0.000425327
5.2325 -7.77383e-05
5.235 -0.000272502
5.2375 0.000111683
5.24 0.000584612
5.2425 -0.000425139
5.245 -0.000558151
5.2475 0.00092869
5.25 -0.00025733
5.2525 -0.000480826
5.255 0.000649987
5.2575 -0.000525326
5.26 0.000347136
5.2625 0.0002837
5.265 -0.00111468
5.2675 0.00131655
5.27 0.000101149
5.2725 -0.00156759
5.275 0.0016844
5.2775 -4.32623e-05
5.28 -0.00121855
5.2825 0.00170415
5.285 -0.000386433
5.2875 -0.000819009
5.29 0.00123421
5.2925 -0.000233015
5.295 8.65184e-05
5.2975 0.000444356
5.3 -0.000168555
5.3025 0.000974193
5.305 3.73372e-05
5.3075 -5.33658e-06
5.31 0.00114225
5.3125 -0.000299797
5.315 0.00050119
5.3175 0.00136267
5.32 -0.000361346
5.3225 0.000654688
5.325 0.00129606
5.3275 -5.19457e-05
5.33 0.000878666
5.3325 0.00123376
5.335 0.000138399
5.3375 0.000892778
5.34 0.00133338
5.3425 0.000206896
5.345 0.00061949
5.3475 0.00147483
5.35 0.000419298
5.3525 0.000366706
5.355 0.00120557
5.3575 0.000357679
5.36 0.000361956
5.3625 0.000999208
5.365 0.000133095
5.3675 0.000238166
5.37 0.00083139
5.3725 -0.000114784
5.375 -0.000257497
5.3775 0.000672382
5.38 -3.45291e-07
5.3825 -0.000812275
5.385 0.000200216
5.3875 0.000101435
5.39 -0.000676162
5.3925 8.10236e-06
5.395 -0.000498269
5.3975 -0.000473351
5.4 0.000269797
5.4025 -0.00137337
5.405 -0.000287708
5.4075 0.000905034
5.41 -0.00190067
5.4125 -0.000356132
5.415 0.000975038
5.4175 -0.00183979
5.42 -6.07065e-05
5.4225 0.000533624
5.425 -0.00159849
5.4275 0.000190352
5.43 -1.02627e-05
5.4325 -0.000886798
5.435 0.000106596
5.4375 -0.000848396
5.44 8.53461e-05
5.4425 0.000232781
5.445 -0.00131137
5.4475 0.000589188
5.45 -5.29078e-05
5.4525 -0.00111456
5.455 0.00111367
5.4575 -0.00045263
5.46 -0.000899404
5.4625 0.00113112
5.465 -0.000623874
5.4675 -0.000472509
5.47 0.000851642
5.4725 -0.000577935
5.475 -0.000100458
5.4775 0.000531266
5.48 -0.000435662
5.4825 -0.000204014
5.485 0.000305363
5.4875 5.67099e-05
5.49 -0.000443126
5.4925 7.7775e-05
5.495 0.000437686
5.4975 -0.000500222
5.5 0.00015215
5.5025 0.000404975
5.505 -0.000662381
5.5075 0.000422022
5.51 0.000252844
5.5125 -0.000780234
5.515 0.000711761
5.5175 0.00015818
5.52 -0.000940274
5.5225 0.00056176
5.525 0.000215747
5.5275 -0.000503544
5.53 0.000353626
5.5325 -0.000178045
5.535 -9.38781e-05
5.5375 0.000526401
5.54 -0.000674763
5.5425 -9.9364e-06
5.545 0.0010324
5.5475 -0.000962745
5.55 -0.000339794
5.5525 0.00137168
5.555 -0.00079987
5.5575 -0.000534528
5.56 0.00109602
5.5625 -0.000635503
5.565 -0.000228618
5.5675 0.000628711
5.57 -0.000576677
5.5725 0.000120305
5.575 0.00014484
5.5775 -8.77998e-05
5.58 0.000416651
5.5825 -0.000795332
5.585 0.000245509
5.5875 0.000734354
5.59 -0.00119736
5.5925 0.000553818
5.595 0.000441417
5.5975 -0.00129059
5.6 0.000978141
5.6025 -2.01128e-05
5.605 -0.00118502
5.6075 0.0011067
5.61 -0.000362469
5.6125 -0.000786071
5.615 0.000830943
5.6175 -0.000617879
5.62 -0.000366136
5.6225 0.000421458
5.625 -0.000602515
5.6275 -0.000302252
5.63 -2.39526e-05
5.6325 -0.000155799
5.635 -0.000503222
5.6375 -0.000561396
5.64 0.000186258
5.6425 -0.000697359
5.645 -0.000544095
5.6475 0.000285913
5.65 -0.00112187
5.6525 -0.000272081
5.655 8.41129e-05
5.6575 -0.0014927
5.66 0.000200436
5.6625 -0.000149952
5.665 -0.00163503
5.6675 0.000351076
5.67 -0.000383802
5.6725 -0.00107433
5.675 0.000333589
5.6775 -0.000958546
5.68 -0.000376479
5.6825 0.000489412
5.685 -0.00140281
5.6875 5.83137e-05
5.69 0.000810391
5.6925 -0.00137778
5.695 1.38881e-05
5.6975 0.00093841
5.7 -0.000822237
5.7025 -0.000137748
5.705 0.000714461
5.7075 -6.44109e-05
5.71 4.17425e-05
5.7125 0.00026358
5.715 0.000208883
5.7175 0.000258408
5.72 8.18796e-05
5.7225 0.00053634
5.725 0.000290003
5.7275 -0.000405463
5.73 0.000851852
5.7325 0.000572301
5.735 -0.000741549
5.7375 0.000911276
5.74 0.000570238
5.7425 -0.000728029
5.745 0.00107371
5.7475 0.000183498
5.75 -0.000704943
5.7525 0.00125415
5.755 -9.4726e-05
5.7575 -0.000496119
5.76 0.00117715
5.7625 -0.000278206
5.765 -0.000184035
5.7675 0.000802095
5.77 -0.000394786
5.7725 6.35348e-05
5.775 0.000510825
5.7775 -0.000197211
5.78 -9.2436e-05
5.7825 0.000118371
5.785 0.000276119
5.7875 -0.000240592
5.79 -8.9773e-05
5.7925 0.000467896
5.795 -0.000499847
5.7975 0.000177014
5.8 0.000452803
5.8025 -0.000762335
5.805 0.00062707
5.8075 7.79543e-05
5.81 -0.000925533
5.8125 0.00108817
5.815 -0.000236662
5.8175 -0.000693612
5.82 0.0010226
5.8225 -0.000693618
5.825 4.29546e-05
5.8275 0.000703144
5.83 -0.00124315
5.8325 0.000825889
5.835 0.000471096
5.8375 -0.00153821
5.84 0.00109495
5.8425 0.000349549
5.845 -0.00121847
5.8475 0.000825955
5.85 0.000198069
5.8525 -0.000481668
5.855 0.000138636
5.8575 -0.000143725
5.86 0.000423409
5.8625 -0.000223684
5.865 -0.000412218
5.8675 0.000762982
5.87 -0.000480678
5.8725 -0.000279313
5.875 0.000907262
5.8775 -0.000765541
5.88 -0.000235745
5.8825 0.00104405
5.885 -0.000653872
5.8875 -0.000313923
5.89 0.000804847
5.8925 -0.000494351
5.895 -0.000153347
5.8975 0.000663431
5.9 -0.000536162
5.9025 -6.5957e-05
5.905 0.000661125
5.9075 -0.000603767
5.91 -6.16924e-05
5.9125 0.000655381
5.915 -0.000526606
5.9175 1.27827e-05
5.92 0.00051181
5.9225 -0.000436619
5.925 0.000176055
5.9275 0.000445518
5.93 -0.000414206
5.9325 2.97053e-05
5.935 0.000455242
5.9375 -9.87984e-05
5.94 -8.0641e-05
5.9425 0.000381456
5.945 6.73281e-06
5.9475 -5.56718e-05
5.95 0.000538704
5.9525 -8.5441e-05
5.955 4.50776e-05
5.9575 0.000719799
5.96 -0.000384269
5.9625 0.000290503
5.965 0.000909983
5.9675 -0.000573777
5.97 0.000567859
5.9725 0.000667073
5.975 -0.000527361
5.9775 0.00103266
5.98 4.07198e-05
5.9825 -0.000325208
5.985 0.00161969
5.9875 -0.000568693
5.99 -0.000249218
5.9925 0.00175189
5.995 -0.000716714
5.9975 -2.93058e-05
6 0.00125235
6.0025 -0.000475135
6.005 0.000207652
6.0075 0.000225073
6.01 7.14728e-05
6.0125 0.000560711
6.015 -0.000821567
6.0175 0.000475268
6.02 0.000700803
6.0225 -0.00128824
6.025 0.000721032
6.0275 0.000242575
6.03 -0.00134476
6.0325 0.00106024
6.035 -0.000171436
6.0375 -0.00124862
6.04 0.000957707
6.0425 -0.00033985
6.045 -0.000793576
6.0475 0.000573421
6.05 -0.000503096
6.0525 -0.000372788
6.055 0.000341954
6.0575 -0.000451231
6.06 -0.000295645
6.0625 0.000204127
6.065 -0.000225723
6.0675 -0.000461799
6.07 0.000144528
6.0725 3.16765e-05
6.075 -0.000559345
6.0775 0.000188849
6.08 -4.89081e-06
6.0825 -0.000595111
6.085 0.000478112
6.0875 -9.14618e-05
6.09 -0.000695369
6.0925 0.0005279
6.095 -0.000128463
6.0975 -0.000434116
6.1 0.00049802
6.1025 -0.000327019
6.105 -0.000169261
6.1075 0.000481762
6.11 -0.000466183
6.1125 5.27143e-05
6.115 0.000473257
6.1175 -0.000589358
6.12 0.000110153
6.1225 0.000408513
6.125 -0.000579958
6.1275 0.000243471
6.13 0.000242012
6.1325 -0.000550076
6.135 0.00052635
6.1375 -9.08859e-05
6.14 -0.000686506
6.1425 0.000953997
6.145 -0.000198278
6.1475 -0.000841289
6.15 0.00101439
6.1525 -0.00015033
6.155 -0.000660266
6.1575 0.000626343
6.16 -9.02694e-05
6.1625 -0.000120832
6.165 -5.8364e-05
6.1675 -2.87071e-07
6.17 0.000588326
6.1725 -0.000846256
6.175 9.83377e-06
6.1775 0.00109595
6.18 -0.00123797
6.1825 0.000198517
6.185 0.000965956
6.1875 -0.00135547
6.19 0.000739707
6.1925 0.000557132
6.195 -0.00140523
6.1975 0.00101236
6.2 0.000185135
6.2025 -0.00100065
6.205 0.000896938
6.2075 -0.000275528
6.21 -0.000398703
6.2125 0.000709043
6.215 -0.000499156
6.2175 -5.48138e-05
6.22 0.000410334
6.2225 -0.000333364
6.225 -2.29287e-05
6.2275 0.000114454
6.23 8.51493e-05
6.2325 -0.000197417
6.235 -8.51414e-05
6.2375 0.000339557
6.24 -0.000390922
6.2425 0.000135196
6.245 0.000279395
6.2475 -0.000765293
6.25 0.000463422
6.2525 0.000168752
6.255 -0.000768526
6.2575 0.000630457
6.26 -0.000275612
6.2625 -0.000466932
6.265 0.000699718
6.2675 -0.000736952
6.27 -2.0694e-05
6.2725 0.000585264
6.275 -0.00103127
6.2775 0.00030222
6.28 0.000239065
6.2825 -0.00100304
6.285 0.000521726
6.2875 -0.000172521
6.29 -0.000733984
6.2925 0.000590769
6.295 -0.000582246
6.2975 -0.000470686
6.3 0.000620433
6.3025 -0.000744229
6.305 -0.000440146
6.3075 0.000507069
6.31 -0.000456413
6.3125 -0.000455856
6.315 7.41233e-05
6.3175 -2.12068e-05
6.32 -0.000263604
6.3225 -0.000452417
6.325 0.000301363
6.3275 7.79555e-05
6.33 -0.000902007
6.3325 0.000494994
6.335 0.000497328
6.3375 -0.00118356
6.34 0.000486606
6.3425 0.000722064
6.345 -0.00111316
6.3475 0.000566657
6.35 0.000489554
6.3525 -0.000970584
6.355 0.000930745
6.3575 0.000191963
6.36 -0.000901135
6.3625 0.00107544
6.365 -1.19968e-05
6.3675 -0.000542538
6.37 0.000917822
6.3725 -0.000339852
6.375 -7.07243e-05
6.3775 0.000745948
6.38 -0.000515347
6.3825 0.000178223
6.385 0.000499604
6.3875 -0.000382384
6.39 0.000193928
6.3925 0.000277048
6.395 -2.24696e-05
6.3975 -5.79812e-06
6.4 4.25097e-05
6.4025 0.000207031
6.405 -0.000125152
6.4075 0.00021556
6.41 0.000129097
6.4125 -0.00040682
6.415 0.000505774
6.4175 -3.53248e-05
6.42 -0.000416196
6.4225 0.000639843
6.425 -0.000381911
6.4275 -4.9709e-05
6.43 0.000571726
6.4325 -0.000797956
6.435 0.000464123
6.4375 0.000317837
6.44 -0.000960141
6.4425 0.000869664
6.445 -0.000117598
6.4475 -0.00071332
6.45 0.00103841
6.4525 -0.000604366
6.455 -0.00021047
6.4575 0.000890577
6.46 -0.000939115
6.4625 0.000313523
6.465 0.000560334
6.4675 -0.000954418
6.47 0.000510789
6.4725 0.000212894
6.475 -0.000464013
6.4775 0.000257415
6.48 -0.000220187
6.4825 0.000381283
6.485 -0.000134065
6.4875 -0.000650059
6.49 0.00109164
6.4925 -0.000445498
6.495 -0.000832227
6.4975 0.0014364
6.5 -0.000625996
6.5025 -0.000795254
6.505 0.00137853
6.5075 -0.000589776
6.51 -0.00056013
6.5125 0.00095906
6.515 -0.000547552
6.5175 -0.000140635
6.52 0.000638264
6.5225 -0.000639189
6.525 5.89799e-05
6.5275 0.000570746
6.53 -0.000580314
6.5325 2.1082e-05
6.535 0.000426234
6.5375 -0.000398411
6.54 0.000157757
6.5425 0.000233514
6.545 -0.000460547
6.5475 0.00027336
6.55 0.000182346
6.5525 -0.000471668
6.555 0.000340363
6.5575 0.000178049
6.56 -0.00044106
6.5625 0.000233155
6.565 0.000164005
6.5675 -0.000218271
6.57 0.000161918
6.5725 2.41957e-05
6.575 -0.000134
6.5775 0.000237855
6.58 5.62987e-05
6.5825 -0.000198793
6.585 0.000239216
6.5875 0.000109955
6.59 -0.000184912
6.5925 0.000299899
6.595 -3.40755e-05
6.5975 -0.000107813
6.6 0.000520295
6.6025 -0.00030301
6.605 -6.39877e-06
6.6075 0.000712861
6.61 -0.0005311
6.6125 0.000204055
6.615 0.000649359
6.6175 -0.000662967
6.62 0.000545258
6.6225 0.000347238
6.625 -0.00064101
6.6275 0.000840461
6.63 -5.72817e-05
6.6325 -0.000418715
6.635 0.000907027
6.6375 -0.000344226
6.64 -9.66399e-05
6.6425 0.000575653
6.645 -0.000258011
6.6475 0.000264447
6.65 -0.00022844
6.6525 0.000132229
6.655 0.000650795
6.6575 -0.00113231
6.66 0.000571964
6.6625 0.000836158
6.665 -0.00166179
6.6675 0.000927539
6.67 0.000606561
6.6725 -0.00171104
6.675 0.00112169
6.6775 0.000182123
6.68 -0.00125636
6.6825 0.00102527
6.685 -0.000355487
6.6875 -0.000557926
6.69 0.000789196
6.6925 -0.000774616
6.695 -3.66333e-05
6.6975 0.000587008
6.7 -0.00072684
6.7025 7.93907e-05
6.705 0.000203514
6.7075 -0.000356688
6.71 0.000157346
6.7125 -6.50668e-05
6.715 -0.000190009
6.7175 5.33342e-05
6.72 2.67752e-05
6.7225 -0.000134272
6.725 -0.000132818
6.7275 0.000264126
6.73 -0.000214109
6.7325 -0.000252293
6.735 0.000460385
6.7375 -0.000279492
6.74 -0.000162762
6.7425 0.000362338
6.745 -0.000389326
6.7475 0.000191515
6.75 0.000172298
6.7525 -0.000516303
6.755 0.000450228
6.7575 -1.2375e-05
6.76 -0.000401283
6.7625 0.000511327
6.765 -0.000294325
6.7675 -0.000120512
6.77 0.000514615
6.7725 -0.00055479
6.775 9.34037e-05
6.7775 0.000480063
6.78 -0.000611296
6.7825 0.000188936
6.785 0.00032708
6.7875 -0.000510819
6.79 0.000262842
6.7925 0.000131682
6.795 -0.000382607
6.7975 0.000331601
6.8 8.29251e-06
6.8025 -0.000281568
6.805 0.000284214
6.8075 -5.46157e-05
6.81 -0.000161924
6.8125 0.000127839
6.815 2.18434e-05
6.8175 2.75455e-05
6.82 -0.000247132
6.8225 0.000201303
6.825 0.000335457
6.8275 -0.000821237
6.83 0.000392452
6.8325 0.00074978
6.835 -0.00130892
6.8375 0.000494359
6.84 0.000914475
6.8425 -0.00148921
6.845 0.00067593
6.8475 0.00071536
6.85 -0.00137549
6.8525 0.000857009
6.855 0.000224445
6.8575 -0.000971223
6.86 0.000937018
6.8625 -0.000365099
6.865 -0.000365601
6.8675 0.000882804
6.87 -0.000860773
6.8725 0.000108288
6.875 0.000717438
6.8775 -0.000853446
6.88 0.000315092
6.8825 0.000220055
6.885 -0.000507734
6.8875 0.000477437
6.89 -0.000198181
6.8925 -0.000238141
6.895 0.000354964
6.8975 -0.000240151
6.9 -2.20464e-05
6.9025 2.27077e-05
6.905 -3.30743e-05
6.9075 3.65724e-05
6.91 -0.00027715
6.9125 0.000238103
6.915 -5.43495e-05
6.9175 -0.00033167
6.92 0.000292034
6.9225 -0.000281107
6.925 4.40109e-06
6.9275 0.000171189
6.93 -0.000559518
6.9325 0.000392404
6.935 -7.54833e-05
6.9375 -0.000568779
6.94 0.000578997
6.9425 -0.000465014
6.945 -0.000202557
6.9475 0.000595247
6.95 -0.000854953
6.9525 0.000227335
6.955 0.00042376
6.9575 -0.000949236
6.96 0.000511581
6.9625 8.41722e-05
6.965 -0.000665678
6.9675 0.000578827
6.97 -0.000302485
6.9725 -0.000224894
6.975 0.0004486
6.9775 -0.000429426
6.98 0.000156309
6.9825 9.51816e-05
6.985 -0.0002294
6.9875 0.000338682
6.99 -0.000351667
6.9925 0.000247607
6.995 0.000301273
6.9975 -0.000764664
7 0.000806427
7.0025 0.000107266
7.005 -0.00106676
7.0075 0.00126945
7.01 -2.35404e-05
7.0125 -0.0011999
7.015 0.00135411
7.0175 -7.99095e-05
7.02 -0.00101228
7.0225 0.00115481
7.025 -0.000182855
7.0275 -0.000630969
7.03 0.000862687
7.0325 -0.000334786
7.035 -0.000207988
7.0375 0.000598732
7.04 -0.000485656
7.0425 0.000152998
7.045 0.000349803
7.0475 -0.000608055
7.05 0.00047997
7.0525 0.000215582
7.055 -0.000693887
7.0575 0.0005261
7.06 0.000111535
7.0625 -0.00047149
7.065 0.000434155
7.0675 -0.000172129
7.07 -0.00016008
7.0725 0.000434993
7.075 -0.000352034
7.0775 -2.6664e-05
7.08 0.000311066
7.0825 -0.000278619
7.085 5.5167e-05
7.0875 9.71305e-05
7.09 -9.16085e-05
7.0925 6.11463e-05
7.095 -9.4911e-05
7.0975 6.87591e-05
7.1 5.57395e-05
7.1025 -0.000111548
7.105 3.73257e-05
7.1075 1.48801e-05
7.11 9.29897e-05
7.1125 -0.000142675
7.115 -5.9413e-05
7.1175 0.000308633
7.12 -0.000297528
7.1225 3.10898e-05
7.125 0.000279269
7.1275 -0.000466867
7.13 0.00034816
7.1325 9.11073e-05
7.135 -0.000578334
7.1375 0.000649817
7.14 -0.00014704
7.1425 -0.000491906
7.145 0.000690766
7.1475 -0.000346459
7.15 -0.000145362
7.1525 0.000457843
7.155 -0.000456938
7.1575 0.000200114
7.16 0.000100331
7.1625 -0.000277053
7.165 0.000299127
7.1675 -0.000252308
7.17 0.000194459
7.1725 1.6315e-05
7.175 -0.000459296
7.1775 0.000810061
7.18 -0.000540513
7.1825 -0.000404589
7.185 0.0012959
7.1875 -0.00117112
7.19 -9.58004e-05
7.1925 0.00149229
7.195 -0.00158061
7.1975 0.000238654
7.2 0.00123514
7.2025 -0.00149599
7.205 0.000566499
7.2075 0.000591709
7.21 -0.00104283
7.2125 0.000772345
7.215 -0.000134332
7.2175 -0.00044098
7.22 0.000797679
7.2225 -0.000611018
7.225 6.89271e-05
7.2275 0.000586808
7.23 -0.00074287
7.2325 0.000397714
7.235 0.000326137
7.2375 -0.000627824
7.24 0.000405347
7.2425 0.000166961
7.245 -0.000278352
7.2475 0.000205566
7.25 -2.00013e-05
7.2525 2.6971e-05
7.255 0.000159758
7.2575 -6.46244e-05
7.26 -1.6112e-06
7.2625 0.000137495
7.265 8.75625e-05
7.2675 -0.000109158
7.27 9.66439e-05
7.2725 0.000175602
7.275 -0.000141881
7.2775 0.000111589
7.28 8.68603e-05
7.2825 -8.48509e-05
7.285 0.000183028
7.2875 -0.00012588
7.29 2.54955e-05
7.2925 0.000274969
7.295 -0.000340198
7.2975 9.17198e-05
7.3 0.00032368
7.3025 -0.000389223
7.305 0.000105308
7.3075 0.000193565
7.31 -0.000341115
7.3125 0.000194231
7.315 4.72819e-05
7.3175 -0.000330696
7.32 0.000264283
7.3225 3.90112e-06
7.325 -0.000351439
7.3275 0.000225298
7.33 6.03463e-05
7.3325 -0.000293927
7.335 9.39355e-05
7.3375 8.0009e-05
7.34 -0.000173591
7.3425 -6.69307e-06
7.345 8.93888e-05
7.3475 -0.000119037
7.35 -0.000100984
7.3525 0.000220422
7.355 -0.000154527
7.3575 -0.000245028
7.36 0.000506122
7.3625 -0.000304377
7.365 -0.000442695
7.3675 0.000901202
7.37 -0.000509481
7.3725 -0.00056344
7.375 0.0012357
7.3775 -0.000801049
7.38 -0.000516703
7.3825 0.00141233
7.385 -0.00101381
7.3875 -0.000289061
7.39 0.00120322
7.3925 -0.00103848
7.395 0.00015741
7.3975 0.000623727
7.4 -0.000874187
7.4025 0.000658448
7.405 -0.000115884
7.4075 -0.000554583
7.41 0.000964744
7.4125 -0.000716125
7.415 -0.000125017
7.4175 0.000900871
7.42 -0.00097855
7.4225 0.000332922
7.425 0.000522085
7.4275 -0.000920783
7.43 0.000581898
7.4325 8.46104e-05
7.435 -0.000496608
7.4375 0.000518307
7.44 -0.0003522
7.4425 3.67215e-05
7.445 0.000369316
7.4475 -0.000523314
7.45 0.000266692
7.4525 0.000112431
7.455 -0.000278005
7.4575 0.00025241
7.46 -0.000186017
7.4625 7.85254e-05
7.465 0.000124915
7.4675 -0.000287971
7.47 0.000235307
7.4725 -5.67586e-05
7.475 -8.62794e-05
7.4775 0.00014402
7.48 -0.000189254
7.4825 0.000241431
7.485 -0.000155826
7.4875 -0.000180431
7.49 0.000516108
7.4925 -0.000441074
7.495 -3.93272e-05
7.4975 0.000492803
7.5 -0.000560376
7.5025 0.000242781
7.505 0.000209399
7.5075 -0.000535585
7.51 0.00049034
7.5125 -7.7911e-05
7.515 -0.000389029
7.5175 0.000483291
7.52 -0.000180145
7.5225 -0.00016216
7.525 0.000184609
7.5275 -6.5269e-05
7.53 5.78407e-05
7.5325 -0.000186097
7.535 0.000173875
7.5375 4.36717e-05
7.54 -0.000393454
7.5425 0.00052777
7.545 -0.000261787
7.5475 -0.000400101
7.55 0.000870267
7.5525 -0.000723702
7.555 -0.000220823
7.5575 0.00110746
7.56 -0.0011147
7.5625 1.1832e-05
7.565 0.00108771
7.5675 -0.00127715
7.57 0.000264473
7.5725 0.000851169
7.575 -0.00119714
7.5775 0.000417914
7.58 0.000484461
7.5825 -0.000867361
7.585 0.000451657
7.5875 1.89715e-05
7.59 -0.000399725
7.5925 0.000466044
7.595 -0.000433562
7.5975 1.74709e-05
7.6 0.00046281
7.6025 -0.000739966
7.605 0.00030708
7.6075 0.000402098
7.61 -0.000822023
7.6125 0.000461416
7.615 0.000220432
7.6175 -0.000677669
7.62 0.000557307
7.6225 -4.72117e-05
7.625 -0.000444323
7.6275 0.000535881
7.63 -0.000237227
7.6325 -8.40982e-05
7.635 0.000338983
7.6375 -0.000423021
7.64 0.000293707
7.6425 0.000169883
7.645 -0.000478622
7.6475 0.000425142
7.65 7.02303e-06
7.6525 -0.000266479
7.655 0.000333948
7.6575 -0.000207678
7.66 6.18945e-05
7.6625 0.000217243
7.665 -0.000323059
7.6675 0.000213936
7.67 9.16906e-05
7.6725 -0.000202786
7.675 0.000148097
7.6775 -1.40329e-05
7.68 4.51795e-05
7.6825 -8.46557e-05
7.685 -9.26133e-06
7.6875 0.000280019
7.69 -0.00035187
7.6925 9.06734e-05
7.695 0.000323864
7.6975 -0.000474562
7.7 0.000289223
7.7025 0.000110678
7.705 -0.000451146
7.7075 0.000512984
7.71 -0.000165716
7.7125 -0.000343456
7.715 0.000580673
7.7175 -0.000298864
7.72 -0.000220755
7.7225 0.0004241
7.725 -0.000174815
7.7275 -0.000132379
7.73 0.000144291
7.7325 6.08722e-05
7.735 -0.000197917
7.7375 4.81387e-05
7.74 0.000309945
7.7425 -0.000510754
7.745 0.000231725
7.7475 0.000446896
7.75 -0.000942888
7.7525 0.000646429
7.755 0.000384638
7.7575 -0.00126053
7.76 0.00106922
7.7625 0.000109046
7.765 -0.00121464
7.7675 0.00128012
7.77 -0.000322262
7.7725 -0.000782215
7.775 0.00116462
7.7775 -0.000684614
7.78 -0.000126833
7.7825 0.000675391
7.785 -0.000793856
7.7875 0.000558861
7.79 -2.24824e-05
7.7925 -0.000653896
7.795 0.00101529
7.7975 -0.000617619
7.8 -0.000331577
7.8025 0.00105006
7.805 -0.000910103
7.8075 5.88227e-05
7.81 0.00072511
7.8125 -0.000830625
7.815 0.000363835
7.8175 0.000198294
7.82 -0.000528955
7.8225 0.000510284
7.825 -0.000200852
7.8275 -0.000167106
7.83 0.000391522
7.8325 -0.000390026
7.835 0.000173832
7.8375 0.00019213
7.84 -0.000423515
7.8425 0.000292904
7.845 7.6508e-05
7.8475 -0.000268916
7.85 0.000176729
7.8525 -1.13301e-05
7.855 -2.69919e-05
7.8575 5.92318e-05
7.86 -9.12653e-05
7.8625 5.4047e-05
7.865 6.51109e-05
7.8675 -3.72112e-05
7.87 -6.48118e-05
7.8725 7.96361e-05
7.875 0.000113987
7.8775 -0.000202349
7.88 7.11796e-05
7.8825 0.000227512
7.885 -0.000274216
7.8875 6.20369e-05
7.89 0.000274232
7.8925 -0.000279768
7.895 3.5139e-05
7.8975 0.000254437
7.9 -0.000233339
7.9025 6.74544e-05
7.905 0.000207512
7.9075 -0.000272153
7.91 0.000139029
7.9125 0.000231134
7.915 -0.000386039
7.9175 0.000196573
7.92 0.000314431
7.9225 -0.000518708
7.925 0.000201063
7.9275 0.000402721
7.93 -0.000571124
7.9325 0.000192478
7.935 0.000392055
7.9375 -0.000596643
7.94 0.000263992
7.9425 0.000352013
7.945 -0.000687643
7.9475 0.00037521
7.95 0.000353576
7.9525 -0.000822379
7.955 0.000480925
7.9575 0.000367311
7.96 -0.0009324
7.9625 0.000559763
7.965 0.000324773
7.9675 -0.000896985
7.97 0.000600078
7.9725 0.000121002
7.975 -0.000665095
7.9775 0.000601071
7.98 -0.000202745
7.9825 -0.000253655
7.985 0.000482371
7.9875 -0.000516574
7.99 0.000281946
7.9925 0.000172077
7.995 -0.000718392
7.9975 0.000815646
8 -0.000220333
8.0025 -0.000703178
8.005 0.0010837
8.0075 -0.00058548
8.01 -0.000390284
8.0125 0.000988134
8.015 -0.000800418
8.0175 8.8143e-05
8.02 0.000536778
8.0225 -0.000762675
8.025 0.000561216
8.0275 -6.32161e-05
8.03 -0.000505157
8.0325 0.000765608
8.035 -0.000532194
8.0375 -4.80134e-05
8.04 0.00060616
8.0425 -0.000771373
8.045 0.000401848
8.0475 0.000257277
8.05 -0.000689051
8.0525 0.000577535
8.055 -0.000110527
8.0575 -0.000287471
8.06 0.000447247
8.0625 -0.000401415
8.065 0.000157725
8.0675 0.000203857
8.07 -0.000424724
8.0725 0.00031816
8.075 -5.28041e-05
8.0775 -0.000102826
8.08 0.000157602
8.0825 -0.000268185
8.085 0.000342902
8.0875 -0.000140351
8.09 -0.000299445
8.0925 0.000606686
8.095 -0.000451561
8.0975 -0.000103355
8.1 0.000610541
8.1025 -0.000632694
8.105 0.000176426
8.1075 0.00037062
8.11 -0.000625276
8.1125 0.00043076
8.115 8.40821e-05
8.1175 -0.000525423
8.12 0.000511193
8.1225 -4.77033e-05
8.125 -0.000421126
8.1275 0.000409846
8.13 4.17785e-05
8.1325 -0.000397023
8.135 0.000232492
8.1375 0.000250084
8.14 -0.000469521
8.1425 0.000162307
8.145 0.000374871
8.1475 -0.00063855
8.15 0.000340788
8.1525 0.000344537
8.155 -0.000853428
8.1575 0.000649834
8.16 0.000178372
8.1625 -0.000932757
8.165 0.000892423
8.1675 -7.82223e-05
8.17 -0.000769982
8.1725 0.000899123
8.175 -0.000328233
8.1775 -0.000361429
8.18 0.0006321
8.1825 -0.000484592
8.185 0.000151929
8.1875 0.000180036
8.19 -0.000489016
8.1925 0.000573116
8.195 -0.000295625
8.1975 -0.000308307
8.2 0.000773661
8.2025 -0.000691859
8.205 -3.35781e-05
8.2075 0.000769329
8.21 -0.000871239
8.2125 0.000188391
8.215 0.000552595
8.2175 -0.000772725
8.22 0.000350611
8.2225 0.00019667
8.225 -0.000510483
8.2275 0.000417462
8.23 -0.000168686
8.2325 -0.00016346
8.235 0.000404949
8.2375 -0.000462069
8.24 0.000133964
8.2425 0.000318584
8.245 -0.000569625
8.2475 0.000342958
8.25 0.0001241
8.2525 -0.000503712
8.255 0.000486529
8.2575 -0.000107709
8.26 -0.000356016
8.2625 0.000503952
8.265 -0.000249895
8.2675 -0.00013049
8.27 0.000337764
8.2725 -0.000308825
8.275 0.000146073
8.2775 0.000116358
8.28 -0.000306604
8.2825 0.000283278
8.285 -1.76755e-05
8.2875 -0.000165715
8.29 0.000145494
8.2925 -5.17415e-05
8.295 0.00013662
8.2975 -0.000170277
8.3 -3.31824e-05
8.3025 0.000390099
8.305 -0.000463893
8.3075 0.000130447
8.31 0.000411217
8.3125 -0.000665517
8.315 0.000413583
8.3175 0.000200346
8.32 -0.00068441
8.3225 0.000697248
8.325 -0.000174665
8.3275 -0.000524149
8.33 0.000884301
8.3325 -0.000532314
8.335 -0.000287772
8.3375 0.000885816
8.34 -0.000701299
8.3425 -7.28697e-05
8.345 0.000712973
8.3475 -0.000648239
8.35 3.63587e-05
8.3525 0.000476667
8.355 -0.000456706
8.3575 4.88084e-05
8.36 0.000322707
8.3625 -0.000330797
8.365 -1.68488e-05
8.3675 0.00037072
8.37 -0.00033638
8.3725 -0.000111593
8.375 0.000520134
8.3775 -0.000426001
8.38 -0.000121199
8.3825 0.000573365
8.385 -0.000497251
8.3875 1.94907e-05
8.39 0.000386949
8.3925 -0.000438768
8.395 0.000250793
8.3975 -3.3959e-05
8.4 -0.000180324
8.4025 0.000425058
8.405 -0.000532306
8.4075 0.000239555
8.41 0.000394137
8.4125 -0.000865588
8.415 0.000690053
8.4175 9.06582e-05
8.42 -0.000888098
8.4225 0.00101129
8.425 -0.000318379
8.4275 -0.000592218
8.43 0.000973217
8.4325 -0.000633039
8.435 -3.95318e-05
8.4375 0.000570469
8.44 -0.000730893
8.4425 0.000512796
8.445 -2.00984e-05
8.4475 -0.000534244
8.45 0.00082443
8.4525 -0.000567896
8.455 -0.000140907
8.4575 0.000781524
8.46 -0.000834598
8.4625 0.000278891
8.465 0.000420115
8.4675 -0.000756443
8.47 0.000566924
8.4725 -4.02842e-05
8.475 -0.000454291
8.4775 0.000591519
8.48 -0.000325598
8.4825 -7.01463e-05
8.485 0.000331721
8.4875 -0.000370098
8.49 0.00023947
8.4925 2.74966e-06
8.495 -0.000220951
8.4975 0.000286772
8.5 -0.000183752
8.5025 6.51509e-05
8.505 2.78605e-05
8.5075 -0.000183627
8.51 0.000403366
8.5125 -0.000355658
8.515 -9.33761e-05
8.5175 0.00059965
8.52 -0.00060597
8.5225 8.91946e-05
8.525 0.000523002
8.5275 -0.000693977
8.53 0.000345004
8.5325 0.000279414
8.535 -0.000673151
8.5375 0.000566523
8.54 1.13603e-05
8.5425 -0.000579533
8.545 0.000708369
8.5475 -0.000205075
8.55 -0.000491839
8.5525 0.000773549
8.555 -0.000307754
8.5575 -0.00042522
8.56 0.000750944
8.5625 -0.000341166
8.565 -0.000347809
8.5675 0.000678349
8.57 -0.000352684
8.5725 -0.000234424
8.575 0.000565849
8.5775 -0.000389782
8.58 -8.10499e-05
8.5825 0.000459522
8.585 -0.000437894
8.5875 3.82235e-05
8.59 0.00036631
8.5925 -0.000404641
8.595 7.85167e-05
8.5975 0.000226449
8.6 -0.000253692
8.6025 7.48067e-05
8.605 2.48561e-05
8.6075 -2.97426e-05
8.61 6.92737e-05
8.6125 -0.000205235
8.615 0.000189616
8.6175 7.33118e-05
8.62 -0.000401577
8.6225 0.000369769
8.625 7.29147e-05
8.6275 -0.000533035
8.63 0.000482933
8.6325 4.09333e-05
8.635 -0.000546746
8.6375 0.000542214
8.64 -6.89282e-05
8.6425 -0.000452637
8.645 0.000556777
8.6475 -0.000201385
8.65 -0.000257358
8.6525 0.00043533
8.655 -0.000318463
8.6575 7.24601e-05
8.66 0.000182043
8.6625 -0.000397257
8.665 0.000428542
8.6675 -0.000145487
8.67 -0.000349752
8.6725 0.000668602
8.675 -0.000476647
8.6775 -0.000142281
8.68 0.000688822
8.6825 -0.000697512
8.685 0.000169261
8.6875 0.000453007
8.69 -0.000710166
8.6925 0.000477768
8.695 4.90254e-05
8.6975 -0.000524486
8.7 0.000631401
8.7025 -0.000301024
8.705 -0.000193903
8.7075 0.00049898
8.71 -0.000460023
8.7125 0.000167407
8.715 0.000175016
8.7175 -0.000376615
8.72 0.00034063
8.7225 -0.000136335
8.725 -6.44581e-05
8.7275 0.000171453
8.73 -0.00026744
8.7325 0.000376671
8.735 -0.000275962
8.7375 -0.000189062
8.74 0.000705353
8.7425 -0.000721019
8.745 0.000103297
8.7475 0.000659521
8.75 -0.000951879
8.7525 0.000567649
8.755 0.000231559
8.7575 -0.000923401
8.76 0.000999737
8.7625 -0.000332654
8.765 -0.000635801
8.7675 0.00116527
8.77 -0.000803783
8.7725 -0.000198691
8.775 0.00102529
8.7775 -0.000993436
8.78 0.000183856
8.7825 0.000658568
8.785 -0.000856795
8.7875 0.000380377
8.79 0.000248873
8.7925 -0.000525201
8.795 0.000356704
8.7975 -1.90569e-05
8.8 -0.000191237
8.8025 0.000190531
8.805 -7.71957e-05
8.8075 -2.10275e-05
8.81 1.40988e-05
8.8125 4.44563e-05
8.815 -2.80707e-05
8.8175 -0.000103955
8.82 0.000183818
8.8225 -7.69231e-05
8.825 -0.000126737
8.8275 0.000173637
8.83 -3.19178e-05
8.8325 -7.99022e-05
8.835 -2.23631e-05
8.8375 0.000153145
8.84 -4.47e-05
8.8425 -0.000282866
8.845 0.00041694
8.8475 -0.00011398
8.85 -0.000429422
8.8525 0.000651594
8.855 -0.000291222
8.8575 -0.000371199
8.86 0.00070785
8.8625 -0.000475347
8.865 -9.80266e-05
8.8675 0.000521783
8.87 -0.000561865
8.8725 0.000239615
8.875 0.000158006
8.8775 -0.000424125
8.88 0.000458162
8.8825 -0.000296938
8.885 -7.52211e-05
8.8875 0.000495758
8.89 -0.0006637
8.8925 0.000318869
8.895 0.00033589
8.8975 -0.000777713
8.9 0.000602545
8.9025 3.87675e-05
8.905 -0.00061617
8.9075 0.000689579
8.91 -0.000259349
8.9125 -0.000290364
8.915 0.000565016
8.9175 -0.000429975
8.92 5.69002e-05
8.9225 0.000315488
8.925 -0.000444409
8.9275 0.000263074
8.93 8.65298e-05
8.9325 -0.000296664
8.935 0.000256525
8.9375 -6.00068e-05
8.94 -8.04072e-05
8.9425 0.00011141
8.945 -6.81309e-05
8.9475 5.83654e-05
8.95 -8.3224e-05
8.9525 9.0322e-05
8.955 4.04178e-05
8.9575 -0.000272924
8.96 0.000372288
8.9625 -9.06325e-05
8.965 -0.000407143
8.9675 0.000628614
8.97 -0.000261923
8.9725 -0.000386003
8.975 0.000721485
8.9775 -0.00046787
8.98 -0.000133124
8.9825 0.000652531
8.985 -0.000731172
8.9875 0.000254006
8.99 0.000503254
8.9925 -0.00093572
8.995 0.000609966
8.9975 0.000268127
9 -0.000958248
9.0025 0.000852301
9.005 -3.58603e-05
9.0075 -0.000784052
9.01 0.000917396
9.0125 -0.000316596
9.015 -0.000446353
9.0175 0.000767044
9.02 -0.000501313
9.0225 -4.59953e-05
9.025 0.0004582
9.0275 -0.000518006
9.03 0.000271014
9.0325 8.58396e-05
9.035 -0.000350205
9.0375 0.000397503
9.04 -0.000223353
9.0425 -5.50139e-05
9.045 0.000288903
9.0475 -0.000383005
9.05 0.000283002
9.0525 2.74362e-05
9.055 -0.000403799
9.0575 0.000534521
9.06 -0.000217866
9.0625 -0.000332716
9.065 0.000602367
9.0675 -0.000314014
9.07 -0.000235372
9.0725 0.000484642
9.075 -0.000237892
9.0775 -0.000162312
9.08 0.000286848
9.0825 -8.12253e-05
9.085 -0.000152865
9.0875 0.000142916
9.09 5.92722e-05
9.0925 -0.000179866
9.095 8.37497e-05
9.0975 8.82423e-05
9.1 -0.000147607
9.1025 8.85106e-05
9.105 -1.415e-05
9.1075 -2.37336e-05
9.11 5.95775e-05
9.1125 -0.000134558
9.115 0.000199627
9.1175 -0.000110144
9.12 -0.000180641
9.1225 0.000455618
9.125 -0.000380032
9.1275 -9.26231e-05
9.13 0.000582998
9.1325 -0.000619915
9.135 0.000140949
9.1375 0.000460425
9.14 -0.000706232
9.1425 0.000442531
9.145 0.000123658
9.1475 -0.000581997
9.15 0.000638122
9.1525 -0.000272421
9.155 -0.000258085
9.1575 0.000620306
9.16 -0.000552994
9.1625 0.000101431
9.165 0.000399869
9.1675 -0.000557624
9.17 0.000316058
9.1725 7.94065e-05
9.175 -0.000303507
9.1775 0.000288816
9.18 -0.000142019
9.1825 2.90798e-05
9.185 2.80799e-05
9.1875 -8.43923e-05
9.19 0.000231117
9.1925 -0.00035727
9.195 0.000250981
9.1975 0.000188237
9.2 -0.000648788
9.2025 0.000672887
9.205 -0.000100226
9.2075 -0.000629335
9.21 0.000924776
9.2125 -0.000546396
9.215 -0.000219984
9.2175 0.000882395
9.22 -0.000993113
9.2225 0.00039433
9.225 0.00058964
9.2275 -0.00120699
9.23 0.000890414
9.2325 0.000139024
9.235 -0.00103212
9.2375 0.00107789
9.24 -0.000327406
9.2425 -0.000566218
9.245 0.00092649
9.2475 -0.000608454
9.25 -3.58224e-05
9.2525 0.000511834
9.255 -0.00060436
9.2575 0.000357946
9.26 2.67529e-05
9.2625 -0.000363616
9.265 0.000482126
9.2675 -0.000335502
9.27 -9.30274e-06
9.2725 0.000347565
9.275 -0.000481574
9.2775 0.000306573
9.28 7.23574e-05
9.2825 -0.000425246
9.285 0.000498677
9.2875 -0.000201067
9.29 -0.000287784
9.2925 0.000560624
9.295 -0.000343857
9.2975 -0.000187081
9.3 0.00051459
9.3025 -0.000324691
9.305 -0.00015623
9.3075 0.0004071
9.31 -0.000206668
9.3125 -0.000157065
9.315 0.000274878
9.3175 -9.17668e-05
9.32 -0.000122847
9.3225 0.000152593
9.325 -4.11873e-05
9.3275 -4.41828e-05
9.33 3.58597e-05
9.3325 -1.80946e-05
9.335 7.13677e-05
9.3375 -0.00011388
9.34 9.4991e-06
9.3425 0.000194937
9.345 -0.000268802
9.3475 7.43823e-05
9.35 0.000250728
9.3525 -0.000404304
9.355 0.000199122
9.3575 0.000228664
9.36 -0.000494414
9.3625 0.000324225
9.365 0.000147631
9.3675 -0.000487501
9.37 0.000390537
9.3725 2.1537e-05
9.375 -0.000365529
9.3775 0.000389924
9.38 -0.000138032
9.3825 -0.00018463
9.385 0.000361271
9.3875 -0.00027031
9.39 -2.40033e-05
9.3925 0.000301797
9.395 -0.000340666
9.3975 9.52541e-05
9.4 0.000236975
9.4025 -0.000358632
9.405 0.000148426
9.4075 0.000193915
9.41 -0.000328967
9.4125 0.000132275
9.415 0.000171617
9.4175 -0.000271389
9.42 8.85466e-05
9.4225 0.000173997
9.425 -0.000248052
9.4275 5.03066e-05
9.43 0.000230228
9.4325 -0.000293047
9.435 2.6932e-05
9.4375 0.000325116
9.44 -0.00038707
9.4425 5.12402e-05
9.445 0.000378316
9.4475 -0.000493207
9.45 0.000180437
9.4525 0.000298317
9.455 -0.000579685
9.4575 0.000445622
9.46 6.05555e-05
9.4625 -0.000626193
9.465 0.000768897
9.4675 -0.000250017
9.47 -0.000573355
9.4725 0.000955922
9.475 -0.000527402
9.4775 -0.000329267
9.48 0.000867196
9.4825 -0.000711514
9.485 7.27746e-05
9.4875 0.000527288
9.49 -0.000716212
9.4925 0.000445455
9.495 4.2648e-05
9.4975 -0.000465819
9.5 0.000612346
9.5025 -0.000427464
9.505 -1.99405e-05
9.5075 0.000483039
9.51 -0.000685065
9.5125 0.000459946
9.515 7.81537e-05
9.5175 -0.000618792
9.52 0.000790323
9.5225 -0.000438734
9.525 -0.000260788
9.5275 0.000835105
9.53 -0.000850423
9.5325 0.000225686
9.535 0.000600836
9.5375 -0.000981789
9.54 0.000596334
9.5425 0.000213309
9.545 -0.000766572
9.5475 0.000678051
9.55 -0.000156291
9.5525 -0.00031007
9.555 0.000454877
9.5575 -0.000355432
9.56 0.000176759
9.5625 6.06885e-05
9.565 -0.00033527
9.5675 0.000481342
9.57 -0.000297028
9.5725 -0.000143554
9.575 0.000511003
9.5775 -0.000484178
9.58 8.08085e-05
9.5825 0.000361081
9.585 -0.00045685
9.5875 0.000174157
9.59 0.000178455
9.5925 -0.00027708
9.595 0.000109624
9.5975 9.70345e-05
9.6 -0.00011341
9.6025 -4.74839e-05
9.605 0.000173037
9.6075 -7.82993e-05
9.61 -0.000172316
9.6125 0.000323502
9.615 -0.000182998
9.6175 -0.000150754
9.62 0.000391557
9.6225 -0.000348143
9.625 6.2976e-05
9.6275 0.000282696
9.63 -0.000478616
9.6325 0.000368402
9.635 3.64298e-05
9.6375 -0.000473366
9.64 0.000587751
9.6425 -0.000245832
9.645 -0.000305303
9.6475 0.000621368
9.65 -0.000441812
9.6525 -7.49433e-05
9.655 0.000483258
9.6575 -0.00045704
9.66 8.09052e-05
9.6625 0.000269269
9.665 -0.000312834
9.6675 9.38188e-05
9.67 0.000126801
9.6725 -0.000143426
9.675 -2.35326e-05
9.6775 0.000162133
9.68 -7.97067e-05
9.6825 -0.000177811
9.685 0.000337281
9.6875 -0.000175858
9.69 -0.000217159
9.6925 0.000501017
9.695 -0.000403699
9.6975 -3.5077e-05
9.7 0.00050646
9.7025 -0.000661024
9.705 0.000337028
9.7075 0.000306267
9.71 -0.000813484
9.7125 0.000723778
9.715 -1.7692e-05
9.7175 -0.000743798
9.72 0.000894641
9.7225 -0.000331536
9.725 -0.000409158
9.7275 0.000738577
9.73 -0.000533677
9.7325 6.9847e-05
9.735 0.000343564
9.7375 -0.000535613
9.74 0.000449164
9.7425 -0.00012276
9.745 -0.000288407
9.7475 0.000559027
9.75 -0.000506897
9.7525 0.000120428
9.755 0.00038571
9.7575 -0.000672536
9.76 0.000515991
9.7625 1.28406e-05
9.765 -0.00057016
9.7675 0.000759608
9.77 -0.000405082
9.7725 -0.000275079
9.775 0.000781358
9.7775 -0.000702158
9.78 7.9162e-05
9.7825 0.000599276
9.785 -0.000783377
9.7875 0.000348069
9.79 0.000304711
9.7925 -0.000625155
9.795 0.000437251
9.7975 -1.05932e-05
9.8 -0.000287018
9.8025 0.000348255
9.805 -0.000265081
9.8075 0.000108127
9.81 0.000140156
9.8125 -0.000397657
9.815 0.000440395
9.8175 -0.000106961
9.82 -0.000393304
9.8225 0.000617352
9.825 -0.000320458
9.8275 -0.000254357
9.83 0.000624485
9.8325 -0.000473083
9.835 -5.69711e-05
9.8375 0.000512637
9.84 -0.000515336
9.8425 0.000113353
9.845 0.000323836
9.8475 -0.000445279
9.85 0.000215012
9.8525 0.000132129
9.855 -0.00031036
9.8575 0.000224851
9.86 4.50697e-06
9.8625 -0.000168818
9.865 0.000161944
9.8675 -3.84353e-05
9.87 -7.32131e-05
9.8725 9.49518e-05
9.875 -3.10113e-05
9.8775 -6.84785e-05
9.88 0.00010918
9.8825 -1.47304e-05
9.885 -0.000164809
9.8875 0.000221652
9.89 -2.38846e-05
9.8925 -0.000287244
9.895 0.000379939
9.8975 -0.000104764
9.9 -0.000330813
9.9025 0.000522436
9.905 -0.000266285
9.9075 -0.000252279
9.91 0.000587723
9.9125 -0.00044201
9.915 -7.38801e-05
9.9175 0.000524559
9.92 -0.000549954
9.9225 0.000147314
9.925 0.000348305
9.9275 -0.000555553
9.93 0.000325031
9.9325 0.000143495
9.935 -0.000465465
9.9375 0.000389312
9.94 -1.43111e-05
9.9425 -0.000322519
9.945 0.000356316
9.9475 -0.00010118
9.95 -0.000206386
9.9525 0.000310897
9.955 -0.000129604
9.9575 -0.000179512
9.96 0.000323
9.9625 -0.000133339
9.965 -0.000229766
9.9675 0.000389262
9.97 -0.000144098
9.9725 -0.000272196
9.975 0.000425258
9.9775 -0.000171085
9.98 -0.000198939
9.9825 0.000335161
9.985 -0.000205862
9.9875 1.59216e-05
9.99 0.000111591
9.9925 -0.000199744
9.995 0.000245329
9.9975 -0.000167236
10 -5.81917e-05
